Archive member included to satisfy reference by file (symbol)

/home/pepsiman/n64//mips64-elf/lib/libdragon.a(entrypoint.o)
                              (_start)
/home/pepsiman/n64//mips64-elf/lib/libdragon.a(debug.o)
                              /home/pepsiman/n64//mips64-elf/lib/libdragon.a(entrypoint.o) (debug_assert_func)
/home/pepsiman/n64//mips64-elf/lib/libdragon.a(usb.o)
                              /home/pepsiman/n64//mips64-elf/lib/libdragon.a(debug.o) (usb_initialize)
/home/pepsiman/n64//mips64-elf/lib/libdragon.a(ff.o)
                              /home/pepsiman/n64//mips64-elf/lib/libdragon.a(debug.o) (f_mount)
/home/pepsiman/n64//mips64-elf/lib/libdragon.a(ffunicode.o)
                              /home/pepsiman/n64//mips64-elf/lib/libdragon.a(ff.o) (ff_uni2oem)
/home/pepsiman/n64//mips64-elf/lib/libdragon.a(console.o)
                              /home/pepsiman/n64//mips64-elf/lib/libdragon.a(debug.o) (console_set_render_mode)
/home/pepsiman/n64//mips64-elf/lib/libdragon.a(graphics.o)
                              /home/pepsiman/n64//mips64-elf/lib/libdragon.a(console.o) (graphics_set_color)
/home/pepsiman/n64//mips64-elf/lib/libdragon.a(sprite.o)
                              /home/pepsiman/n64//mips64-elf/lib/libdragon.a(graphics.o) (__sprite_upgrade)
/home/pepsiman/n64//mips64-elf/lib/libdragon.a(dma.o)
                              /home/pepsiman/n64//mips64-elf/lib/libdragon.a(debug.o) (dma_write_raw_async)
/home/pepsiman/n64//mips64-elf/lib/libdragon.a(do_ctors.o)
                              /home/pepsiman/n64//mips64-elf/lib/libdragon.a(entrypoint.o) (__wrap___do_global_ctors)
/home/pepsiman/n64//mips64-elf/lib/libdragon.a(n64sys.o)
                              /home/pepsiman/n64//mips64-elf/lib/libdragon.a(debug.o) (sys_bbplayer)
/home/pepsiman/n64//mips64-elf/lib/libdragon.a(interrupt.o)
                              /home/pepsiman/n64//mips64-elf/lib/libdragon.a(usb.o) (disable_interrupts)
/home/pepsiman/n64//mips64-elf/lib/libdragon.a(inthandler.o)
                              /home/pepsiman/n64//mips64-elf/lib/libdragon.a(entrypoint.o) (inthandler)
/home/pepsiman/n64//mips64-elf/lib/libdragon.a(display.o)
                              /home/pepsiman/n64//mips64-elf/lib/libdragon.a(console.o) (display_init)
/home/pepsiman/n64//mips64-elf/lib/libdragon.a(surface.o)
                              /home/pepsiman/n64//mips64-elf/lib/libdragon.a(display.o) (surface_alloc)
/home/pepsiman/n64//mips64-elf/lib/libdragon.a(exception.o)
                              /home/pepsiman/n64//mips64-elf/lib/libdragon.a(inthandler.o) (__onCriticalException)
/home/pepsiman/n64//mips64-elf/lib/libdragonsys.a(system.o)
                              /home/pepsiman/n64//mips64-elf/lib/libdragon.a(debug.o) (attach_filesystem)
/home/pepsiman/n64/lib/gcc/mips64-elf/12.2.0/../../../../mips64-elf/lib/libdragon.a(dragonfs.o)
                              build/source/main.o (dfs_init)
/home/pepsiman/n64/lib/gcc/mips64-elf/12.2.0/../../../../mips64-elf/lib/libdragon.a(audio.o)
                              build/source/main.o (audio_init)
/home/pepsiman/n64/lib/gcc/mips64-elf/12.2.0/../../../../mips64-elf/lib/libdragon.a(controller.o)
                              build/source/main.o (controller_init)
/home/pepsiman/n64/lib/gcc/mips64-elf/12.2.0/../../../../mips64-elf/lib/libdragon.a(rdp.o)
                              build/source/main.o (rdp_init)
/home/pepsiman/n64/lib/gcc/mips64-elf/12.2.0/../../../../mips64-elf/lib/libdragon.a(mixer.o)
                              build/source/main.o (mixer_init)
/home/pepsiman/n64/lib/gcc/mips64-elf/12.2.0/../../../../mips64-elf/lib/libdragon.a(samplebuffer.o)
                              /home/pepsiman/n64/lib/gcc/mips64-elf/12.2.0/../../../../mips64-elf/lib/libdragon.a(mixer.o) (samplebuffer_init)
/home/pepsiman/n64/lib/gcc/mips64-elf/12.2.0/../../../../mips64-elf/lib/libdragon.a(rsp_mixer.o)
                              /home/pepsiman/n64/lib/gcc/mips64-elf/12.2.0/../../../../mips64-elf/lib/libdragon.a(mixer.o) (rsp_mixer_data_start)
/home/pepsiman/n64/lib/gcc/mips64-elf/12.2.0/../../../../mips64-elf/lib/libdragon.a(rspq.o)
                              /home/pepsiman/n64/lib/gcc/mips64-elf/12.2.0/../../../../mips64-elf/lib/libdragon.a(mixer.o) (rspq_cur_pointer)
/home/pepsiman/n64/lib/gcc/mips64-elf/12.2.0/../../../../mips64-elf/lib/libdragon.a(rsp_queue.o)
                              /home/pepsiman/n64/lib/gcc/mips64-elf/12.2.0/../../../../mips64-elf/lib/libdragon.a(rspq.o) (rsp_queue_text_end)
/home/pepsiman/n64/lib/gcc/mips64-elf/12.2.0/../../../../mips64-elf/lib/libdragon.a(rdpq.o)
                              /home/pepsiman/n64/lib/gcc/mips64-elf/12.2.0/../../../../mips64-elf/lib/libdragon.a(rdp.o) (rdpq_init)
/home/pepsiman/n64/lib/gcc/mips64-elf/12.2.0/../../../../mips64-elf/lib/libdragon.a(rsp_rdpq.o)
                              /home/pepsiman/n64/lib/gcc/mips64-elf/12.2.0/../../../../mips64-elf/lib/libdragon.a(rdpq.o) (rsp_rdpq_data_end)
[...]
Memory Configuration

Name             Origin             Length             Attributes
mem              0x0000000080000000 0x0000000000400000
*default*        0x0000000000000000 0xffffffffffffffff

Linker script and memory map

LOAD /home/pepsiman/n64/lib/gcc/mips64-elf/12.2.0/crti.o
LOAD /home/pepsiman/n64/lib/gcc/mips64-elf/12.2.0/crtbegin.o
LOAD /home/pepsiman/n64//mips64-elf/lib/libdragon.a
LOAD /home/pepsiman/n64//mips64-elf/lib/libdragonsys.a
LOAD build/source/main.o
LOAD build/source/render.o
LOAD /home/pepsiman/n64/lib/gcc/mips64-elf/12.2.0/../../../../mips64-elf/lib/libdragon.a
LOAD /home/pepsiman/n64/lib/gcc/mips64-elf/12.2.0/../../../../mips64-elf/lib/libm.a
LOAD /home/pepsiman/n64/lib/gcc/mips64-elf/12.2.0/../../../../mips64-elf/lib/libdragonsys.a
                0x0000000080000000                __kseg0_start = 0x80000000
                0x0000000080000400                __libdragon_text_start = (__kseg0_start + 0x400)

.text           0x0000000080000400    0x1e050
 *(.boot)
 .boot          0x0000000080000400      0x19c /home/pepsiman/n64//mips64-elf/lib/libdragon.a(entrypoint.o)
                0x0000000080000400                _start
                0x00000000800005a0                . = ALIGN (0x10)
 *fill*         0x000000008000059c        0x4 
                0x00000000800005a0                __text_start = .
 *(.text)
 .text          0x00000000800005a0      0x340 /home/pepsiman/n64//mips64-elf/lib/libdragon.a(inthandler.o)
                0x00000000800005a0                inthandler
 .text          0x00000000800008e0       0x18 /home/pepsiman/n64/lib/gcc/mips64-elf/12.2.0/../../../../mips64-elf/lib/libc.a(lib_a-abort.o)
                0x00000000800008e0                abort
 .text          0x00000000800008f8      0x150 /home/pepsiman/n64/lib/gcc/mips64-elf/12.2.0/../../../../mips64-elf/lib/libc.a(lib_a-fclose.o)
                0x00000000800008f8                _fclose_r
                0x0000000080000a38                fclose
 .text          0x0000000080000a48      0x350 /home/pepsiman/n64/lib/gcc/mips64-elf/12.2.0/../../../../mips64-elf/lib/libc.a(lib_a-fflush.o)
                0x0000000080000a48                __sflush_r
                0x0000000080000ca8                _fflush_r
                0x0000000080000d10                fflush
 .text          0x0000000080000d98      0x3c8 /home/pepsiman/n64/lib/gcc/mips64-elf/12.2.0/../../../../mips64-elf/lib/libc.a(lib_a-findfp.o)
                0x0000000080000da0                _cleanup_r
                0x0000000080000f38                __sfmoreglue
                0x0000000080000fb0                __sfp
                0x00000000800010f0                _cleanup
                0x0000000080001100                __sinit
                0x0000000080001120                __sfp_lock_acquire
                0x0000000080001128                __sfp_lock_release
                0x0000000080001130                __sinit_lock_acquire
                0x0000000080001138                __sinit_lock_release
                0x0000000080001140                __fp_lock_all
                0x0000000080001150                __fp_unlock_all
 .text          0x0000000080001160      0x138 /home/pepsiman/n64/lib/gcc/mips64-elf/12.2.0/../../../../mips64-elf/lib/libc.a(lib_a-fopen.o)
                0x0000000080001160                _fopen_r
                0x0000000080001280                fopen
 .text          0x0000000080001298       0x68 /home/pepsiman/n64/lib/gcc/mips64-elf/12.2.0/../../../../mips64-elf/lib/libc.a(lib_a-fprintf.o)
                0x0000000080001298                _fprintf_r
                0x00000000800012c0                fprintf
 .text          0x0000000080001300       0xd0 /home/pepsiman/n64/lib/gcc/mips64-elf/12.2.0/../../../../mips64-elf/lib/libc.a(lib_a-fputc.o)
                0x0000000080001300                _fputc_r
                0x0000000080001360                fputc
 .text          0x00000000800013d0       0xc0 /home/pepsiman/n64/lib/gcc/mips64-elf/12.2.0/../../../../mips64-elf/lib/libc.a(lib_a-fputs.o)
                0x00000000800013d0                _fputs_r
                0x0000000080001478                fputs
 .text          0x0000000080001490      0x340 /home/pepsiman/n64/lib/gcc/mips64-elf/12.2.0/../../../../mips64-elf/lib/libc.a(lib_a-fread.o)
                0x0000000080001490                _fread_r
                0x00000000800017a0                fread
 .text          0x00000000800017d0      0x480 /home/pepsiman/n64/lib/gcc/mips64-elf/12.2.0/../../../../mips64-elf/lib/libc.a(lib_a-freer.o)
                0x00000000800017d0                _malloc_trim_r
                0x0000000080001910                _free_r
 .text          0x0000000080001c50       0x20 /home/pepsiman/n64/lib/gcc/mips64-elf/12.2.0/../../../../mips64-elf/lib/libc.a(lib_a-fseek.o)
                0x0000000080001c50                _fseek_r
                0x0000000080001c58                fseek
 .text          0x0000000080001c70      0x4c8 /home/pepsiman/n64/lib/gcc/mips64-elf/12.2.0/../../../../mips64-elf/lib/libc.a(lib_a-fseeko.o)
                0x0000000080001c70                _fseeko_r
                0x0000000080002120                fseeko
 .text          0x0000000080002138       0x58 /home/pepsiman/n64/lib/gcc/mips64-elf/12.2.0/../../../../mips64-elf/lib/libc.a(lib_a-fstatr.o)
                0x0000000080002138                _fstat_r
 .text          0x0000000080002190       0x18 /home/pepsiman/n64/lib/gcc/mips64-elf/12.2.0/../../../../mips64-elf/lib/libc.a(lib_a-ftell.o)
                0x0000000080002190                _ftell_r
                0x0000000080002198                ftell
 .text          0x00000000800021a8      0x140 /home/pepsiman/n64/lib/gcc/mips64-elf/12.2.0/../../../../mips64-elf/lib/libc.a(lib_a-ftello.o)
                0x00000000800021a8                _ftello_r
                0x00000000800022d8                ftello
 .text          0x00000000800022e8      0x570 /home/pepsiman/n64/lib/gcc/mips64-elf/12.2.0/../../../../mips64-elf/lib/libc.a(lib_a-fvwrite.o)
                0x00000000800022e8                __sfvwrite_r
 .text          0x0000000080002858      0x170 /home/pepsiman/n64/lib/gcc/mips64-elf/12.2.0/../../../../mips64-elf/lib/libc.a(lib_a-fwalk.o)
                0x0000000080002858                _fwalk
                0x0000000080002908                _fwalk_reent
 .text          0x00000000800029c8      0x1f8 /home/pepsiman/n64/lib/gcc/mips64-elf/12.2.0/../../../../mips64-elf/lib/libc.a(lib_a-fwrite.o)
                0x00000000800029c8                _fwrite_r
                0x0000000080002ad0                fwrite
 .text          0x0000000080002bc0      0x268 /home/pepsiman/n64/lib/gcc/mips64-elf/12.2.0/../../../../mips64-elf/lib/libc.a(lib_a-makebuf.o)
                0x0000000080002bc0                __smakebuf_r
                0x0000000080002d78                __swhatbuf_r
 .text          0x0000000080002e28       0x18 /home/pepsiman/n64/lib/gcc/mips64-elf/12.2.0/../../../../mips64-elf/lib/libc.a(lib_a-malign.o)
                0x0000000080002e28                memalign
 .text          0x0000000080002e40      0x1f8 /home/pepsiman/n64/lib/gcc/mips64-elf/12.2.0/../../../../mips64-elf/lib/libc.a(lib_a-malignr.o)
                0x0000000080002e40                _memalign_r
 .text          0x0000000080003038       0x20 /home/pepsiman/n64/lib/gcc/mips64-elf/12.2.0/../../../../mips64-elf/lib/libc.a(lib_a-malloc.o)
                0x0000000080003038                malloc
                0x0000000080003048                free
 .text          0x0000000080003058      0x880 /home/pepsiman/n64/lib/gcc/mips64-elf/12.2.0/../../../../mips64-elf/lib/libc.a(lib_a-mallocr.o)
                0x0000000080003058                _malloc_r
 .text          0x00000000800038d8       0xf0 /home/pepsiman/n64/lib/gcc/mips64-elf/12.2.0/../../../../mips64-elf/lib/libc.a(lib_a-memchr.o)
                0x00000000800038d8                memchr
 .text          0x00000000800039c8       0x80 /home/pepsiman/n64/lib/gcc/mips64-elf/12.2.0/../../../../mips64-elf/lib/libc.a(lib_a-memcmp.o)
                0x00000000800039c8                memcmp
 .text          0x0000000080003a48      0x110 /home/pepsiman/n64/lib/gcc/mips64-elf/12.2.0/../../../../mips64-elf/lib/libc.a(lib_a-memcpy.o)
                0x0000000080003a48                memcpy
 .text          0x0000000080003b58      0x150 /home/pepsiman/n64/lib/gcc/mips64-elf/12.2.0/../../../../mips64-elf/lib/libc.a(lib_a-memmove.o)
                0x0000000080003b58                memmove
 .text          0x0000000080003ca8      0x108 /home/pepsiman/n64/lib/gcc/mips64-elf/12.2.0/../../../../mips64-elf/lib/libc.a(lib_a-memset.o)
                0x0000000080003ca8                memset
 .text          0x0000000080003db0       0x10 /home/pepsiman/n64/lib/gcc/mips64-elf/12.2.0/../../../../mips64-elf/lib/libc.a(lib_a-mlock.o)
                0x0000000080003db0                __malloc_lock
                0x0000000080003db8                __malloc_unlock
 .text          0x0000000080003dc0       0x60 /home/pepsiman/n64/lib/gcc/mips64-elf/12.2.0/../../../../mips64-elf/lib/libc.a(lib_a-openr.o)
                0x0000000080003dc0                _open_r
 .text          0x0000000080003e20       0x70 /home/pepsiman/n64/lib/gcc/mips64-elf/12.2.0/../../../../mips64-elf/lib/libc.a(lib_a-printf.o)
                0x0000000080003e20                _printf_r
                0x0000000080003e50                printf
 .text          0x0000000080003e90      0x160 /home/pepsiman/n64/lib/gcc/mips64-elf/12.2.0/../../../../mips64-elf/lib/libc.a(lib_a-putc.o)
                0x0000000080003e90                _putc_r
                0x0000000080003f38                putc
 .text          0x0000000080003ff0       0x20 /home/pepsiman/n64/lib/gcc/mips64-elf/12.2.0/../../../../mips64-elf/lib/libc.a(lib_a-putchar.o)
                0x0000000080003ff0                _putchar_r
                0x0000000080003ff8                putchar
 .text          0x0000000080004010       0xe0 /home/pepsiman/n64/lib/gcc/mips64-elf/12.2.0/../../../../mips64-elf/lib/libc.a(lib_a-puts.o)
                0x0000000080004010                _puts_r
                0x00000000800040e0                puts
 .text          0x00000000800040f0      0x5d0 /home/pepsiman/n64/lib/gcc/mips64-elf/12.2.0/../../../../mips64-elf/lib/libc.a(lib_a-reallocr.o)
                0x00000000800040f0                _realloc_r
 .text          0x00000000800046c0      0x218 /home/pepsiman/n64/lib/gcc/mips64-elf/12.2.0/../../../../mips64-elf/lib/libc.a(lib_a-refill.o)
                0x00000000800046e8                __srefill_r
 .text          0x00000000800048d8       0x50 /home/pepsiman/n64/lib/gcc/mips64-elf/12.2.0/../../../../mips64-elf/lib/libc.a(lib_a-sbrkr.o)
                0x00000000800048d8                _sbrk_r
 .text          0x0000000080004928      0x570 /home/pepsiman/n64/lib/gcc/mips64-elf/12.2.0/../../../../mips64-elf/lib/libc.a(lib_a-signal.o)
                0x0000000080004928                _init_signal_r
                0x0000000080004990                _signal_r
                0x0000000080004a30                _raise_r
                0x0000000080004ae8                __sigtramp_r
                0x0000000080004bd8                raise
                0x0000000080004ca0                signal
                0x0000000080004d40                _init_signal
                0x0000000080004db0                __sigtramp
 .text          0x0000000080004e98       0x60 /home/pepsiman/n64/lib/gcc/mips64-elf/12.2.0/../../../../mips64-elf/lib/libc.a(lib_a-signalr.o)
                0x0000000080004e98                _kill_r
                0x0000000080004ef0                _getpid_r
 .text          0x0000000080004ef8      0x1c8 /home/pepsiman/n64/lib/gcc/mips64-elf/12.2.0/../../../../mips64-elf/lib/libc.a(lib_a-snprintf.o)
                0x0000000080004ef8                _snprintf_r
                0x0000000080004fd8                snprintf
 .text          0x00000000800050c0      0x190 /home/pepsiman/n64/lib/gcc/mips64-elf/12.2.0/../../../../mips64-elf/lib/libc.a(lib_a-stdio.o)
                0x00000000800050c0                __sread
                0x0000000080005118                __seofread
                0x0000000080005120                __swrite
                0x00000000800051e0                __sseek
                0x0000000080005248                __sclose
 .text          0x0000000080005250       0xb8 /home/pepsiman/n64/lib/gcc/mips64-elf/12.2.0/../../../../mips64-elf/lib/libc.a(lib_a-strcmp.o)
                0x0000000080005250                strcmp
 .text          0x0000000080005308       0xa8 /home/pepsiman/n64/lib/gcc/mips64-elf/12.2.0/../../../../mips64-elf/lib/libc.a(lib_a-strcpy.o)
                0x0000000080005308                strcpy
 .text          0x00000000800053b0       0xb0 /home/pepsiman/n64/lib/gcc/mips64-elf/12.2.0/../../../../mips64-elf/lib/libc.a(lib_a-strlen.o)
                0x00000000800053b0                strlen
 .text          0x0000000080005460     0x2030 /home/pepsiman/n64/lib/gcc/mips64-elf/12.2.0/../../../../mips64-elf/lib/libc.a(lib_a-svfprintf.o)
                0x0000000080005460                _svfprintf_r
 .text          0x0000000080007490     0x22a0 /home/pepsiman/n64/lib/gcc/mips64-elf/12.2.0/../../../../mips64-elf/lib/libc.a(lib_a-vfprintf.o)
                0x0000000080007490                _vfprintf_r
                0x0000000080009648                vfprintf
 .text          0x0000000080009730       0x30 /home/pepsiman/n64/lib/gcc/mips64-elf/12.2.0/../../../../mips64-elf/lib/libc.a(lib_a-vprintf.o)
                0x0000000080009730                vprintf
                0x0000000080009748                _vprintf_r
 .text          0x0000000080009760       0xb8 /home/pepsiman/n64/lib/gcc/mips64-elf/12.2.0/../../../../mips64-elf/lib/libc.a(lib_a-vsprintf.o)
                0x0000000080009760                vsprintf
                0x00000000800097c0                _vsprintf_r
 .text          0x0000000080009818      0x1b8 /home/pepsiman/n64/lib/gcc/mips64-elf/12.2.0/../../../../mips64-elf/lib/libc.a(lib_a-wbuf.o)
                0x0000000080009818                __swbuf_r
                0x00000000800099b8                __swbuf
 .text          0x00000000800099d0       0x60 /home/pepsiman/n64/lib/gcc/mips64-elf/12.2.0/../../../../mips64-elf/lib/libc.a(lib_a-writer.o)
                0x00000000800099d0                _write_r
 .text          0x0000000080009a30      0x180 /home/pepsiman/n64/lib/gcc/mips64-elf/12.2.0/../../../../mips64-elf/lib/libc.a(lib_a-wsetup.o)
                0x0000000080009a30                __swsetup_r
 .text          0x0000000080009bb0       0x50 /home/pepsiman/n64/lib/gcc/mips64-elf/12.2.0/../../../../mips64-elf/lib/libc.a(lib_a-closer.o)
                0x0000000080009bb0                _close_r
 .text          0x0000000080009c00     0x16a8 /home/pepsiman/n64/lib/gcc/mips64-elf/12.2.0/../../../../mips64-elf/lib/libc.a(lib_a-dtoa.o)
                0x0000000080009e50                _dtoa_r
 .text          0x000000008000b2a8       0xc8 /home/pepsiman/n64/lib/gcc/mips64-elf/12.2.0/../../../../mips64-elf/lib/libc.a(lib_a-flags.o)
                0x000000008000b2a8                __sflags
 .text          0x000000008000b370       0x50 /home/pepsiman/n64/lib/gcc/mips64-elf/12.2.0/../../../../mips64-elf/lib/libc.a(lib_a-isattyr.o)
                0x000000008000b370                _isatty_r
 .text          0x000000008000b3c0       0x28 /home/pepsiman/n64/lib/gcc/mips64-elf/12.2.0/../../../../mips64-elf/lib/libc.a(lib_a-localeconv.o)
                0x000000008000b3c0                __localeconv_l
                0x000000008000b3c8                _localeconv_r
                0x000000008000b3d8                localeconv
 .text          0x000000008000b3e8       0x60 /home/pepsiman/n64/lib/gcc/mips64-elf/12.2.0/../../../../mips64-elf/lib/libc.a(lib_a-lseekr.o)
                0x000000008000b3e8                _lseek_r
 .text          0x000000008000b448     0x1428 /home/pepsiman/n64/lib/gcc/mips64-elf/12.2.0/../../../../mips64-elf/lib/libc.a(lib_a-mprec.o)
                0x000000008000b448                _Balloc
                0x000000008000b4f8                _Bfree
                0x000000008000b528                __multadd
                0x000000008000b688                __s2b
                0x000000008000b808                __hi0bits
                0x000000008000b890                __lo0bits
                0x000000008000b958                __i2b
                0x000000008000ba30                __multiply
                0x000000008000bcc0                __pow5mult
                0x000000008000be28                __lshift
                0x000000008000bfe0                __mcmp
                0x000000008000c048                __mdiff
                0x000000008000c2c0                __ulp
                0x000000008000c370                __b2d
                0x000000008000c508                __d2b
                0x000000008000c668                __ratio
                0x000000008000c728                _mprec_log10
                0x000000008000c768                __copybits
                0x000000008000c7f0                __any_on
 .text          0x000000008000c870       0x60 /home/pepsiman/n64/lib/gcc/mips64-elf/12.2.0/../../../../mips64-elf/lib/libc.a(lib_a-readr.o)
                0x000000008000c870                _read_r
 .text          0x000000008000c8d0     0x1188 /home/pepsiman/n64/lib/gcc/mips64-elf/12.2.0/../../../../mips64-elf/lib/libc.a(lib_a-svfiprintf.o)
                0x000000008000c8d0                __ssprint_r
                0x000000008000cb18                _svfiprintf_r
 .text          0x000000008000da58     0x1418 /home/pepsiman/n64/lib/gcc/mips64-elf/12.2.0/../../../../mips64-elf/lib/libc.a(lib_a-vfiprintf.o)
                0x000000008000db90                __sprint_r
                0x000000008000dbb0                _vfiprintf_r
                0x000000008000ed88                vfiprintf
 .text          0x000000008000ee70      0x120 /home/pepsiman/n64/lib/gcc/mips64-elf/12.2.0/../../../../mips64-elf/lib/libc.a(lib_a-callocr.o)
                0x000000008000ee70                _calloc_r
 .text          0x000000008000ef90        0x8 /home/pepsiman/n64/lib/gcc/mips64-elf/12.2.0/../../../../mips64-elf/lib/libc.a(lib_a-errno.o)
                0x000000008000ef90                __errno
 .text          0x000000008000ef98      0x1b8 /home/pepsiman/n64/lib/gcc/mips64-elf/12.2.0/../../../../mips64-elf/lib/libc.a(lib_a-fputwc.o)
                0x000000008000ef98                __fputwc
                0x000000008000f0b0                _fputwc_r
                0x000000008000f0d8                fputwc
 .text          0x000000008000f150      0x120 /home/pepsiman/n64/lib/gcc/mips64-elf/12.2.0/../../../../mips64-elf/lib/libc.a(lib_a-locale.o)
                0x000000008000f150                _setlocale_r
                0x000000008000f1d8                __locale_mb_cur_max
                0x000000008000f1e8                setlocale
 .text          0x000000008000f270       0x70 /home/pepsiman/n64/lib/gcc/mips64-elf/12.2.0/../../../../mips64-elf/lib/libc.a(lib_a-mbtowc_r.o)
                0x000000008000f270                _mbtowc_r
                0x000000008000f280                __ascii_mbtowc
 .text          0x000000008000f2e0      0x118 /home/pepsiman/n64/lib/gcc/mips64-elf/12.2.0/../../../../mips64-elf/lib/libc.a(lib_a-wcrtomb.o)
                0x000000008000f2e0                _wcrtomb_r
                0x000000008000f360                wcrtomb
 .text          0x000000008000f3f8       0x48 /home/pepsiman/n64/lib/gcc/mips64-elf/12.2.0/../../../../mips64-elf/lib/libc.a(lib_a-wctomb_r.o)
                0x000000008000f3f8                _wctomb_r
                0x000000008000f408                __ascii_wctomb
 *(.text.*)
 .text.debug_assert_func_f
                0x000000008000f440      0x180 /home/pepsiman/n64//mips64-elf/lib/libdragon.a(debug.o)
                0x000000008000f440                debug_assert_func_f
 .text.debug_assert_func
                0x000000008000f5c0       0x20 /home/pepsiman/n64//mips64-elf/lib/libdragon.a(debug.o)
                0x000000008000f5c0                debug_assert_func
 .text.debug_hexdump
                0x000000008000f5e0      0x280 /home/pepsiman/n64//mips64-elf/lib/libdragon.a(debug.o)
                0x000000008000f5e0                debug_hexdump
 .text.__console_render.part.0
                0x000000008000f860      0x100 /home/pepsiman/n64//mips64-elf/lib/libdragon.a(console.o)
 .text.__console_write
                0x000000008000f960      0x300 /home/pepsiman/n64//mips64-elf/lib/libdragon.a(console.o)
 .text.console_set_render_mode
                0x000000008000fc60       0x20 /home/pepsiman/n64//mips64-elf/lib/libdragon.a(console.o)
                0x000000008000fc60                console_set_render_mode
 .text.console_init
                0x000000008000fc80       0xc0 /home/pepsiman/n64//mips64-elf/lib/libdragon.a(console.o)
                0x000000008000fc80                console_init
 .text.console_close
                0x000000008000fd40       0x60 /home/pepsiman/n64//mips64-elf/lib/libdragon.a(console.o)
                0x000000008000fd40                console_close
 .text.console_render
                0x000000008000fda0       0x40 /home/pepsiman/n64//mips64-elf/lib/libdragon.a(console.o)
                0x000000008000fda0                console_render
 .text.console_set_debug
                0x000000008000fde0       0x20 /home/pepsiman/n64//mips64-elf/lib/libdragon.a(console.o)
                0x000000008000fde0                console_set_debug
 .text.graphics_draw_character.part.0
                0x000000008000fe00      0x2c0 /home/pepsiman/n64//mips64-elf/lib/libdragon.a(graphics.o)
 .text.graphics_set_color
                0x00000000800100c0       0x20 /home/pepsiman/n64//mips64-elf/lib/libdragon.a(graphics.o)
                0x00000000800100c0                graphics_set_color
 .text.graphics_fill_screen
                0x00000000800100e0       0x80 /home/pepsiman/n64//mips64-elf/lib/libdragon.a(graphics.o)
                0x00000000800100e0                graphics_fill_screen
 .text.graphics_set_default_font
                0x0000000080010160       0x80 /home/pepsiman/n64//mips64-elf/lib/libdragon.a(graphics.o)
                0x0000000080010160                graphics_set_default_font
 .text.graphics_draw_character
                0x00000000800101e0       0x20 /home/pepsiman/n64//mips64-elf/lib/libdragon.a(graphics.o)
                0x00000000800101e0                graphics_draw_character
 .text.__sprite_ext
                0x0000000080010200       0x80 /home/pepsiman/n64//mips64-elf/lib/libdragon.a(sprite.o)
                0x0000000080010200                __sprite_ext
 .text.sprite_load
                0x0000000080010280      0x120 /home/pepsiman/n64//mips64-elf/lib/libdragon.a(sprite.o)
                0x0000000080010280                sprite_load
 .text.sprite_free
                0x00000000800103a0       0x40 /home/pepsiman/n64//mips64-elf/lib/libdragon.a(sprite.o)
                0x00000000800103a0                sprite_free
 .text.sprite_get_pixels
                0x00000000800103e0       0x60 /home/pepsiman/n64//mips64-elf/lib/libdragon.a(sprite.o)
                0x00000000800103e0                sprite_get_pixels
 .text.sprite_get_palette
                0x0000000080010440       0x60 /home/pepsiman/n64//mips64-elf/lib/libdragon.a(sprite.o)
                0x0000000080010440                sprite_get_palette
 .text.dma_read_raw_async
                0x00000000800104a0       0xa0 /home/pepsiman/n64//mips64-elf/lib/libdragon.a(dma.o)
                0x00000000800104a0                dma_read_raw_async
 .text.dma_read_async
                0x0000000080010540      0x3a0 /home/pepsiman/n64//mips64-elf/lib/libdragon.a(dma.o)
                0x0000000080010540                dma_read_async
 .text.dma_read
                0x00000000800108e0       0x40 /home/pepsiman/n64//mips64-elf/lib/libdragon.a(dma.o)
                0x00000000800108e0                dma_read
 .text.io_read  0x0000000080010920       0x60 /home/pepsiman/n64//mips64-elf/lib/libdragon.a(dma.o)
                0x0000000080010920                io_read
 .text.__wrap___do_global_ctors
                0x0000000080010980       0xc0 /home/pepsiman/n64//mips64-elf/lib/libdragon.a(do_ctors.o)
                0x0000000080010980                __wrap___do_global_ctors
 .text.sys_bbplayer
                0x0000000080010a40       0x20 /home/pepsiman/n64//mips64-elf/lib/libdragon.a(n64sys.o)
                0x0000000080010a40                sys_bbplayer
 .text.data_cache_hit_writeback
                0x0000000080010a60       0x60 /home/pepsiman/n64//mips64-elf/lib/libdragon.a(n64sys.o)
                0x0000000080010a60                data_cache_hit_writeback
 .text.__data_cache_hit_invalidate
                0x0000000080010ac0       0x60 /home/pepsiman/n64//mips64-elf/lib/libdragon.a(n64sys.o)
                0x0000000080010ac0                __data_cache_hit_invalidate
 .text.data_cache_hit_writeback_invalidate
                0x0000000080010b20       0x60 /home/pepsiman/n64//mips64-elf/lib/libdragon.a(n64sys.o)
                0x0000000080010b20                data_cache_hit_writeback_invalidate
 .text.malloc_uncached_aligned
                0x0000000080010b80       0xc0 /home/pepsiman/n64//mips64-elf/lib/libdragon.a(n64sys.o)
                0x0000000080010b80                malloc_uncached_aligned
 .text.malloc_uncached
                0x0000000080010c40       0x20 /home/pepsiman/n64//mips64-elf/lib/libdragon.a(n64sys.o)
                0x0000000080010c40                malloc_uncached
 .text.free_uncached
                0x0000000080010c60       0x20 /home/pepsiman/n64//mips64-elf/lib/libdragon.a(n64sys.o)
                0x0000000080010c60                free_uncached
 .text.get_memory_size
                0x0000000080010c80       0x60 /home/pepsiman/n64//mips64-elf/lib/libdragon.a(n64sys.o)
                0x0000000080010c80                get_memory_size
 .text.get_tv_type
                0x0000000080010ce0       0x20 /home/pepsiman/n64//mips64-elf/lib/libdragon.a(n64sys.o)
                0x0000000080010ce0                get_tv_type
 .text.startup.__init_cop1
                0x0000000080010d00       0x40 /home/pepsiman/n64//mips64-elf/lib/libdragon.a(n64sys.o)
                0x0000000080010d00                __init_cop1
 .text.__MI_handler
                0x0000000080010d40      0x220 /home/pepsiman/n64//mips64-elf/lib/libdragon.a(interrupt.o)
                0x0000000080010d40                __MI_handler
 .text.__TI_handler
                0x0000000080010f60       0x60 /home/pepsiman/n64//mips64-elf/lib/libdragon.a(interrupt.o)
                0x0000000080010f60                __TI_handler
 .text.__CART_handler
                0x0000000080010fc0       0xa0 /home/pepsiman/n64//mips64-elf/lib/libdragon.a(interrupt.o)
                0x0000000080010fc0                __CART_handler
 .text.register_AI_handler
                0x0000000080011060       0x60 /home/pepsiman/n64//mips64-elf/lib/libdragon.a(interrupt.o)
                0x0000000080011060                register_AI_handler
 .text.register_VI_handler
                0x00000000800110c0       0x60 /home/pepsiman/n64//mips64-elf/lib/libdragon.a(interrupt.o)
                0x00000000800110c0                register_VI_handler
 .text.unregister_VI_handler
                0x0000000080011120       0x60 /home/pepsiman/n64//mips64-elf/lib/libdragon.a(interrupt.o)
                0x0000000080011120                unregister_VI_handler
 .text.register_DP_handler
                0x0000000080011180       0x60 /home/pepsiman/n64//mips64-elf/lib/libdragon.a(interrupt.o)
                0x0000000080011180                register_DP_handler
 .text.register_SI_handler
                0x00000000800111e0       0x60 /home/pepsiman/n64//mips64-elf/lib/libdragon.a(interrupt.o)
                0x00000000800111e0                register_SI_handler
 .text.register_SP_handler
                0x0000000080011240       0x60 /home/pepsiman/n64//mips64-elf/lib/libdragon.a(interrupt.o)
                0x0000000080011240                register_SP_handler
 .text.set_AI_interrupt
                0x00000000800112a0       0x40 /home/pepsiman/n64//mips64-elf/lib/libdragon.a(interrupt.o)
                0x00000000800112a0                set_AI_interrupt
 .text.set_VI_interrupt
                0x00000000800112e0       0x40 /home/pepsiman/n64//mips64-elf/lib/libdragon.a(interrupt.o)
                0x00000000800112e0                set_VI_interrupt
 .text.set_DP_interrupt
                0x0000000080011320       0x40 /home/pepsiman/n64//mips64-elf/lib/libdragon.a(interrupt.o)
                0x0000000080011320                set_DP_interrupt
 .text.set_SI_interrupt
                0x0000000080011360       0x40 /home/pepsiman/n64//mips64-elf/lib/libdragon.a(interrupt.o)
                0x0000000080011360                set_SI_interrupt
 .text.set_SP_interrupt
                0x00000000800113a0       0x40 /home/pepsiman/n64//mips64-elf/lib/libdragon.a(interrupt.o)
                0x00000000800113a0                set_SP_interrupt
 .text.startup.__init_interrupts
                0x00000000800113e0       0x40 /home/pepsiman/n64//mips64-elf/lib/libdragon.a(interrupt.o)
                0x00000000800113e0                __init_interrupts
 .text.disable_interrupts
                0x0000000080011420       0x60 /home/pepsiman/n64//mips64-elf/lib/libdragon.a(interrupt.o)
                0x0000000080011420                disable_interrupts
 .text.enable_interrupts
                0x0000000080011480       0x80 /home/pepsiman/n64//mips64-elf/lib/libdragon.a(interrupt.o)
                0x0000000080011480                enable_interrupts
 .text.get_interrupts_state
                0x0000000080011500       0x20 /home/pepsiman/n64//mips64-elf/lib/libdragon.a(interrupt.o)
                0x0000000080011500                get_interrupts_state
 .text.__display_callback
                0x0000000080011520       0xc0 /home/pepsiman/n64//mips64-elf/lib/libdragon.a(display.o)
 .text.display_show.part.0
                0x00000000800115e0      0x140 /home/pepsiman/n64//mips64-elf/lib/libdragon.a(display.o)
 .text.display_init
                0x0000000080011720      0x580 /home/pepsiman/n64//mips64-elf/lib/libdragon.a(display.o)
                0x0000000080011720                display_init
 .text.display_close
                0x0000000080011ca0       0xc0 /home/pepsiman/n64//mips64-elf/lib/libdragon.a(display.o)
                0x0000000080011ca0                display_close
 .text.display_lock
                0x0000000080011d60       0xe0 /home/pepsiman/n64//mips64-elf/lib/libdragon.a(display.o)
                0x0000000080011d60                display_lock
 .text.display_show
                0x0000000080011e40       0x20 /home/pepsiman/n64//mips64-elf/lib/libdragon.a(display.o)
                0x0000000080011e40                display_show
 .text.display_show_force
                0x0000000080011e60       0x40 /home/pepsiman/n64//mips64-elf/lib/libdragon.a(display.o)
                0x0000000080011e60                display_show_force
 .text.display_get_bitdepth
                0x0000000080011ea0       0x20 /home/pepsiman/n64//mips64-elf/lib/libdragon.a(display.o)
                0x0000000080011ea0                display_get_bitdepth
 .text.tex_format_name
                0x0000000080011ec0       0x40 /home/pepsiman/n64//mips64-elf/lib/libdragon.a(surface.o)
                0x0000000080011ec0                tex_format_name
 .text.surface_alloc
                0x0000000080011f00       0xa0 /home/pepsiman/n64//mips64-elf/lib/libdragon.a(surface.o)
                0x0000000080011f00                surface_alloc
 .text.surface_free
                0x0000000080011fa0       0x80 /home/pepsiman/n64//mips64-elf/lib/libdragon.a(surface.o)
                0x0000000080011fa0                surface_free
 .text.exception_default_handler
                0x0000000080012020      0x820 /home/pepsiman/n64//mips64-elf/lib/libdragon.a(exception.o)
                0x0000000080012020                exception_default_handler
 .text.__onCriticalException
                0x0000000080012840       0x60 /home/pepsiman/n64//mips64-elf/lib/libdragon.a(exception.o)
                0x0000000080012840                __onCriticalException
 .text.exception_reset_time
                0x00000000800128a0       0x20 /home/pepsiman/n64//mips64-elf/lib/libdragon.a(exception.o)
                0x00000000800128a0                exception_reset_time
 .text.__onResetException
                0x00000000800128c0       0x60 /home/pepsiman/n64//mips64-elf/lib/libdragon.a(exception.o)
                0x00000000800128c0                __onResetException
 .text.__get_fs_link_by_name
                0x0000000080012920      0x120 /home/pepsiman/n64//mips64-elf/lib/libdragonsys.a(system.o)
 .text.attach_filesystem
                0x0000000080012a40      0x200 /home/pepsiman/n64//mips64-elf/lib/libdragonsys.a(system.o)
                0x0000000080012a40                attach_filesystem
 .text.close    0x0000000080012c40      0x120 /home/pepsiman/n64//mips64-elf/lib/libdragonsys.a(system.o)
                0x0000000080012c40                close
 .text._exit    0x0000000080012d60       0x20 /home/pepsiman/n64//mips64-elf/lib/libdragonsys.a(system.o)
                0x0000000080012d60                _exit
 .text.fstat    0x0000000080012d80      0x100 /home/pepsiman/n64//mips64-elf/lib/libdragonsys.a(system.o)
                0x0000000080012d80                fstat
 .text.getpid   0x0000000080012e80       0x20 /home/pepsiman/n64//mips64-elf/lib/libdragonsys.a(system.o)
                0x0000000080012e80                getpid
 .text.isatty   0x0000000080012ea0       0x40 /home/pepsiman/n64//mips64-elf/lib/libdragonsys.a(system.o)
                0x0000000080012ea0                isatty
 .text.kill     0x0000000080012ee0       0x20 /home/pepsiman/n64//mips64-elf/lib/libdragonsys.a(system.o)
                0x0000000080012ee0                kill
 .text.lseek    0x0000000080012f00      0x100 /home/pepsiman/n64//mips64-elf/lib/libdragonsys.a(system.o)
                0x0000000080012f00                lseek
 .text.open     0x0000000080013000      0x160 /home/pepsiman/n64//mips64-elf/lib/libdragonsys.a(system.o)
                0x0000000080013000                open
 .text.read     0x0000000080013160      0x140 /home/pepsiman/n64//mips64-elf/lib/libdragonsys.a(system.o)
                0x0000000080013160                read
 .text.sbrk     0x00000000800132a0       0xc0 /home/pepsiman/n64//mips64-elf/lib/libdragonsys.a(system.o)
                0x00000000800132a0                sbrk
 .text.write    0x0000000080013360      0x140 /home/pepsiman/n64//mips64-elf/lib/libdragonsys.a(system.o)
                0x0000000080013360                write
 .text.hook_stdio_calls
                0x00000000800134a0       0x60 /home/pepsiman/n64//mips64-elf/lib/libdragonsys.a(system.o)
                0x00000000800134a0                hook_stdio_calls
 .text.unhook_stdio_calls
                0x0000000080013500       0x80 /home/pepsiman/n64//mips64-elf/lib/libdragonsys.a(system.o)
                0x0000000080013500                unhook_stdio_calls
 .text.__assert_func
                0x0000000080013580       0x20 /home/pepsiman/n64//mips64-elf/lib/libdragonsys.a(system.o)
                0x0000000080013580                __assert_func
 .text.startup.main
                0x00000000800135a0      0x140 build/source/main.o
                0x00000000800135a0                main
 .text.render_game
                0x00000000800136e0      0x140 build/source/render.o
                0x00000000800136e0                render_game
 .text.get_next_token
                0x0000000080013820       0xa0 /home/pepsiman/n64/lib/gcc/mips64-elf/12.2.0/../../../../mips64-elf/lib/libdragon.a(dragonfs.o)
 .text.recurse_path
                0x00000000800138c0      0x3c0 /home/pepsiman/n64/lib/gcc/mips64-elf/12.2.0/../../../../mips64-elf/lib/libdragon.a(dragonfs.o)
 .text.__close  0x0000000080013c80       0x80 /home/pepsiman/n64/lib/gcc/mips64-elf/12.2.0/../../../../mips64-elf/lib/libdragon.a(dragonfs.o)
 .text.__fstat  0x0000000080013d00       0xa0 /home/pepsiman/n64/lib/gcc/mips64-elf/12.2.0/../../../../mips64-elf/lib/libdragon.a(dragonfs.o)
 .text.dfs_dir_findfirst
                0x0000000080013da0       0xc0 /home/pepsiman/n64/lib/gcc/mips64-elf/12.2.0/../../../../mips64-elf/lib/libdragon.a(dragonfs.o)
                0x0000000080013da0                dfs_dir_findfirst
 .text.__findfirst
                0x0000000080013e60       0x80 /home/pepsiman/n64/lib/gcc/mips64-elf/12.2.0/../../../../mips64-elf/lib/libdragon.a(dragonfs.o)
 .text.dfs_dir_findnext
                0x0000000080013ee0       0xc0 /home/pepsiman/n64/lib/gcc/mips64-elf/12.2.0/../../../../mips64-elf/lib/libdragon.a(dragonfs.o)
                0x0000000080013ee0                dfs_dir_findnext
 .text.__findnext
                0x0000000080013fa0       0x60 /home/pepsiman/n64/lib/gcc/mips64-elf/12.2.0/../../../../mips64-elf/lib/libdragon.a(dragonfs.o)
 .text.dfs_open
                0x0000000080014000      0x120 /home/pepsiman/n64/lib/gcc/mips64-elf/12.2.0/../../../../mips64-elf/lib/libdragon.a(dragonfs.o)
                0x0000000080014000                dfs_open
 .text.__open   0x0000000080014120       0x60 /home/pepsiman/n64/lib/gcc/mips64-elf/12.2.0/../../../../mips64-elf/lib/libdragon.a(dragonfs.o)
 .text.dfs_seek
                0x0000000080014180      0x100 /home/pepsiman/n64/lib/gcc/mips64-elf/12.2.0/../../../../mips64-elf/lib/libdragon.a(dragonfs.o)
                0x0000000080014180                dfs_seek
 .text.__lseek  0x0000000080014280       0x80 /home/pepsiman/n64/lib/gcc/mips64-elf/12.2.0/../../../../mips64-elf/lib/libdragon.a(dragonfs.o)
 .text.dfs_read
                0x0000000080014300      0x280 /home/pepsiman/n64/lib/gcc/mips64-elf/12.2.0/../../../../mips64-elf/lib/libdragon.a(dragonfs.o)
                0x0000000080014300                dfs_read
 .text.__read   0x0000000080014580       0x20 /home/pepsiman/n64/lib/gcc/mips64-elf/12.2.0/../../../../mips64-elf/lib/libdragon.a(dragonfs.o)
 .text.dfs_init
                0x00000000800145a0      0x1a0 /home/pepsiman/n64/lib/gcc/mips64-elf/12.2.0/../../../../mips64-elf/lib/libdragon.a(dragonfs.o)
                0x00000000800145a0                dfs_init
 .text.audio_callback.part.0
                0x0000000080014740      0x1e0 /home/pepsiman/n64/lib/gcc/mips64-elf/12.2.0/../../../../mips64-elf/lib/libdragon.a(audio.o)
 .text.audio_callback
                0x0000000080014920       0x60 /home/pepsiman/n64/lib/gcc/mips64-elf/12.2.0/../../../../mips64-elf/lib/libdragon.a(audio.o)
 .text.audio_init
                0x0000000080014980      0x200 /home/pepsiman/n64/lib/gcc/mips64-elf/12.2.0/../../../../mips64-elf/lib/libdragon.a(audio.o)
                0x0000000080014980                audio_init
 .text.audio_get_frequency
                0x0000000080014b80       0x20 /home/pepsiman/n64/lib/gcc/mips64-elf/12.2.0/../../../../mips64-elf/lib/libdragon.a(audio.o)
                0x0000000080014b80                audio_get_frequency
 .text.controller_interrupt_update
                0x0000000080014ba0       0x80 /home/pepsiman/n64/lib/gcc/mips64-elf/12.2.0/../../../../mips64-elf/lib/libdragon.a(controller.o)
 .text.controller_interrupt
                0x0000000080014c20       0x40 /home/pepsiman/n64/lib/gcc/mips64-elf/12.2.0/../../../../mips64-elf/lib/libdragon.a(controller.o)
 .text.controller_init
                0x0000000080014c60       0xa0 /home/pepsiman/n64/lib/gcc/mips64-elf/12.2.0/../../../../mips64-elf/lib/libdragon.a(controller.o)
                0x0000000080014c60                controller_init
 .text.rdp_detach_async.part.0
                0x0000000080014d00       0x40 /home/pepsiman/n64/lib/gcc/mips64-elf/12.2.0/../../../../mips64-elf/lib/libdragon.a(rdp.o)
 .text.rdp_init
                0x0000000080014d40       0x20 /home/pepsiman/n64/lib/gcc/mips64-elf/12.2.0/../../../../mips64-elf/lib/libdragon.a(rdp.o)
                0x0000000080014d40                rdp_init
 .text.rdp_attach
                0x0000000080014d60       0x60 /home/pepsiman/n64/lib/gcc/mips64-elf/12.2.0/../../../../mips64-elf/lib/libdragon.a(rdp.o)
                0x0000000080014d60                rdp_attach
 .text.rdp_detach_async
                0x0000000080014dc0       0x40 /home/pepsiman/n64/lib/gcc/mips64-elf/12.2.0/../../../../mips64-elf/lib/libdragon.a(rdp.o)
                0x0000000080014dc0                rdp_detach_async
 .text.mixer_ch_set_limits
                0x0000000080014e00      0x1a0 /home/pepsiman/n64/lib/gcc/mips64-elf/12.2.0/../../../../mips64-elf/lib/libdragon.a(mixer.o)
                0x0000000080014e00                mixer_ch_set_limits
 .text.mixer_init
                0x0000000080014fa0      0x180 /home/pepsiman/n64/lib/gcc/mips64-elf/12.2.0/../../../../mips64-elf/lib/libdragon.a(mixer.o)
                0x0000000080014fa0                mixer_init
 .text.samplebuffer_close
                0x0000000080015120       0x20 /home/pepsiman/n64/lib/gcc/mips64-elf/12.2.0/../../../../mips64-elf/lib/libdragon.a(samplebuffer.o)
                0x0000000080015120                samplebuffer_close
 .text.rspq_sp_interrupt
                0x0000000080015140       0xa0 /home/pepsiman/n64/lib/gcc/mips64-elf/12.2.0/../../../../mips64-elf/lib/libdragon.a(rspq.o)
 .text.rspq_switch_context
                0x00000000800151e0       0x60 /home/pepsiman/n64/lib/gcc/mips64-elf/12.2.0/../../../../mips64-elf/lib/libdragon.a(rspq.o)
 .text.rspq_flush_internal
                0x0000000080015240       0x40 /home/pepsiman/n64/lib/gcc/mips64-elf/12.2.0/../../../../mips64-elf/lib/libdragon.a(rspq.o)
 .text.rspq_init_context
                0x0000000080015280       0xa0 /home/pepsiman/n64/lib/gcc/mips64-elf/12.2.0/../../../../mips64-elf/lib/libdragon.a(rspq.o)
 .text.rspq_switch_buffer.part.0
                0x0000000080015320       0x40 /home/pepsiman/n64/lib/gcc/mips64-elf/12.2.0/../../../../mips64-elf/lib/libdragon.a(rspq.o)
 .text.rspq_crash_handler
                0x0000000080015360      0x360 /home/pepsiman/n64/lib/gcc/mips64-elf/12.2.0/../../../../mips64-elf/lib/libdragon.a(rspq.o)
 .text.rspq_assert_handler
                0x00000000800156c0      0x100 /home/pepsiman/n64/lib/gcc/mips64-elf/12.2.0/../../../../mips64-elf/lib/libdragon.a(rspq.o)
 .text.rspq_init
                0x00000000800157c0      0x360 /home/pepsiman/n64/lib/gcc/mips64-elf/12.2.0/../../../../mips64-elf/lib/libdragon.a(rspq.o)
                0x00000000800157c0                rspq_init
 .text.rspq_next_buffer
                0x0000000080015b20      0x2e0 /home/pepsiman/n64/lib/gcc/mips64-elf/12.2.0/../../../../mips64-elf/lib/libdragon.a(rspq.o)
                0x0000000080015b20                rspq_next_buffer
 .text.rspq_flush
                0x0000000080015e00       0x40 /home/pepsiman/n64/lib/gcc/mips64-elf/12.2.0/../../../../mips64-elf/lib/libdragon.a(rspq.o)
                0x0000000080015e00                rspq_flush
 .text.rspq_highpri_begin
                0x0000000080015e40       0xe0 /home/pepsiman/n64/lib/gcc/mips64-elf/12.2.0/../../../../mips64-elf/lib/libdragon.a(rspq.o)
                0x0000000080015e40                rspq_highpri_begin
 .text.rspq_highpri_end
                0x0000000080015f20       0xa0 /home/pepsiman/n64/lib/gcc/mips64-elf/12.2.0/../../../../mips64-elf/lib/libdragon.a(rspq.o)
                0x0000000080015f20                rspq_highpri_end
 .text.rspq_syncpoint_new
                0x0000000080015fc0       0xe0 /home/pepsiman/n64/lib/gcc/mips64-elf/12.2.0/../../../../mips64-elf/lib/libdragon.a(rspq.o)
                0x0000000080015fc0                rspq_syncpoint_new
 .text.rspq_syncpoint_wait
                0x00000000800160a0      0x160 /home/pepsiman/n64/lib/gcc/mips64-elf/12.2.0/../../../../mips64-elf/lib/libdragon.a(rspq.o)
                0x00000000800160a0                rspq_syncpoint_wait
 .text.rspq_overlay_get_state
                0x0000000080016200      0x180 /home/pepsiman/n64/lib/gcc/mips64-elf/12.2.0/../../../../mips64-elf/lib/libdragon.a(rspq.o)
                0x0000000080016200                rspq_overlay_get_state
 .text.rspq_overlay_register_internal
                0x0000000080016380      0x580 /home/pepsiman/n64/lib/gcc/mips64-elf/12.2.0/../../../../mips64-elf/lib/libdragon.a(rspq.o)
 .text.rspq_overlay_register
                0x0000000080016900       0x20 /home/pepsiman/n64/lib/gcc/mips64-elf/12.2.0/../../../../mips64-elf/lib/libdragon.a(rspq.o)
                0x0000000080016900                rspq_overlay_register
 .text.rspq_overlay_register_static
                0x0000000080016920       0x60 /home/pepsiman/n64/lib/gcc/mips64-elf/12.2.0/../../../../mips64-elf/lib/libdragon.a(rspq.o)
                0x0000000080016920                rspq_overlay_register_static
 .text.__rdpq_interrupt
                0x0000000080016980       0xa0 /home/pepsiman/n64/lib/gcc/mips64-elf/12.2.0/../../../../mips64-elf/lib/libdragon.a(rdpq.o)
 .text.rdpq_set_color_image_raw.part.0
                0x0000000080016a20       0x40 /home/pepsiman/n64/lib/gcc/mips64-elf/12.2.0/../../../../mips64-elf/lib/libdragon.a(rdpq.o)
 .text.rdpq_assert_handler
                0x0000000080016a60       0x60 /home/pepsiman/n64/lib/gcc/mips64-elf/12.2.0/../../../../mips64-elf/lib/libdragon.a(rdpq.o)
 .text.rdpq_init
                0x0000000080016ac0       0xe0 /home/pepsiman/n64/lib/gcc/mips64-elf/12.2.0/../../../../mips64-elf/lib/libdragon.a(rdpq.o)
                0x0000000080016ac0                rdpq_init
 .text.__rdpq_block_next_buffer
                0x0000000080016ba0      0x180 /home/pepsiman/n64/lib/gcc/mips64-elf/12.2.0/../../../../mips64-elf/lib/libdragon.a(rdpq.o)
                0x0000000080016ba0                __rdpq_block_next_buffer
 .text.rdpq_fence
                0x0000000080016d20      0x120 /home/pepsiman/n64/lib/gcc/mips64-elf/12.2.0/../../../../mips64-elf/lib/libdragon.a(rdpq.o)
                0x0000000080016d20                rdpq_fence
 .text.__rdpq_block_update
                0x0000000080016e40      0x120 /home/pepsiman/n64/lib/gcc/mips64-elf/12.2.0/../../../../mips64-elf/lib/libdragon.a(rdpq.o)
                0x0000000080016e40                __rdpq_block_update
 .text.__rdpq_block_update_norsp
                0x0000000080016f60       0x20 /home/pepsiman/n64/lib/gcc/mips64-elf/12.2.0/../../../../mips64-elf/lib/libdragon.a(rdpq.o)
                0x0000000080016f60                __rdpq_block_update_norsp
 .text.__rdpq_write8
                0x0000000080016f80       0xe0 /home/pepsiman/n64/lib/gcc/mips64-elf/12.2.0/../../../../mips64-elf/lib/libdragon.a(rdpq.o)
                0x0000000080016f80                __rdpq_write8
 .text.__rdpq_autosync_change
                0x0000000080017060      0x120 /home/pepsiman/n64/lib/gcc/mips64-elf/12.2.0/../../../../mips64-elf/lib/libdragon.a(rdpq.o)
                0x0000000080017060                __rdpq_autosync_change
 .text.__rdpq_write8_syncchange
                0x0000000080017180       0x60 /home/pepsiman/n64/lib/gcc/mips64-elf/12.2.0/../../../../mips64-elf/lib/libdragon.a(rdpq.o)
                0x0000000080017180                __rdpq_write8_syncchange
 .text.__rdpq_write8_syncchangeuse
                0x00000000800171e0       0x80 /home/pepsiman/n64/lib/gcc/mips64-elf/12.2.0/../../../../mips64-elf/lib/libdragon.a(rdpq.o)
                0x00000000800171e0                __rdpq_write8_syncchangeuse
 .text.__rdpq_fixup_write8_pipe
                0x0000000080017260      0x100 /home/pepsiman/n64/lib/gcc/mips64-elf/12.2.0/../../../../mips64-elf/lib/libdragon.a(rdpq.o)
                0x0000000080017260                __rdpq_fixup_write8_pipe
 .text.__rdpq_texture_rectangle
                0x0000000080017360      0x140 /home/pepsiman/n64/lib/gcc/mips64-elf/12.2.0/../../../../mips64-elf/lib/libdragon.a(rdpq.o)
                0x0000000080017360                __rdpq_texture_rectangle
 .text.__rdpq_fill_rectangle
                0x00000000800174a0       0xe0 /home/pepsiman/n64/lib/gcc/mips64-elf/12.2.0/../../../../mips64-elf/lib/libdragon.a(rdpq.o)
                0x00000000800174a0                __rdpq_fill_rectangle
 .text.__rdpq_set_scissor
                0x0000000080017580       0xc0 /home/pepsiman/n64/lib/gcc/mips64-elf/12.2.0/../../../../mips64-elf/lib/libdragon.a(rdpq.o)
                0x0000000080017580                __rdpq_set_scissor
 .text.__rdpq_set_fill_color
                0x0000000080017640       0xe0 /home/pepsiman/n64/lib/gcc/mips64-elf/12.2.0/../../../../mips64-elf/lib/libdragon.a(rdpq.o)
                0x0000000080017640                __rdpq_set_fill_color
 .text.__rdpq_set_color_image
                0x0000000080017720      0x140 /home/pepsiman/n64/lib/gcc/mips64-elf/12.2.0/../../../../mips64-elf/lib/libdragon.a(rdpq.o)
                0x0000000080017720                __rdpq_set_color_image
 .text.rdpq_set_color_image
                0x0000000080017860       0xe0 /home/pepsiman/n64/lib/gcc/mips64-elf/12.2.0/../../../../mips64-elf/lib/libdragon.a(rdpq.o)
                0x0000000080017860                rdpq_set_color_image
 .text.__rdpq_change_other_modes
                0x0000000080017940      0x100 /home/pepsiman/n64/lib/gcc/mips64-elf/12.2.0/../../../../mips64-elf/lib/libdragon.a(rdpq.o)
                0x0000000080017940                __rdpq_change_other_modes
 .text.rdpq_sync_full
                0x0000000080017a40      0x100 /home/pepsiman/n64/lib/gcc/mips64-elf/12.2.0/../../../../mips64-elf/lib/libdragon.a(rdpq.o)
                0x0000000080017a40                rdpq_sync_full
 .text.__rdpq_trace
                0x0000000080017b40       0x20 /home/pepsiman/n64/lib/gcc/mips64-elf/12.2.0/../../../../mips64-elf/lib/libdragon.a(rdpq_debug.o)
                0x0000000080017b40                __rdpq_trace
 .text.decode_som
                0x0000000080017b60      0x2a0 /home/pepsiman/n64/lib/gcc/mips64-elf/12.2.0/../../../../mips64-elf/lib/libdragon.a(rdpq_debug.o)
 .text.mark_busy_tmem
                0x0000000080017e00      0x160 /home/pepsiman/n64/lib/gcc/mips64-elf/12.2.0/../../../../mips64-elf/lib/libdragon.a(rdpq_debug.o)
 .text.__rdpq_debug_disasm
                0x0000000080017f60     0x2320 /home/pepsiman/n64/lib/gcc/mips64-elf/12.2.0/../../../../mips64-elf/lib/libdragon.a(rdpq_debug.o)
 .text.validate_emit_error
                0x000000008001a280      0x360 /home/pepsiman/n64/lib/gcc/mips64-elf/12.2.0/../../../../mips64-elf/lib/libdragon.a(rdpq_debug.o)
 .text.validate_draw_cmd
                0x000000008001a5e0      0x320 /home/pepsiman/n64/lib/gcc/mips64-elf/12.2.0/../../../../mips64-elf/lib/libdragon.a(rdpq_debug.o)
 .text.lazy_validate_rendermode.part.0
                0x000000008001a900      0x540 /home/pepsiman/n64/lib/gcc/mips64-elf/12.2.0/../../../../mips64-elf/lib/libdragon.a(rdpq_debug.o)
 .text.use_tile.constprop.0
                0x000000008001ae40      0x560 /home/pepsiman/n64/lib/gcc/mips64-elf/12.2.0/../../../../mips64-elf/lib/libdragon.a(rdpq_debug.o)
 .text.log_coalesce_tris
                0x000000008001b3a0      0x120 /home/pepsiman/n64/lib/gcc/mips64-elf/12.2.0/../../../../mips64-elf/lib/libdragon.a(rdpq_debug.o)
                0x000000008001b3a0                log_coalesce_tris
 .text.rdpq_debug_start
                0x000000008001b4c0       0xa0 /home/pepsiman/n64/lib/gcc/mips64-elf/12.2.0/../../../../mips64-elf/lib/libdragon.a(rdpq_debug.o)
                0x000000008001b4c0                rdpq_debug_start
 .text.rdpq_validate
                0x000000008001b560      0xca0 /home/pepsiman/n64/lib/gcc/mips64-elf/12.2.0/../../../../mips64-elf/lib/libdragon.a(rdpq_debug.o)
                0x000000008001b560                rdpq_validate
 .text.__rdpq_trace_flush
                0x000000008001c200      0x2e0 /home/pepsiman/n64/lib/gcc/mips64-elf/12.2.0/../../../../mips64-elf/lib/libdragon.a(rdpq_debug.o)
                0x000000008001c200                __rdpq_trace_flush
 .text.__rdpq_trace_fetch
                0x000000008001c4e0      0x200 /home/pepsiman/n64/lib/gcc/mips64-elf/12.2.0/../../../../mips64-elf/lib/libdragon.a(rdpq_debug.o)
                0x000000008001c4e0                __rdpq_trace_fetch
 .text.__rdpq_fixup_mode3
                0x000000008001c6e0      0x120 /home/pepsiman/n64/lib/gcc/mips64-elf/12.2.0/../../../../mips64-elf/lib/libdragon.a(rdpq_mode.o)
                0x000000008001c6e0                __rdpq_fixup_mode3
 .text.__rdpq_reset_render_mode
                0x000000008001c800      0x120 /home/pepsiman/n64/lib/gcc/mips64-elf/12.2.0/../../../../mips64-elf/lib/libdragon.a(rdpq_mode.o)
                0x000000008001c800                __rdpq_reset_render_mode
 .text.rdpq_set_mode_copy
                0x000000008001c920       0x60 /home/pepsiman/n64/lib/gcc/mips64-elf/12.2.0/../../../../mips64-elf/lib/libdragon.a(rdpq_mode.o)
                0x000000008001c920                rdpq_set_mode_copy
 .text.rdpq_set_tile.part.0
                0x000000008001c980       0x40 /home/pepsiman/n64/lib/gcc/mips64-elf/12.2.0/../../../../mips64-elf/lib/libdragon.a(rdpq_tex.o)
 .text.rdpq_tex_load_tlut
                0x000000008001c9c0      0x100 /home/pepsiman/n64/lib/gcc/mips64-elf/12.2.0/../../../../mips64-elf/lib/libdragon.a(rdpq_tex.o)
                0x000000008001c9c0                rdpq_tex_load_tlut
 .text.rdpq_tex_load_sub_ci4
                0x000000008001cac0      0x480 /home/pepsiman/n64/lib/gcc/mips64-elf/12.2.0/../../../../mips64-elf/lib/libdragon.a(rdpq_tex.o)
                0x000000008001cac0                rdpq_tex_load_sub_ci4
 .text.joybus_msg_send
                0x000000008001cf40       0x80 /home/pepsiman/n64/lib/gcc/mips64-elf/12.2.0/../../../../mips64-elf/lib/libdragon.a(joybus.o)
 .text.si_interrupt
                0x000000008001cfc0      0x1a0 /home/pepsiman/n64/lib/gcc/mips64-elf/12.2.0/../../../../mips64-elf/lib/libdragon.a(joybus.o)
 .text.startup.__joybus_init
                0x000000008001d160       0x60 /home/pepsiman/n64/lib/gcc/mips64-elf/12.2.0/../../../../mips64-elf/lib/libdragon.a(joybus.o)
                0x000000008001d160                __joybus_init
 .text.joybus_exec_async
                0x000000008001d1c0      0x1a0 /home/pepsiman/n64/lib/gcc/mips64-elf/12.2.0/../../../../mips64-elf/lib/libdragon.a(joybus.o)
                0x000000008001d1c0                joybus_exec_async
 .text.rsp_load_code
                0x000000008001d360      0x100 /home/pepsiman/n64/lib/gcc/mips64-elf/12.2.0/../../../../mips64-elf/lib/libdragon.a(rsp.o)
                0x000000008001d360                rsp_load_code
 .text.rsp_load_data
                0x000000008001d460       0xe0 /home/pepsiman/n64/lib/gcc/mips64-elf/12.2.0/../../../../mips64-elf/lib/libdragon.a(rsp.o)
                0x000000008001d460                rsp_load_data
 .text.rsp_load
                0x000000008001d540       0x60 /home/pepsiman/n64/lib/gcc/mips64-elf/12.2.0/../../../../mips64-elf/lib/libdragon.a(rsp.o)
                0x000000008001d540                rsp_load
 .text.rsp_read_code
                0x000000008001d5a0       0xe0 /home/pepsiman/n64/lib/gcc/mips64-elf/12.2.0/../../../../mips64-elf/lib/libdragon.a(rsp.o)
                0x000000008001d5a0                rsp_read_code
 .text.rsp_read_data
                0x000000008001d680       0xe0 /home/pepsiman/n64/lib/gcc/mips64-elf/12.2.0/../../../../mips64-elf/lib/libdragon.a(rsp.o)
                0x000000008001d680                rsp_read_data
 .text.__rsp_run_async
                0x000000008001d760       0x40 /home/pepsiman/n64/lib/gcc/mips64-elf/12.2.0/../../../../mips64-elf/lib/libdragon.a(rsp.o)
                0x000000008001d760                __rsp_run_async
 .text.__rsp_crash
                0x000000008001d7a0      0xae0 /home/pepsiman/n64/lib/gcc/mips64-elf/12.2.0/../../../../mips64-elf/lib/libdragon.a(rsp.o)
                0x000000008001d7a0                __rsp_crash
 .text.__rsp_check_assert
                0x000000008001e280       0x80 /home/pepsiman/n64/lib/gcc/mips64-elf/12.2.0/../../../../mips64-elf/lib/libdragon.a(rsp.o)
                0x000000008001e280                __rsp_check_assert
 .text.rsp_wait
                0x000000008001e300      0x100 /home/pepsiman/n64/lib/gcc/mips64-elf/12.2.0/../../../../mips64-elf/lib/libdragon.a(rsp.o)
                0x000000008001e300                rsp_wait
 .text.rsp_run  0x000000008001e400       0x40 /home/pepsiman/n64/lib/gcc/mips64-elf/12.2.0/../../../../mips64-elf/lib/libdragon.a(rsp.o)
                0x000000008001e400                rsp_run
 *(.init)
 .init          0x000000008001e440        0x8 /home/pepsiman/n64/lib/gcc/mips64-elf/12.2.0/crti.o
                0x000000008001e440                _init
 *(.fini)
 .fini          0x000000008001e448        0x8 /home/pepsiman/n64/lib/gcc/mips64-elf/12.2.0/crti.o
                0x000000008001e448                _fini
 *(.gnu.linkonce.t.*)
                0x000000008001e450                . = ALIGN (0x10)
                0x000000008001e450                __text_end = .

.eh_frame_hdr
 *(.eh_frame_hdr)

.eh_frame       0x000000008001e450        0x4
 *(.eh_frame)
 .eh_frame      0x000000008001e450        0x0 /home/pepsiman/n64/lib/gcc/mips64-elf/12.2.0/crtbegin.o
 .eh_frame      0x000000008001e450        0x4 /home/pepsiman/n64/lib/gcc/mips64-elf/12.2.0/crtend.o

.gcc_except_table
 *(.gcc_except_table*)

.jcr
 *(.jcr)

.rodata         0x000000008001e458    0x12078
 *(.rdata)
 *(.rodata)
 .rodata        0x000000008001e458      0x188 /home/pepsiman/n64/lib/gcc/mips64-elf/12.2.0/../../../../mips64-elf/lib/libc.a(lib_a-svfprintf.o)
 .rodata        0x000000008001e5e0      0x188 /home/pepsiman/n64/lib/gcc/mips64-elf/12.2.0/../../../../mips64-elf/lib/libc.a(lib_a-vfprintf.o)
 .rodata        0x000000008001e768      0x128 /home/pepsiman/n64/lib/gcc/mips64-elf/12.2.0/../../../../mips64-elf/lib/libc.a(lib_a-mprec.o)
                0x000000008001e778                __mprec_tinytens
                0x000000008001e7a0                __mprec_bigtens
                0x000000008001e7c8                __mprec_tens
 .rodata        0x000000008001e890      0x188 /home/pepsiman/n64/lib/gcc/mips64-elf/12.2.0/../../../../mips64-elf/lib/libc.a(lib_a-svfiprintf.o)
 .rodata        0x000000008001ea18      0x188 /home/pepsiman/n64/lib/gcc/mips64-elf/12.2.0/../../../../mips64-elf/lib/libc.a(lib_a-vfiprintf.o)
 .rodata        0x000000008001eba0      0x288 /home/pepsiman/n64/lib/gcc/mips64-elf/12.2.0/../../../../mips64-elf/lib/libc.a(lib_a-ctype_.o)
                0x000000008001eba0                _ctype_
                0x000000008001eca8                _ctype_b
 *(.rodata.*)
 .rodata.debug_assert_func_f.str1.8
                0x000000008001ee28       0x3d /home/pepsiman/n64//mips64-elf/lib/libdragon.a(debug.o)
                                         0x45 (size before relaxing)
 *fill*         0x000000008001ee65        0x3 
 .rodata.debug_hexdump.str1.8
                0x000000008001ee68       0x2b /home/pepsiman/n64//mips64-elf/lib/libdragon.a(debug.o)
 *fill*         0x000000008001ee93        0x5 
 .rodata.__font_data_32
                0x000000008001ee98     0x8008 /home/pepsiman/n64//mips64-elf/lib/libdragon.a(graphics.o)
 .rodata.__font_data_16
                0x0000000080026ea0     0x4008 /home/pepsiman/n64//mips64-elf/lib/libdragon.a(graphics.o)
 .rodata.__sprite_ext.str1.8
                0x000000008002aea8       0x25 /home/pepsiman/n64//mips64-elf/lib/libdragon.a(sprite.o)
 *fill*         0x000000008002aecd        0x3 
 .rodata.sprite_load.str1.8
                0x000000008002aed0       0x1c /home/pepsiman/n64//mips64-elf/lib/libdragon.a(sprite.o)
                                         0x24 (size before relaxing)
 *fill*         0x000000008002aeec        0x4 
 .rodata.__func__.3
                0x000000008002aef0        0xc /home/pepsiman/n64//mips64-elf/lib/libdragon.a(sprite.o)
 *fill*         0x000000008002aefc        0x4 
 .rodata.__func__.4
                0x000000008002af00        0xd /home/pepsiman/n64//mips64-elf/lib/libdragon.a(sprite.o)
 *fill*         0x000000008002af0d        0x3 
 .rodata.dma_write_raw_async.part.0.str1.8
                0x000000008002af10       0x12 /home/pepsiman/n64//mips64-elf/lib/libdragon.a(dma.o)
 *fill*         0x000000008002af22        0x6 
 .rodata.dma_read_async.str1.8
                0x000000008002af28       0x8d /home/pepsiman/n64//mips64-elf/lib/libdragon.a(dma.o)
 *fill*         0x000000008002afb5        0x3 
 .rodata.__func__.0
                0x000000008002afb8        0xf /home/pepsiman/n64//mips64-elf/lib/libdragon.a(dma.o)
 *fill*         0x000000008002afc7        0x1 
 .rodata.__func__.2
                0x000000008002afc8       0x13 /home/pepsiman/n64//mips64-elf/lib/libdragon.a(dma.o)
 *fill*         0x000000008002afdb        0x5 
 .rodata.__do_global_ctors.str1.8
                0x000000008002afe0       0xa1 /home/pepsiman/n64//mips64-elf/lib/libdragon.a(do_ctors.o)
 *fill*         0x000000008002b081        0x7 
 .rodata.__wrap___do_global_ctors.str1.8
                0x000000008002b088       0xbb /home/pepsiman/n64//mips64-elf/lib/libdragon.a(do_ctors.o)
 *fill*         0x000000008002b143        0x5 
 .rodata.__func__.0
                0x000000008002b148       0x19 /home/pepsiman/n64//mips64-elf/lib/libdragon.a(do_ctors.o)
 *fill*         0x000000008002b161        0x7 
 .rodata.malloc_uncached_aligned.str1.8
                0x000000008002b168       0x3d /home/pepsiman/n64//mips64-elf/lib/libdragon.a(n64sys.o)
 *fill*         0x000000008002b1a5        0x3 
 .rodata.__func__.0
                0x000000008002b1a8       0x18 /home/pepsiman/n64//mips64-elf/lib/libdragon.a(n64sys.o)
 .rodata.__CART_handler.str1.8
                0x000000008002b1c0       0x8a /home/pepsiman/n64//mips64-elf/lib/libdragon.a(interrupt.o)
 *fill*         0x000000008002b24a        0x6 
 .rodata.enable_interrupts.str1.8
                0x000000008002b250       0x3c /home/pepsiman/n64//mips64-elf/lib/libdragon.a(interrupt.o)
 *fill*         0x000000008002b28c        0x4 
 .rodata.__func__.0
                0x000000008002b290       0x12 /home/pepsiman/n64//mips64-elf/lib/libdragon.a(interrupt.o)
 *fill*         0x000000008002b2a2        0x6 
 .rodata.__func__.1
                0x000000008002b2a8        0xf /home/pepsiman/n64//mips64-elf/lib/libdragon.a(interrupt.o)
 *fill*         0x000000008002b2b7        0x1 
 .rodata.display_show.part.0.str1.8
                0x000000008002b2b8       0xf9 /home/pepsiman/n64//mips64-elf/lib/libdragon.a(display.o)
 *fill*         0x000000008002b3b1        0x7 
 .rodata.display_init.str1.8
                0x000000008002b3b8       0xc9 /home/pepsiman/n64//mips64-elf/lib/libdragon.a(display.o)
 *fill*         0x000000008002b481        0x3 
 .rodata.display_init
                0x000000008002b484       0x30 /home/pepsiman/n64//mips64-elf/lib/libdragon.a(display.o)
 *fill*         0x000000008002b4b4        0x4 
 .rodata.__func__.0
                0x000000008002b4b8        0xd /home/pepsiman/n64//mips64-elf/lib/libdragon.a(display.o)
 *fill*         0x000000008002b4c5        0x3 
 .rodata.__func__.1
                0x000000008002b4c8        0xd /home/pepsiman/n64//mips64-elf/lib/libdragon.a(display.o)
 *fill*         0x000000008002b4d5        0x3 
 .rodata.reg_values
                0x000000008002b4d8       0x48 /home/pepsiman/n64//mips64-elf/lib/libdragon.a(display.o)
 .rodata.mpal_640p
                0x000000008002b520       0x38 /home/pepsiman/n64//mips64-elf/lib/libdragon.a(display.o)
 .rodata.pal_640p
                0x000000008002b558       0x38 /home/pepsiman/n64//mips64-elf/lib/libdragon.a(display.o)
 .rodata.ntsc_640p
                0x000000008002b590       0x38 /home/pepsiman/n64//mips64-elf/lib/libdragon.a(display.o)
 .rodata.mpal_512p
                0x000000008002b5c8       0x38 /home/pepsiman/n64//mips64-elf/lib/libdragon.a(display.o)
 .rodata.pal_512p
                0x000000008002b600       0x38 /home/pepsiman/n64//mips64-elf/lib/libdragon.a(display.o)
 .rodata.ntsc_512p
                0x000000008002b638       0x38 /home/pepsiman/n64//mips64-elf/lib/libdragon.a(display.o)
 .rodata.mpal_512
                0x000000008002b670       0x38 /home/pepsiman/n64//mips64-elf/lib/libdragon.a(display.o)
 .rodata.pal_512
                0x000000008002b6a8       0x38 /home/pepsiman/n64//mips64-elf/lib/libdragon.a(display.o)
 .rodata.ntsc_512
                0x000000008002b6e0       0x38 /home/pepsiman/n64//mips64-elf/lib/libdragon.a(display.o)
 .rodata.mpal_256
                0x000000008002b718       0x38 /home/pepsiman/n64//mips64-elf/lib/libdragon.a(display.o)
 .rodata.pal_256
                0x000000008002b750       0x38 /home/pepsiman/n64//mips64-elf/lib/libdragon.a(display.o)
 .rodata.ntsc_256
                0x000000008002b788       0x38 /home/pepsiman/n64//mips64-elf/lib/libdragon.a(display.o)
 .rodata.mpal_640
                0x000000008002b7c0       0x38 /home/pepsiman/n64//mips64-elf/lib/libdragon.a(display.o)
 .rodata.pal_640
                0x000000008002b7f8       0x38 /home/pepsiman/n64//mips64-elf/lib/libdragon.a(display.o)
 .rodata.ntsc_640
                0x000000008002b830       0x38 /home/pepsiman/n64//mips64-elf/lib/libdragon.a(display.o)
 .rodata.mpal_320
                0x000000008002b868       0x38 /home/pepsiman/n64//mips64-elf/lib/libdragon.a(display.o)
 .rodata.pal_320
                0x000000008002b8a0       0x38 /home/pepsiman/n64//mips64-elf/lib/libdragon.a(display.o)
 .rodata.ntsc_320
                0x000000008002b8d8       0x38 /home/pepsiman/n64//mips64-elf/lib/libdragon.a(display.o)
 .rodata.tex_format_name.str1.8
                0x000000008002b910        0x8 /home/pepsiman/n64//mips64-elf/lib/libdragon.a(surface.o)
 .rodata.str1.8
                0x000000008002b918       0x6f /home/pepsiman/n64//mips64-elf/lib/libdragon.a(surface.o)
 *fill*         0x000000008002b987        0x1 
 .rodata.CSWTCH.3
                0x000000008002b988       0x48 /home/pepsiman/n64//mips64-elf/lib/libdragon.a(surface.o)
 .rodata.exception_default_handler.str1.8
                0x000000008002b9d0      0x447 /home/pepsiman/n64//mips64-elf/lib/libdragon.a(exception.o)
 *fill*         0x000000008002be17        0x1 
 .rodata.str1.8
                0x000000008002be18      0x17e /home/pepsiman/n64//mips64-elf/lib/libdragon.a(exception.o)
 *fill*         0x000000008002bf96        0x2 
 .rodata.exceptionMap.1
                0x000000008002bf98       0x80 /home/pepsiman/n64//mips64-elf/lib/libdragon.a(exception.o)
 .rodata.main.str1.8
                0x000000008002c018       0x52 build/source/main.o
 *fill*         0x000000008002c06a        0x6 
 .rodata.__open.str1.8
                0x000000008002c070        0x2 /home/pepsiman/n64/lib/gcc/mips64-elf/12.2.0/../../../../mips64-elf/lib/libdragon.a(dragonfs.o)
 *fill*         0x000000008002c072        0x6 
 .rodata.dfs_read.str1.8
                0x000000008002c078        0xf /home/pepsiman/n64/lib/gcc/mips64-elf/12.2.0/../../../../mips64-elf/lib/libdragon.a(dragonfs.o)
                                         0x3f (size before relaxing)
 *fill*         0x000000008002c087        0x1 
 .rodata.dfs_init.str1.8
                0x000000008002c088       0x7e /home/pepsiman/n64/lib/gcc/mips64-elf/12.2.0/../../../../mips64-elf/lib/libdragon.a(dragonfs.o)
                                         0x86 (size before relaxing)
 *fill*         0x000000008002c106        0x2 
 .rodata.__func__.0
                0x000000008002c108       0x16 /home/pepsiman/n64/lib/gcc/mips64-elf/12.2.0/../../../../mips64-elf/lib/libdragon.a(dragonfs.o)
 *fill*         0x000000008002c11e        0x2 
 .rodata.__func__.1
                0x000000008002c120        0x9 /home/pepsiman/n64/lib/gcc/mips64-elf/12.2.0/../../../../mips64-elf/lib/libdragon.a(dragonfs.o)
 *fill*         0x000000008002c129        0x7 
 .rodata.SI_read_con_block.9
                0x000000008002c130       0x40 /home/pepsiman/n64/lib/gcc/mips64-elf/12.2.0/../../../../mips64-elf/lib/libdragon.a(controller.o)
 .rodata.rdp_detach_async.part.0.str1.8
                0x000000008002c170       0x50 /home/pepsiman/n64/lib/gcc/mips64-elf/12.2.0/../../../../mips64-elf/lib/libdragon.a(rdp.o)
 .rodata.rdp_attach.str1.8
                0x000000008002c1c0       0x3d /home/pepsiman/n64/lib/gcc/mips64-elf/12.2.0/../../../../mips64-elf/lib/libdragon.a(rdp.o)
 *fill*         0x000000008002c1fd        0x3 
 .rodata.__func__.7
                0x000000008002c200       0x11 /home/pepsiman/n64/lib/gcc/mips64-elf/12.2.0/../../../../mips64-elf/lib/libdragon.a(rdp.o)
 *fill*         0x000000008002c211        0x7 
 .rodata.__func__.8
                0x000000008002c218        0xb /home/pepsiman/n64/lib/gcc/mips64-elf/12.2.0/../../../../mips64-elf/lib/libdragon.a(rdp.o)
 *fill*         0x000000008002c223        0x5 
 .rodata.mixer_init_samplebuffers.str1.8
                0x000000008002c228       0x90 /home/pepsiman/n64/lib/gcc/mips64-elf/12.2.0/../../../../mips64-elf/lib/libdragon.a(mixer.o)
 .rodata.mixer_ch_set_freq.str1.8
                0x000000008002c2b8       0xbb /home/pepsiman/n64/lib/gcc/mips64-elf/12.2.0/../../../../mips64-elf/lib/libdragon.a(mixer.o)
 *fill*         0x000000008002c373        0x5 
 .rodata.mixer_ch_set_vol.str1.8
                0x000000008002c378       0x3d /home/pepsiman/n64/lib/gcc/mips64-elf/12.2.0/../../../../mips64-elf/lib/libdragon.a(mixer.o)
 *fill*         0x000000008002c3b5        0x3 
 .rodata.mixer_ch_set_limits.str1.8
                0x000000008002c3b8       0x77 /home/pepsiman/n64/lib/gcc/mips64-elf/12.2.0/../../../../mips64-elf/lib/libdragon.a(mixer.o)
 *fill*         0x000000008002c42f        0x1 
 .rodata.mixer_init.str1.8
                0x000000008002c430       0x48 /home/pepsiman/n64/lib/gcc/mips64-elf/12.2.0/../../../../mips64-elf/lib/libdragon.a(mixer.o)
 .rodata.__func__.2
                0x000000008002c478       0x14 /home/pepsiman/n64/lib/gcc/mips64-elf/12.2.0/../../../../mips64-elf/lib/libdragon.a(mixer.o)
 *fill*         0x000000008002c48c        0x4 
 .rodata.__func__.10
                0x000000008002c490       0x11 /home/pepsiman/n64/lib/gcc/mips64-elf/12.2.0/../../../../mips64-elf/lib/libdragon.a(mixer.o)
 *fill*         0x000000008002c4a1        0x7 
 .rodata.__func__.13
                0x000000008002c4a8        0xb /home/pepsiman/n64/lib/gcc/mips64-elf/12.2.0/../../../../mips64-elf/lib/libdragon.a(mixer.o)
 *fill*         0x000000008002c4b3        0x5 
 .rodata.str1.8
                0x000000008002c4b8        0xa /home/pepsiman/n64/lib/gcc/mips64-elf/12.2.0/../../../../mips64-elf/lib/libdragon.a(mixer.o)
 *fill*         0x000000008002c4c2        0x6 
 .rodata.rspq_switch_buffer.part.0.str1.8
                0x000000008002c4c8       0x30 /home/pepsiman/n64/lib/gcc/mips64-elf/12.2.0/../../../../mips64-elf/lib/libdragon.a(rspq.o)
 .rodata.rspq_crash_handler.str1.8
                0x000000008002c4f8      0x1de /home/pepsiman/n64/lib/gcc/mips64-elf/12.2.0/../../../../mips64-elf/lib/libdragon.a(rspq.o)
                                        0x1e6 (size before relaxing)
 *fill*         0x000000008002c6d6        0x2 
 .rodata.rspq_assert_handler.str1.8
                0x000000008002c6d8       0x6f /home/pepsiman/n64/lib/gcc/mips64-elf/12.2.0/../../../../mips64-elf/lib/libdragon.a(rspq.o)
 *fill*         0x000000008002c747        0x1 
 .rodata.rspq_init.str1.8
                0x000000008002c748       0xbc /home/pepsiman/n64/lib/gcc/mips64-elf/12.2.0/../../../../mips64-elf/lib/libdragon.a(rspq.o)
 *fill*         0x000000008002c804        0x4 
 .rodata.rspq_next_buffer.str1.8
                0x000000008002c808       0x52 /home/pepsiman/n64/lib/gcc/mips64-elf/12.2.0/../../../../mips64-elf/lib/libdragon.a(rspq.o)
 *fill*         0x000000008002c85a        0x6 
 .rodata.rspq_overlay_unregister.str1.8
                0x000000008002c860       0xbc /home/pepsiman/n64/lib/gcc/mips64-elf/12.2.0/../../../../mips64-elf/lib/libdragon.a(rspq.o)
                                         0xc4 (size before relaxing)
 *fill*         0x000000008002c91c        0x4 
 .rodata.rspq_highpri_begin.str1.8
                0x000000008002c920       0x75 /home/pepsiman/n64/lib/gcc/mips64-elf/12.2.0/../../../../mips64-elf/lib/libdragon.a(rspq.o)
 *fill*         0x000000008002c995        0x3 
 .rodata.rspq_highpri_end.str1.8
                0x000000008002c998       0x2c /home/pepsiman/n64/lib/gcc/mips64-elf/12.2.0/../../../../mips64-elf/lib/libdragon.a(rspq.o)
 *fill*         0x000000008002c9c4        0x4 
 .rodata.rspq_syncpoint_new.str1.8
                0x000000008002c9c8       0x4b /home/pepsiman/n64/lib/gcc/mips64-elf/12.2.0/../../../../mips64-elf/lib/libdragon.a(rspq.o)
 *fill*         0x000000008002ca13        0x5 
 .rodata.rspq_syncpoint_wait.str1.8
                0x000000008002ca18       0x52 /home/pepsiman/n64/lib/gcc/mips64-elf/12.2.0/../../../../mips64-elf/lib/libdragon.a(rspq.o)
 *fill*         0x000000008002ca6a        0x6 
 .rodata.rspq_overlay_get_state.str1.8
                0x000000008002ca70      0x11d /home/pepsiman/n64/lib/gcc/mips64-elf/12.2.0/../../../../mips64-elf/lib/libdragon.a(rspq.o)
 *fill*         0x000000008002cb8d        0x3 
 .rodata.rspq_overlay_register_internal.str1.8
                0x000000008002cb90      0x365 /home/pepsiman/n64/lib/gcc/mips64-elf/12.2.0/../../../../mips64-elf/lib/libdragon.a(rspq.o)
                                        0x36d (size before relaxing)
 *fill*         0x000000008002cef5        0x3 
 .rodata.rspq_overlay_register_static.str1.8
                0x000000008002cef8       0x81 /home/pepsiman/n64/lib/gcc/mips64-elf/12.2.0/../../../../mips64-elf/lib/libdragon.a(rspq.o)
 *fill*         0x000000008002cf79        0x7 
 .rodata.__func__.1
                0x000000008002cf80       0x14 /home/pepsiman/n64/lib/gcc/mips64-elf/12.2.0/../../../../mips64-elf/lib/libdragon.a(rspq.o)
 *fill*         0x000000008002cf94        0x4 
 .rodata.__func__.2
                0x000000008002cf98       0x13 /home/pepsiman/n64/lib/gcc/mips64-elf/12.2.0/../../../../mips64-elf/lib/libdragon.a(rspq.o)
 *fill*         0x000000008002cfab        0x5 
 .rodata.__func__.8
                0x000000008002cfb0       0x11 /home/pepsiman/n64/lib/gcc/mips64-elf/12.2.0/../../../../mips64-elf/lib/libdragon.a(rspq.o)
 *fill*         0x000000008002cfc1        0x7 
 .rodata.__func__.9
                0x000000008002cfc8       0x13 /home/pepsiman/n64/lib/gcc/mips64-elf/12.2.0/../../../../mips64-elf/lib/libdragon.a(rspq.o)
 *fill*         0x000000008002cfdb        0x5 
 .rodata.__func__.10
                0x000000008002cfe0       0x13 /home/pepsiman/n64/lib/gcc/mips64-elf/12.2.0/../../../../mips64-elf/lib/libdragon.a(rspq.o)
 *fill*         0x000000008002cff3        0x5 
 .rodata.__func__.11
                0x000000008002cff8       0x11 /home/pepsiman/n64/lib/gcc/mips64-elf/12.2.0/../../../../mips64-elf/lib/libdragon.a(rspq.o)
 *fill*         0x000000008002d009        0x7 
 .rodata.__func__.13
                0x000000008002d010       0x1d /home/pepsiman/n64/lib/gcc/mips64-elf/12.2.0/../../../../mips64-elf/lib/libdragon.a(rspq.o)
 *fill*         0x000000008002d02d        0x3 
 .rodata.__func__.14
                0x000000008002d030       0x1f /home/pepsiman/n64/lib/gcc/mips64-elf/12.2.0/../../../../mips64-elf/lib/libdragon.a(rspq.o)
 *fill*         0x000000008002d04f        0x1 
 .rodata.__func__.15
                0x000000008002d050       0x1f /home/pepsiman/n64/lib/gcc/mips64-elf/12.2.0/../../../../mips64-elf/lib/libdragon.a(rspq.o)
 *fill*         0x000000008002d06f        0x1 
 .rodata.__func__.16
                0x000000008002d070       0x12 /home/pepsiman/n64/lib/gcc/mips64-elf/12.2.0/../../../../mips64-elf/lib/libdragon.a(rspq.o)
 *fill*         0x000000008002d082        0x6 
 .rodata.__func__.18
                0x000000008002d088        0xa /home/pepsiman/n64/lib/gcc/mips64-elf/12.2.0/../../../../mips64-elf/lib/libdragon.a(rspq.o)
 *fill*         0x000000008002d092        0x6 
 .rodata.__func__.19
                0x000000008002d098       0x13 /home/pepsiman/n64/lib/gcc/mips64-elf/12.2.0/../../../../mips64-elf/lib/libdragon.a(rspq.o)
 *fill*         0x000000008002d0ab        0x5 
 .rodata.str1.8
                0x000000008002d0b0        0xa /home/pepsiman/n64/lib/gcc/mips64-elf/12.2.0/../../../../mips64-elf/lib/libdragon.a(rspq.o)
 *fill*         0x000000008002d0ba        0x6 
 .rodata.__rdpq_interrupt.str1.8
                0x000000008002d0c0       0x38 /home/pepsiman/n64/lib/gcc/mips64-elf/12.2.0/../../../../mips64-elf/lib/libdragon.a(rdpq.o)
 .rodata.rdpq_set_color_image_raw.part.0.str1.8
                0x000000008002d0f8       0xce /home/pepsiman/n64/lib/gcc/mips64-elf/12.2.0/../../../../mips64-elf/lib/libdragon.a(rdpq.o)
 *fill*         0x000000008002d1c6        0x2 
 .rodata.rdpq_assert_handler.str1.8
                0x000000008002d1c8       0xa7 /home/pepsiman/n64/lib/gcc/mips64-elf/12.2.0/../../../../mips64-elf/lib/libdragon.a(rdpq.o)
 *fill*         0x000000008002d26f        0x1 
 .rodata.__rdpq_block_next_buffer.str1.8
                0x000000008002d270       0x98 /home/pepsiman/n64/lib/gcc/mips64-elf/12.2.0/../../../../mips64-elf/lib/libdragon.a(rdpq.o)
 .rodata.__rdpq_block_update.str1.8
                0x000000008002d308       0x70 /home/pepsiman/n64/lib/gcc/mips64-elf/12.2.0/../../../../mips64-elf/lib/libdragon.a(rdpq.o)
 .rodata.rdpq_set_color_image.str1.8
                0x000000008002d378       0x83 /home/pepsiman/n64/lib/gcc/mips64-elf/12.2.0/../../../../mips64-elf/lib/libdragon.a(rdpq.o)
 *fill*         0x000000008002d3fb        0x5 
 .rodata.__func__.2
                0x000000008002d400       0x15 /home/pepsiman/n64/lib/gcc/mips64-elf/12.2.0/../../../../mips64-elf/lib/libdragon.a(rdpq.o)
 *fill*         0x000000008002d415        0x3 
 .rodata.__func__.3
                0x000000008002d418       0x14 /home/pepsiman/n64/lib/gcc/mips64-elf/12.2.0/../../../../mips64-elf/lib/libdragon.a(rdpq.o)
 *fill*         0x000000008002d42c        0x4 
 .rodata.__func__.4
                0x000000008002d430       0x19 /home/pepsiman/n64/lib/gcc/mips64-elf/12.2.0/../../../../mips64-elf/lib/libdragon.a(rdpq.o)
 *fill*         0x000000008002d449        0x7 
 .rodata.__func__.5
                0x000000008002d450       0x11 /home/pepsiman/n64/lib/gcc/mips64-elf/12.2.0/../../../../mips64-elf/lib/libdragon.a(rdpq.o)
 *fill*         0x000000008002d461        0x7 
 .rodata.__func__.9
                0x000000008002d468       0x19 /home/pepsiman/n64/lib/gcc/mips64-elf/12.2.0/../../../../mips64-elf/lib/libdragon.a(rdpq.o)
 *fill*         0x000000008002d481        0x7 
 .rodata.str1.8
                0x000000008002d488        0x9 /home/pepsiman/n64/lib/gcc/mips64-elf/12.2.0/../../../../mips64-elf/lib/libdragon.a(rdpq.o)
 *fill*         0x000000008002d491        0x7 
 .rodata.__rdpq_debug_disasm.str1.8
                0x000000008002d498      0xb14 /home/pepsiman/n64/lib/gcc/mips64-elf/12.2.0/../../../../mips64-elf/lib/libdragon.a(rdpq_debug.o)
                                        0xb34 (size before relaxing)
 .rodata.__rdpq_debug_disasm
                0x000000008002dfac      0x100 /home/pepsiman/n64/lib/gcc/mips64-elf/12.2.0/../../../../mips64-elf/lib/libdragon.a(rdpq_debug.o)
 *fill*         0x000000008002e0ac        0x4 
 .rodata.validate_emit_error.str1.8
                0x000000008002e0b0      0x1cf /home/pepsiman/n64/lib/gcc/mips64-elf/12.2.0/../../../../mips64-elf/lib/libdragon.a(rdpq_debug.o)
                                        0x1d7 (size before relaxing)
 *fill*         0x000000008002e27f        0x1 
 .rodata.validate_draw_cmd.str1.8
                0x000000008002e280      0x336 /home/pepsiman/n64/lib/gcc/mips64-elf/12.2.0/../../../../mips64-elf/lib/libdragon.a(rdpq_debug.o)
 *fill*         0x000000008002e5b6        0x2 
 .rodata.lazy_validate_rendermode.part.0.str1.8
                0x000000008002e5b8      0x62d /home/pepsiman/n64/lib/gcc/mips64-elf/12.2.0/../../../../mips64-elf/lib/libdragon.a(rdpq_debug.o)
 *fill*         0x000000008002ebe5        0x3 
 .rodata.use_tile.constprop.0.str1.8
                0x000000008002ebe8      0x222 /home/pepsiman/n64/lib/gcc/mips64-elf/12.2.0/../../../../mips64-elf/lib/libdragon.a(rdpq_debug.o)
 *fill*         0x000000008002ee0a        0x6 
 .rodata.log_coalesce_tris.str1.8
                0x000000008002ee10       0x34 /home/pepsiman/n64/lib/gcc/mips64-elf/12.2.0/../../../../mips64-elf/lib/libdragon.a(rdpq_debug.o)
 *fill*         0x000000008002ee44        0x4 
 .rodata.rdpq_validate.str1.8
                0x000000008002ee48      0x438 /home/pepsiman/n64/lib/gcc/mips64-elf/12.2.0/../../../../mips64-elf/lib/libdragon.a(rdpq_debug.o)
                                        0x440 (size before relaxing)
 .rodata.rdpq_validate
                0x000000008002f280       0xe0 /home/pepsiman/n64/lib/gcc/mips64-elf/12.2.0/../../../../mips64-elf/lib/libdragon.a(rdpq_debug.o)
 .rodata.__rdpq_trace_fetch.str1.8
                0x000000008002f360       0xd7 /home/pepsiman/n64/lib/gcc/mips64-elf/12.2.0/../../../../mips64-elf/lib/libdragon.a(rdpq_debug.o)
 *fill*         0x000000008002f437        0x1 
 .rodata.CSWTCH.223
                0x000000008002f438       0x78 /home/pepsiman/n64/lib/gcc/mips64-elf/12.2.0/../../../../mips64-elf/lib/libdragon.a(rdpq_debug.o)
 .rodata.__func__.1
                0x000000008002f4b0       0x14 /home/pepsiman/n64/lib/gcc/mips64-elf/12.2.0/../../../../mips64-elf/lib/libdragon.a(rdpq_debug.o)
 *fill*         0x000000008002f4c4        0x4 
 .rodata.str1.8
                0x000000008002f4c8      0x280 /home/pepsiman/n64/lib/gcc/mips64-elf/12.2.0/../../../../mips64-elf/lib/libdragon.a(rdpq_debug.o)
                                        0x290 (size before relaxing)
 .rodata.size.3
                0x000000008002f748       0x10 /home/pepsiman/n64/lib/gcc/mips64-elf/12.2.0/../../../../mips64-elf/lib/libdragon.a(rdpq_debug.o)
 .rodata.fmt.4  0x000000008002f758       0x20 /home/pepsiman/n64/lib/gcc/mips64-elf/12.2.0/../../../../mips64-elf/lib/libdragon.a(rdpq_debug.o)
 .rodata.alpha_mul.5
                0x000000008002f778       0x20 /home/pepsiman/n64/lib/gcc/mips64-elf/12.2.0/../../../../mips64-elf/lib/libdragon.a(rdpq_debug.o)
 .rodata.rgb_add.7
                0x000000008002f798       0x20 /home/pepsiman/n64/lib/gcc/mips64-elf/12.2.0/../../../../mips64-elf/lib/libdragon.a(rdpq_debug.o)
 .rodata.rgb_mul.8
                0x000000008002f7b8       0x80 /home/pepsiman/n64/lib/gcc/mips64-elf/12.2.0/../../../../mips64-elf/lib/libdragon.a(rdpq_debug.o)
 .rodata.rgb_subb.9
                0x000000008002f838       0x40 /home/pepsiman/n64/lib/gcc/mips64-elf/12.2.0/../../../../mips64-elf/lib/libdragon.a(rdpq_debug.o)
 .rodata.rgb_suba.10
                0x000000008002f878       0x40 /home/pepsiman/n64/lib/gcc/mips64-elf/12.2.0/../../../../mips64-elf/lib/libdragon.a(rdpq_debug.o)
 .rodata.cvgmode.11
                0x000000008002f8b8       0x10 /home/pepsiman/n64/lib/gcc/mips64-elf/12.2.0/../../../../mips64-elf/lib/libdragon.a(rdpq_debug.o)
 .rodata.alphadither.12
                0x000000008002f8c8       0x10 /home/pepsiman/n64/lib/gcc/mips64-elf/12.2.0/../../../../mips64-elf/lib/libdragon.a(rdpq_debug.o)
 .rodata.rgbdither.13
                0x000000008002f8d8       0x10 /home/pepsiman/n64/lib/gcc/mips64-elf/12.2.0/../../../../mips64-elf/lib/libdragon.a(rdpq_debug.o)
 .rodata.zmode.14
                0x000000008002f8e8       0x10 /home/pepsiman/n64/lib/gcc/mips64-elf/12.2.0/../../../../mips64-elf/lib/libdragon.a(rdpq_debug.o)
 .rodata.blend2_a.18
                0x000000008002f8f8       0x10 /home/pepsiman/n64/lib/gcc/mips64-elf/12.2.0/../../../../mips64-elf/lib/libdragon.a(rdpq_debug.o)
 .rodata.blend1_b1inv.19
                0x000000008002f908       0x10 /home/pepsiman/n64/lib/gcc/mips64-elf/12.2.0/../../../../mips64-elf/lib/libdragon.a(rdpq_debug.o)
 .rodata.blend1_b2.20
                0x000000008002f918       0x10 /home/pepsiman/n64/lib/gcc/mips64-elf/12.2.0/../../../../mips64-elf/lib/libdragon.a(rdpq_debug.o)
 .rodata.blend1_b1.21
                0x000000008002f928       0x10 /home/pepsiman/n64/lib/gcc/mips64-elf/12.2.0/../../../../mips64-elf/lib/libdragon.a(rdpq_debug.o)
 .rodata.blend1_a.22
                0x000000008002f938       0x10 /home/pepsiman/n64/lib/gcc/mips64-elf/12.2.0/../../../../mips64-elf/lib/libdragon.a(rdpq_debug.o)
 .rodata.texinterp.23
                0x000000008002f948       0x10 /home/pepsiman/n64/lib/gcc/mips64-elf/12.2.0/../../../../mips64-elf/lib/libdragon.a(rdpq_debug.o)
 .rodata.cyc.25
                0x000000008002f958       0x10 /home/pepsiman/n64/lib/gcc/mips64-elf/12.2.0/../../../../mips64-elf/lib/libdragon.a(rdpq_debug.o)
 .rodata.__func__.28
                0x000000008002f968       0x13 /home/pepsiman/n64/lib/gcc/mips64-elf/12.2.0/../../../../mips64-elf/lib/libdragon.a(rdpq_debug.o)
 *fill*         0x000000008002f97b        0x5 
 .rodata.tri_name
                0x000000008002f980       0x20 /home/pepsiman/n64/lib/gcc/mips64-elf/12.2.0/../../../../mips64-elf/lib/libdragon.a(rdpq_debug.o)
 .rodata.rdpq_set_tile.part.0.str1.8
                0x000000008002f9a0       0x45 /home/pepsiman/n64/lib/gcc/mips64-elf/12.2.0/../../../../mips64-elf/lib/libdragon.a(rdpq_tex.o)
                                         0x6d (size before relaxing)
 *fill*         0x000000008002f9e5        0x3 
 .rodata.rdpq_tex_load_sub_ci4.str1.8
                0x000000008002f9e8      0x1a1 /home/pepsiman/n64/lib/gcc/mips64-elf/12.2.0/../../../../mips64-elf/lib/libdragon.a(rdpq_tex.o)
 *fill*         0x000000008002fb89        0x7 
 .rodata.__func__.2
                0x000000008002fb90       0x16 /home/pepsiman/n64/lib/gcc/mips64-elf/12.2.0/../../../../mips64-elf/lib/libdragon.a(rdpq_tex.o)
 *fill*         0x000000008002fba6        0x2 
 .rodata.__func__.3
                0x000000008002fba8        0xe /home/pepsiman/n64/lib/gcc/mips64-elf/12.2.0/../../../../mips64-elf/lib/libdragon.a(rdpq_tex.o)
 *fill*         0x000000008002fbb6        0x2 
 .rodata.joybus_msg_send.str1.8
                0x000000008002fbb8       0x55 /home/pepsiman/n64/lib/gcc/mips64-elf/12.2.0/../../../../mips64-elf/lib/libdragon.a(joybus.o)
 *fill*         0x000000008002fc0d        0x3 
 .rodata.si_interrupt.str1.8
                0x000000008002fc10       0x40 /home/pepsiman/n64/lib/gcc/mips64-elf/12.2.0/../../../../mips64-elf/lib/libdragon.a(joybus.o)
 .rodata.joybus_exec_async.str1.8
                0x000000008002fc50       0x4a /home/pepsiman/n64/lib/gcc/mips64-elf/12.2.0/../../../../mips64-elf/lib/libdragon.a(joybus.o)
 *fill*         0x000000008002fc9a        0x6 
 .rodata.__func__.1
                0x000000008002fca0       0x12 /home/pepsiman/n64/lib/gcc/mips64-elf/12.2.0/../../../../mips64-elf/lib/libdragon.a(joybus.o)
 *fill*         0x000000008002fcb2        0x6 
 .rodata.__func__.2
                0x000000008002fcb8       0x10 /home/pepsiman/n64/lib/gcc/mips64-elf/12.2.0/../../../../mips64-elf/lib/libdragon.a(joybus.o)
 .rodata.__func__.3
                0x000000008002fcc8       0x10 /home/pepsiman/n64/lib/gcc/mips64-elf/12.2.0/../../../../mips64-elf/lib/libdragon.a(joybus.o)
 .rodata.__func__.4
                0x000000008002fcd8        0xd /home/pepsiman/n64/lib/gcc/mips64-elf/12.2.0/../../../../mips64-elf/lib/libdragon.a(joybus.o)
 *fill*         0x000000008002fce5        0x3 
 .rodata.rsp_load_code.str1.8
                0x000000008002fce8       0x47 /home/pepsiman/n64/lib/gcc/mips64-elf/12.2.0/../../../../mips64-elf/lib/libdragon.a(rsp.o)
 *fill*         0x000000008002fd2f        0x1 
 .rodata.rsp_load_data.str1.8
                0x000000008002fd30       0x17 /home/pepsiman/n64/lib/gcc/mips64-elf/12.2.0/../../../../mips64-elf/lib/libdragon.a(rsp.o)
 *fill*         0x000000008002fd47        0x1 
 .rodata.__rsp_crash.str1.8
                0x000000008002fd48      0x62f /home/pepsiman/n64/lib/gcc/mips64-elf/12.2.0/../../../../mips64-elf/lib/libdragon.a(rsp.o)
                                        0x7ef (size before relaxing)
 .rodata.rsp_wait.str1.8
                0x0000000080030377       0x1c /home/pepsiman/n64/lib/gcc/mips64-elf/12.2.0/../../../../mips64-elf/lib/libdragon.a(rsp.o)
 *fill*         0x0000000080030377        0x1 
 .rodata.__func__.0
                0x0000000080030378        0x9 /home/pepsiman/n64/lib/gcc/mips64-elf/12.2.0/../../../../mips64-elf/lib/libdragon.a(rsp.o)
 *fill*         0x0000000080030381        0x7 
 .rodata.__func__.1
                0x0000000080030388        0xe /home/pepsiman/n64/lib/gcc/mips64-elf/12.2.0/../../../../mips64-elf/lib/libdragon.a(rsp.o)
 *fill*         0x0000000080030396        0x2 
 .rodata.__func__.2
                0x0000000080030398        0xe /home/pepsiman/n64/lib/gcc/mips64-elf/12.2.0/../../../../mips64-elf/lib/libdragon.a(rsp.o)
 *fill*         0x00000000800303a6        0x2 
 .rodata.__func__.3
                0x00000000800303a8        0xe /home/pepsiman/n64/lib/gcc/mips64-elf/12.2.0/../../../../mips64-elf/lib/libdragon.a(rsp.o)
 *fill*         0x00000000800303b6        0x2 
 .rodata.__func__.4
                0x00000000800303b8        0xe /home/pepsiman/n64/lib/gcc/mips64-elf/12.2.0/../../../../mips64-elf/lib/libdragon.a(rsp.o)
 *fill*         0x00000000800303c6        0x2 
 .rodata.str1.8
                0x00000000800303c8        0xa /home/pepsiman/n64/lib/gcc/mips64-elf/12.2.0/../../../../mips64-elf/lib/libdragon.a(rsp.o)
 .rodata.str1.8
                0x00000000800303d2        0xa /home/pepsiman/n64/lib/gcc/mips64-elf/12.2.0/../../../../mips64-elf/lib/libc.a(lib_a-puts.o)
                                          0x2 (size before relaxing)
 *fill*         0x00000000800303d2        0x6 
 .rodata.str1.8
                0x00000000800303d8       0x57 /home/pepsiman/n64/lib/gcc/mips64-elf/12.2.0/../../../../mips64-elf/lib/libc.a(lib_a-svfprintf.o)
                                         0x5a (size before relaxing)
 .rodata.str1.8
                0x000000008003042f       0x5a /home/pepsiman/n64/lib/gcc/mips64-elf/12.2.0/../../../../mips64-elf/lib/libc.a(lib_a-vfprintf.o)
 *fill*         0x000000008003042f        0x1 
 .rodata.str1.8
                0x0000000080030430       0x58 /home/pepsiman/n64/lib/gcc/mips64-elf/12.2.0/../../../../mips64-elf/lib/libc.a(lib_a-dtoa.o)
                                         0x60 (size before relaxing)
 .rodata.str1.8
                0x0000000080030488       0x29 /home/pepsiman/n64/lib/gcc/mips64-elf/12.2.0/../../../../mips64-elf/lib/libc.a(lib_a-mprec.o)
                                         0x41 (size before relaxing)
 .rodata.str1.8
                0x00000000800304b1       0x37 /home/pepsiman/n64/lib/gcc/mips64-elf/12.2.0/../../../../mips64-elf/lib/libc.a(lib_a-svfiprintf.o)
 .rodata.str1.8
                0x00000000800304b1       0x37 /home/pepsiman/n64/lib/gcc/mips64-elf/12.2.0/../../../../mips64-elf/lib/libc.a(lib_a-vfiprintf.o)
 *fill*         0x00000000800304b1        0x7 
 .rodata.str1.8
                0x00000000800304b8       0x12 /home/pepsiman/n64/lib/gcc/mips64-elf/12.2.0/../../../../mips64-elf/lib/libc.a(lib_a-locale.o)
                                         0x1a (size before relaxing)
 *(.gnu.linkonce.r.*)
                0x00000000800304d0                . = ALIGN (0x8)
 *fill*         0x00000000800304ca        0x6 

.MIPS.abiflags  0x00000000800304d0       0x18
 .MIPS.abiflags
                0x00000000800304d0       0x18 /home/pepsiman/n64/lib/gcc/mips64-elf/12.2.0/crti.o

.rel.dyn        0x00000000800304e8        0x0
 .rel.dyn       0x00000000800304e8        0x0 /home/pepsiman/n64//mips64-elf/lib/libdragon.a(n64sys.o)
                0x00000000800304e8                . = ALIGN (0x4)

.ctors          0x00000000800304e8       0x14
                0x00000000800304e8                __CTOR_LIST__ = .
 *(.ctors)
 .ctors         0x00000000800304e8        0x4 /home/pepsiman/n64/lib/gcc/mips64-elf/12.2.0/crtbegin.o
 .ctors         0x00000000800304ec        0x4 /home/pepsiman/n64//mips64-elf/lib/libdragon.a(n64sys.o)
 .ctors         0x00000000800304f0        0x4 /home/pepsiman/n64//mips64-elf/lib/libdragon.a(interrupt.o)
 .ctors         0x00000000800304f4        0x4 /home/pepsiman/n64/lib/gcc/mips64-elf/12.2.0/../../../../mips64-elf/lib/libdragon.a(joybus.o)
 .ctors         0x00000000800304f8        0x4 /home/pepsiman/n64/lib/gcc/mips64-elf/12.2.0/crtend.o
                0x00000000800304fc                __CTOR_END__ = .
                0x0000000080030500                . = ALIGN (0x8)

.data           0x0000000080030500     0x2e98
                0x0000000080030500                __data_start = .
 *(.data)
 .data          0x0000000080030500      0xd80 /home/pepsiman/n64/lib/gcc/mips64-elf/12.2.0/../../../../mips64-elf/lib/libdragon.a(rsp_mixer.o)
                0x0000000080030500                rsp_mixer_text_start
                0x0000000080030f20                rsp_mixer_data_start
                0x0000000080030f20                rsp_mixer_text_end
                0x0000000080031280                rsp_mixer_data_end
 .data          0x0000000080031280      0x4f0 /home/pepsiman/n64/lib/gcc/mips64-elf/12.2.0/../../../../mips64-elf/lib/libdragon.a(rsp_queue.o)
                0x0000000080031280                rsp_queue_text_start
                0x00000000800314d0                rsp_queue_text_end
                0x00000000800314d0                rsp_queue_data_start
                0x0000000080031770                rsp_queue_data_end
 .data          0x0000000080031770     0x1018 /home/pepsiman/n64/lib/gcc/mips64-elf/12.2.0/../../../../mips64-elf/lib/libdragon.a(rsp_rdpq.o)
                0x0000000080031770                rsp_rdpq_text_start
                0x00000000800322c8                rsp_rdpq_text_end
                0x00000000800322c8                rsp_rdpq_data_start
                0x0000000080032788                rsp_rdpq_data_end
 .data          0x0000000080032788      0x1c4 /home/pepsiman/n64/lib/gcc/mips64-elf/12.2.0/../../../../mips64-elf/lib/libdragon.a(rsp_crash.o)
                0x0000000080032788                rsp_crash_text_start
                0x0000000080032948                rsp_crash_data_start
                0x0000000080032948                rsp_crash_text_end
                0x000000008003294c                rsp_crash_data_end
 *fill*         0x000000008003294c        0x4 
 .data          0x0000000080032950      0x428 /home/pepsiman/n64/lib/gcc/mips64-elf/12.2.0/../../../../mips64-elf/lib/libc.a(lib_a-impure.o)
 .data          0x0000000080032d78      0x408 /home/pepsiman/n64/lib/gcc/mips64-elf/12.2.0/../../../../mips64-elf/lib/libc.a(lib_a-mallocr.o)