Archive member included to satisfy reference by file (symbol)

/home/pepsiman/n64//mips64-elf/lib/libdragon.a(entrypoint.o)
                              (_start)
/home/pepsiman/n64//mips64-elf/lib/libdragon.a(debug.o)
                              /home/pepsiman/n64//mips64-elf/lib/libdragon.a(entrypoint.o) (debug_assert_func)
/home/pepsiman/n64//mips64-elf/lib/libdragon.a(usb.o)
                              /home/pepsiman/n64//mips64-elf/lib/libdragon.a(debug.o) (usb_initialize)
/home/pepsiman/n64//mips64-elf/lib/libdragon.a(ff.o)
                              /home/pepsiman/n64//mips64-elf/lib/libdragon.a(debug.o) (f_mount)
/home/pepsiman/n64//mips64-elf/lib/libdragon.a(ffunicode.o)
                              /home/pepsiman/n64//mips64-elf/lib/libdragon.a(ff.o) (ff_uni2oem)
/home/pepsiman/n64//mips64-elf/lib/libdragon.a(console.o)
                              /home/pepsiman/n64//mips64-elf/lib/libdragon.a(debug.o) (console_set_render_mode)
/home/pepsiman/n64//mips64-elf/lib/libdragon.a(graphics.o)
                              /home/pepsiman/n64//mips64-elf/lib/libdragon.a(console.o) (graphics_set_color)
/home/pepsiman/n64//mips64-elf/lib/libdragon.a(sprite.o)
                              /home/pepsiman/n64//mips64-elf/lib/libdragon.a(graphics.o) (__sprite_upgrade)
/home/pepsiman/n64//mips64-elf/lib/libdragon.a(dma.o)
                              /home/pepsiman/n64//mips64-elf/lib/libdragon.a(debug.o) (dma_write_raw_async)
/home/pepsiman/n64//mips64-elf/lib/libdragon.a(do_ctors.o)
                              /home/pepsiman/n64//mips64-elf/lib/libdragon.a(entrypoint.o) (__wrap___do_global_ctors)
/home/pepsiman/n64//mips64-elf/lib/libdragon.a(surface.o)
                              /home/pepsiman/n64//mips64-elf/lib/libdragon.a(sprite.o) (surface_make_sub)
/home/pepsiman/n64//mips64-elf/lib/libdragon.a(n64sys.o)
                              /home/pepsiman/n64//mips64-elf/lib/libdragon.a(debug.o) (sys_bbplayer)
/home/pepsiman/n64//mips64-elf/lib/libdragon.a(interrupt.o)
                              /home/pepsiman/n64//mips64-elf/lib/libdragon.a(usb.o) (disable_interrupts)
/home/pepsiman/n64//mips64-elf/lib/libdragon.a(inthandler.o)
                              /home/pepsiman/n64//mips64-elf/lib/libdragon.a(entrypoint.o) (inthandler)
/home/pepsiman/n64//mips64-elf/lib/libdragon.a(display.o)
                              /home/pepsiman/n64//mips64-elf/lib/libdragon.a(console.o) (display_init)
/home/pepsiman/n64//mips64-elf/lib/libdragon.a(exception.o)
                              /home/pepsiman/n64//mips64-elf/lib/libdragon.a(inthandler.o) (__onCriticalException)
/home/pepsiman/n64//mips64-elf/lib/libdragonsys.a(system.o)
                              /home/pepsiman/n64//mips64-elf/lib/libdragon.a(debug.o) (attach_filesystem)
/home/pepsiman/n64/lib/gcc/mips64-elf/12.2.0/../../../../mips64-elf/lib/libdragon.a(dragonfs.o)
                              build/source/main.o (dfs_init)
/home/pepsiman/n64/lib/gcc/mips64-elf/12.2.0/../../../../mips64-elf/lib/libdragon.a(audio.o)
                              build/source/main.o (audio_init)
/home/pepsiman/n64/lib/gcc/mips64-elf/12.2.0/../../../../mips64-elf/lib/libdragon.a(controller.o)
                              build/source/main.o (controller_init)
/home/pepsiman/n64/lib/gcc/mips64-elf/12.2.0/../../../../mips64-elf/lib/libdragon.a(rdp.o)
                              build/source/main.o (rdp_init)
/home/pepsiman/n64/lib/gcc/mips64-elf/12.2.0/../../../../mips64-elf/lib/libdragon.a(rspq.o)
                              /home/pepsiman/n64/lib/gcc/mips64-elf/12.2.0/../../../../mips64-elf/lib/libdragon.a(rdp.o) (rspq_flush)
/home/pepsiman/n64/lib/gcc/mips64-elf/12.2.0/../../../../mips64-elf/lib/libdragon.a(rsp_queue.o)
                              /home/pepsiman/n64/lib/gcc/mips64-elf/12.2.0/../../../../mips64-elf/lib/libdragon.a(rspq.o) (rsp_queue_text_end)
/home/pepsiman/n64/lib/gcc/mips64-elf/12.2.0/../../../../mips64-elf/lib/libdragon.a(rdpq.o)
                              /home/pepsiman/n64/lib/gcc/mips64-elf/12.2.0/../../../../mips64-elf/lib/libdragon.a(rdp.o) (rdpq_init)
/home/pepsiman/n64/lib/gcc/mips64-elf/12.2.0/../../../../mips64-elf/lib/libdragon.a(rsp_rdpq.o)
                              /home/pepsiman/n64/lib/gcc/mips64-elf/12.2.0/../../../../mips64-elf/lib/libdragon.a(rdpq.o) (rsp_rdpq_data_end)
/home/pepsiman/n64/lib/gcc/mips64-elf/12.2.0/../../../../mips64-elf/lib/libdragon.a(rdpq_debug.o)
                              build/source/main.o (rdpq_debug_start)
/home/pepsiman/n64/lib/gcc/mips64-elf/12.2.0/../../../../mips64-elf/lib/libdragon.a(rdpq_tri.o)
                              /home/pepsiman/n64/lib/gcc/mips64-elf/12.2.0/../../../../mips64-elf/lib/libdragon.a(rdp.o) (rdpq_triangle)
/home/pepsiman/n64/lib/gcc/mips64-elf/12.2.0/../../../../mips64-elf/lib/libdragon.a(rdpq_mode.o)
                              /home/pepsiman/n64/lib/gcc/mips64-elf/12.2.0/../../../../mips64-elf/lib/libdragon.a(rdpq_debug.o) (rdpq_set_mode_copy)
[...]
Memory Configuration

Name             Origin             Length             Attributes
mem              0x0000000080000000 0x0000000000400000
*default*        0x0000000000000000 0xffffffffffffffff

Linker script and memory map

LOAD /home/pepsiman/n64/lib/gcc/mips64-elf/12.2.0/crti.o
LOAD /home/pepsiman/n64/lib/gcc/mips64-elf/12.2.0/crtbegin.o
LOAD /home/pepsiman/n64//mips64-elf/lib/libdragon.a
LOAD /home/pepsiman/n64//mips64-elf/lib/libdragonsys.a
LOAD build/source/main.o
LOAD /home/pepsiman/n64/lib/gcc/mips64-elf/12.2.0/../../../../mips64-elf/lib/libdragon.a
LOAD /home/pepsiman/n64/lib/gcc/mips64-elf/12.2.0/../../../../mips64-elf/lib/libm.a
LOAD /home/pepsiman/n64/lib/gcc/mips64-elf/12.2.0/../../../../mips64-elf/lib/libdragonsys.a
                0x0000000080000000                __kseg0_start = 0x80000000
                0x0000000080000400                __libdragon_text_start = (__kseg0_start + 0x400)

.text           0x0000000080000400    0x1c4f0
 *(.boot)
 .boot          0x0000000080000400      0x19c /home/pepsiman/n64//mips64-elf/lib/libdragon.a(entrypoint.o)
                0x0000000080000400                _start
                0x00000000800005a0                . = ALIGN (0x10)
 *fill*         0x000000008000059c        0x4 
                0x00000000800005a0                __text_start = .
 *(.text)
 .text          0x00000000800005a0      0x340 /home/pepsiman/n64//mips64-elf/lib/libdragon.a(inthandler.o)
                0x00000000800005a0                inthandler
 .text          0x00000000800008e0       0x18 /home/pepsiman/n64/lib/gcc/mips64-elf/12.2.0/../../../../mips64-elf/lib/libc.a(lib_a-abort.o)
                0x00000000800008e0                abort
 .text          0x00000000800008f8      0x150 /home/pepsiman/n64/lib/gcc/mips64-elf/12.2.0/../../../../mips64-elf/lib/libc.a(lib_a-fclose.o)
                0x00000000800008f8                _fclose_r
                0x0000000080000a38                fclose
 .text          0x0000000080000a48      0x350 /home/pepsiman/n64/lib/gcc/mips64-elf/12.2.0/../../../../mips64-elf/lib/libc.a(lib_a-fflush.o)
                0x0000000080000a48                __sflush_r
                0x0000000080000ca8                _fflush_r
                0x0000000080000d10                fflush
 .text          0x0000000080000d98      0x3c8 /home/pepsiman/n64/lib/gcc/mips64-elf/12.2.0/../../../../mips64-elf/lib/libc.a(lib_a-findfp.o)
                0x0000000080000da0                _cleanup_r
                0x0000000080000f38                __sfmoreglue
                0x0000000080000fb0                __sfp
                0x00000000800010f0                _cleanup
                0x0000000080001100                __sinit
                0x0000000080001120                __sfp_lock_acquire
                0x0000000080001128                __sfp_lock_release
                0x0000000080001130                __sinit_lock_acquire
                0x0000000080001138                __sinit_lock_release
                0x0000000080001140                __fp_lock_all
                0x0000000080001150                __fp_unlock_all
 .text          0x0000000080001160      0x138 /home/pepsiman/n64/lib/gcc/mips64-elf/12.2.0/../../../../mips64-elf/lib/libc.a(lib_a-fopen.o)
                0x0000000080001160                _fopen_r
                0x0000000080001280                fopen
 .text          0x0000000080001298       0x68 /home/pepsiman/n64/lib/gcc/mips64-elf/12.2.0/../../../../mips64-elf/lib/libc.a(lib_a-fprintf.o)
                0x0000000080001298                _fprintf_r
                0x00000000800012c0                fprintf
 .text          0x0000000080001300       0xd0 /home/pepsiman/n64/lib/gcc/mips64-elf/12.2.0/../../../../mips64-elf/lib/libc.a(lib_a-fputc.o)
                0x0000000080001300                _fputc_r
                0x0000000080001360                fputc
 .text          0x00000000800013d0       0xc0 /home/pepsiman/n64/lib/gcc/mips64-elf/12.2.0/../../../../mips64-elf/lib/libc.a(lib_a-fputs.o)
                0x00000000800013d0                _fputs_r
                0x0000000080001478                fputs
 .text          0x0000000080001490      0x340 /home/pepsiman/n64/lib/gcc/mips64-elf/12.2.0/../../../../mips64-elf/lib/libc.a(lib_a-fread.o)
                0x0000000080001490                _fread_r
                0x00000000800017a0                fread
 .text          0x00000000800017d0      0x480 /home/pepsiman/n64/lib/gcc/mips64-elf/12.2.0/../../../../mips64-elf/lib/libc.a(lib_a-freer.o)
                0x00000000800017d0                _malloc_trim_r
                0x0000000080001910                _free_r
 .text          0x0000000080001c50       0x20 /home/pepsiman/n64/lib/gcc/mips64-elf/12.2.0/../../../../mips64-elf/lib/libc.a(lib_a-fseek.o)
                0x0000000080001c50                _fseek_r
                0x0000000080001c58                fseek
 .text          0x0000000080001c70      0x4c8 /home/pepsiman/n64/lib/gcc/mips64-elf/12.2.0/../../../../mips64-elf/lib/libc.a(lib_a-fseeko.o)
                0x0000000080001c70                _fseeko_r
                0x0000000080002120                fseeko
 .text          0x0000000080002138       0x58 /home/pepsiman/n64/lib/gcc/mips64-elf/12.2.0/../../../../mips64-elf/lib/libc.a(lib_a-fstatr.o)
                0x0000000080002138                _fstat_r
 .text          0x0000000080002190       0x18 /home/pepsiman/n64/lib/gcc/mips64-elf/12.2.0/../../../../mips64-elf/lib/libc.a(lib_a-ftell.o)
                0x0000000080002190                _ftell_r
                0x0000000080002198                ftell
 .text          0x00000000800021a8      0x140 /home/pepsiman/n64/lib/gcc/mips64-elf/12.2.0/../../../../mips64-elf/lib/libc.a(lib_a-ftello.o)
                0x00000000800021a8                _ftello_r
                0x00000000800022d8                ftello
 .text          0x00000000800022e8      0x570 /home/pepsiman/n64/lib/gcc/mips64-elf/12.2.0/../../../../mips64-elf/lib/libc.a(lib_a-fvwrite.o)
                0x00000000800022e8                __sfvwrite_r
 .text          0x0000000080002858      0x170 /home/pepsiman/n64/lib/gcc/mips64-elf/12.2.0/../../../../mips64-elf/lib/libc.a(lib_a-fwalk.o)
                0x0000000080002858                _fwalk
                0x0000000080002908                _fwalk_reent
 .text          0x00000000800029c8      0x1f8 /home/pepsiman/n64/lib/gcc/mips64-elf/12.2.0/../../../../mips64-elf/lib/libc.a(lib_a-fwrite.o)
                0x00000000800029c8                _fwrite_r
                0x0000000080002ad0                fwrite
 .text          0x0000000080002bc0      0x268 /home/pepsiman/n64/lib/gcc/mips64-elf/12.2.0/../../../../mips64-elf/lib/libc.a(lib_a-makebuf.o)
                0x0000000080002bc0                __smakebuf_r
                0x0000000080002d78                __swhatbuf_r
 .text          0x0000000080002e28       0x18 /home/pepsiman/n64/lib/gcc/mips64-elf/12.2.0/../../../../mips64-elf/lib/libc.a(lib_a-malign.o)
                0x0000000080002e28                memalign
 .text          0x0000000080002e40      0x1f8 /home/pepsiman/n64/lib/gcc/mips64-elf/12.2.0/../../../../mips64-elf/lib/libc.a(lib_a-malignr.o)
                0x0000000080002e40                _memalign_r
 .text          0x0000000080003038       0x20 /home/pepsiman/n64/lib/gcc/mips64-elf/12.2.0/../../../../mips64-elf/lib/libc.a(lib_a-malloc.o)
                0x0000000080003038                malloc
                0x0000000080003048                free
 .text          0x0000000080003058      0x880 /home/pepsiman/n64/lib/gcc/mips64-elf/12.2.0/../../../../mips64-elf/lib/libc.a(lib_a-mallocr.o)
                0x0000000080003058                _malloc_r
 .text          0x00000000800038d8       0xf0 /home/pepsiman/n64/lib/gcc/mips64-elf/12.2.0/../../../../mips64-elf/lib/libc.a(lib_a-memchr.o)
                0x00000000800038d8                memchr
 .text          0x00000000800039c8       0x80 /home/pepsiman/n64/lib/gcc/mips64-elf/12.2.0/../../../../mips64-elf/lib/libc.a(lib_a-memcmp.o)
                0x00000000800039c8                memcmp
 .text          0x0000000080003a48      0x110 /home/pepsiman/n64/lib/gcc/mips64-elf/12.2.0/../../../../mips64-elf/lib/libc.a(lib_a-memcpy.o)
                0x0000000080003a48                memcpy
 .text          0x0000000080003b58      0x150 /home/pepsiman/n64/lib/gcc/mips64-elf/12.2.0/../../../../mips64-elf/lib/libc.a(lib_a-memmove.o)
                0x0000000080003b58                memmove
 .text          0x0000000080003ca8      0x108 /home/pepsiman/n64/lib/gcc/mips64-elf/12.2.0/../../../../mips64-elf/lib/libc.a(lib_a-memset.o)
                0x0000000080003ca8                memset
 .text          0x0000000080003db0       0x10 /home/pepsiman/n64/lib/gcc/mips64-elf/12.2.0/../../../../mips64-elf/lib/libc.a(lib_a-mlock.o)
                0x0000000080003db0                __malloc_lock
                0x0000000080003db8                __malloc_unlock
 .text          0x0000000080003dc0       0x60 /home/pepsiman/n64/lib/gcc/mips64-elf/12.2.0/../../../../mips64-elf/lib/libc.a(lib_a-openr.o)
                0x0000000080003dc0                _open_r
 .text          0x0000000080003e20       0x70 /home/pepsiman/n64/lib/gcc/mips64-elf/12.2.0/../../../../mips64-elf/lib/libc.a(lib_a-printf.o)
                0x0000000080003e20                _printf_r
                0x0000000080003e50                printf
 .text          0x0000000080003e90      0x160 /home/pepsiman/n64/lib/gcc/mips64-elf/12.2.0/../../../../mips64-elf/lib/libc.a(lib_a-putc.o)
                0x0000000080003e90                _putc_r
                0x0000000080003f38                putc
 .text          0x0000000080003ff0       0x20 /home/pepsiman/n64/lib/gcc/mips64-elf/12.2.0/../../../../mips64-elf/lib/libc.a(lib_a-putchar.o)
                0x0000000080003ff0                _putchar_r
                0x0000000080003ff8                putchar
 .text          0x0000000080004010       0xe0 /home/pepsiman/n64/lib/gcc/mips64-elf/12.2.0/../../../../mips64-elf/lib/libc.a(lib_a-puts.o)
                0x0000000080004010                _puts_r
                0x00000000800040e0                puts
 .text          0x00000000800040f0      0x5d0 /home/pepsiman/n64/lib/gcc/mips64-elf/12.2.0/../../../../mips64-elf/lib/libc.a(lib_a-reallocr.o)
                0x00000000800040f0                _realloc_r
 .text          0x00000000800046c0      0x218 /home/pepsiman/n64/lib/gcc/mips64-elf/12.2.0/../../../../mips64-elf/lib/libc.a(lib_a-refill.o)
                0x00000000800046e8                __srefill_r
 .text          0x00000000800048d8       0x50 /home/pepsiman/n64/lib/gcc/mips64-elf/12.2.0/../../../../mips64-elf/lib/libc.a(lib_a-sbrkr.o)
                0x00000000800048d8                _sbrk_r
 .text          0x0000000080004928      0x570 /home/pepsiman/n64/lib/gcc/mips64-elf/12.2.0/../../../../mips64-elf/lib/libc.a(lib_a-signal.o)
                0x0000000080004928                _init_signal_r
                0x0000000080004990                _signal_r
                0x0000000080004a30                _raise_r
                0x0000000080004ae8                __sigtramp_r
                0x0000000080004bd8                raise
                0x0000000080004ca0                signal
                0x0000000080004d40                _init_signal
                0x0000000080004db0                __sigtramp
 .text          0x0000000080004e98       0x60 /home/pepsiman/n64/lib/gcc/mips64-elf/12.2.0/../../../../mips64-elf/lib/libc.a(lib_a-signalr.o)
                0x0000000080004e98                _kill_r
                0x0000000080004ef0                _getpid_r
 .text          0x0000000080004ef8      0x1c8 /home/pepsiman/n64/lib/gcc/mips64-elf/12.2.0/../../../../mips64-elf/lib/libc.a(lib_a-snprintf.o)
                0x0000000080004ef8                _snprintf_r
                0x0000000080004fd8                snprintf
 .text          0x00000000800050c0      0x190 /home/pepsiman/n64/lib/gcc/mips64-elf/12.2.0/../../../../mips64-elf/lib/libc.a(lib_a-stdio.o)
                0x00000000800050c0                __sread
                0x0000000080005118                __seofread
                0x0000000080005120                __swrite
                0x00000000800051e0                __sseek
                0x0000000080005248                __sclose
 .text          0x0000000080005250       0xb8 /home/pepsiman/n64/lib/gcc/mips64-elf/12.2.0/../../../../mips64-elf/lib/libc.a(lib_a-strcmp.o)
                0x0000000080005250                strcmp
 .text          0x0000000080005308       0xa8 /home/pepsiman/n64/lib/gcc/mips64-elf/12.2.0/../../../../mips64-elf/lib/libc.a(lib_a-strcpy.o)
                0x0000000080005308                strcpy
 .text          0x00000000800053b0       0xb0 /home/pepsiman/n64/lib/gcc/mips64-elf/12.2.0/../../../../mips64-elf/lib/libc.a(lib_a-strlen.o)
                0x00000000800053b0                strlen
 .text          0x0000000080005460     0x2030 /home/pepsiman/n64/lib/gcc/mips64-elf/12.2.0/../../../../mips64-elf/lib/libc.a(lib_a-svfprintf.o)
                0x0000000080005460                _svfprintf_r
 .text          0x0000000080007490     0x22a0 /home/pepsiman/n64/lib/gcc/mips64-elf/12.2.0/../../../../mips64-elf/lib/libc.a(lib_a-vfprintf.o)
                0x0000000080007490                _vfprintf_r
                0x0000000080009648                vfprintf
 .text          0x0000000080009730       0x30 /home/pepsiman/n64/lib/gcc/mips64-elf/12.2.0/../../../../mips64-elf/lib/libc.a(lib_a-vprintf.o)
                0x0000000080009730                vprintf
                0x0000000080009748                _vprintf_r
 .text          0x0000000080009760       0xb8 /home/pepsiman/n64/lib/gcc/mips64-elf/12.2.0/../../../../mips64-elf/lib/libc.a(lib_a-vsprintf.o)
                0x0000000080009760                vsprintf
                0x00000000800097c0                _vsprintf_r
 .text          0x0000000080009818      0x1b8 /home/pepsiman/n64/lib/gcc/mips64-elf/12.2.0/../../../../mips64-elf/lib/libc.a(lib_a-wbuf.o)
                0x0000000080009818                __swbuf_r
                0x00000000800099b8                __swbuf
 .text          0x00000000800099d0       0x60 /home/pepsiman/n64/lib/gcc/mips64-elf/12.2.0/../../../../mips64-elf/lib/libc.a(lib_a-writer.o)
                0x00000000800099d0                _write_r
 .text          0x0000000080009a30      0x180 /home/pepsiman/n64/lib/gcc/mips64-elf/12.2.0/../../../../mips64-elf/lib/libc.a(lib_a-wsetup.o)
                0x0000000080009a30                __swsetup_r
 .text          0x0000000080009bb0       0x50 /home/pepsiman/n64/lib/gcc/mips64-elf/12.2.0/../../../../mips64-elf/lib/libc.a(lib_a-closer.o)
                0x0000000080009bb0                _close_r
 .text          0x0000000080009c00     0x16a8 /home/pepsiman/n64/lib/gcc/mips64-elf/12.2.0/../../../../mips64-elf/lib/libc.a(lib_a-dtoa.o)
                0x0000000080009e50                _dtoa_r
 .text          0x000000008000b2a8       0xc8 /home/pepsiman/n64/lib/gcc/mips64-elf/12.2.0/../../../../mips64-elf/lib/libc.a(lib_a-flags.o)
                0x000000008000b2a8                __sflags
 .text          0x000000008000b370       0x50 /home/pepsiman/n64/lib/gcc/mips64-elf/12.2.0/../../../../mips64-elf/lib/libc.a(lib_a-isattyr.o)
                0x000000008000b370                _isatty_r
 .text          0x000000008000b3c0       0x28 /home/pepsiman/n64/lib/gcc/mips64-elf/12.2.0/../../../../mips64-elf/lib/libc.a(lib_a-localeconv.o)
                0x000000008000b3c0                __localeconv_l
                0x000000008000b3c8                _localeconv_r
                0x000000008000b3d8                localeconv
 .text          0x000000008000b3e8       0x60 /home/pepsiman/n64/lib/gcc/mips64-elf/12.2.0/../../../../mips64-elf/lib/libc.a(lib_a-lseekr.o)
                0x000000008000b3e8                _lseek_r
 .text          0x000000008000b448     0x1428 /home/pepsiman/n64/lib/gcc/mips64-elf/12.2.0/../../../../mips64-elf/lib/libc.a(lib_a-mprec.o)
                0x000000008000b448                _Balloc
                0x000000008000b4f8                _Bfree
                0x000000008000b528                __multadd
                0x000000008000b688                __s2b
                0x000000008000b808                __hi0bits
                0x000000008000b890                __lo0bits
                0x000000008000b958                __i2b
                0x000000008000ba30                __multiply
                0x000000008000bcc0                __pow5mult
                0x000000008000be28                __lshift
                0x000000008000bfe0                __mcmp
                0x000000008000c048                __mdiff
                0x000000008000c2c0                __ulp
                0x000000008000c370                __b2d
                0x000000008000c508                __d2b
                0x000000008000c668                __ratio
                0x000000008000c728                _mprec_log10
                0x000000008000c768                __copybits
                0x000000008000c7f0                __any_on
 .text          0x000000008000c870       0x60 /home/pepsiman/n64/lib/gcc/mips64-elf/12.2.0/../../../../mips64-elf/lib/libc.a(lib_a-readr.o)
                0x000000008000c870                _read_r
 .text          0x000000008000c8d0     0x1188 /home/pepsiman/n64/lib/gcc/mips64-elf/12.2.0/../../../../mips64-elf/lib/libc.a(lib_a-svfiprintf.o)
                0x000000008000c8d0                __ssprint_r
                0x000000008000cb18                _svfiprintf_r
 .text          0x000000008000da58     0x1418 /home/pepsiman/n64/lib/gcc/mips64-elf/12.2.0/../../../../mips64-elf/lib/libc.a(lib_a-vfiprintf.o)
                0x000000008000db90                __sprint_r
                0x000000008000dbb0                _vfiprintf_r
                0x000000008000ed88                vfiprintf
 .text          0x000000008000ee70      0x120 /home/pepsiman/n64/lib/gcc/mips64-elf/12.2.0/../../../../mips64-elf/lib/libc.a(lib_a-callocr.o)
                0x000000008000ee70                _calloc_r
 .text          0x000000008000ef90        0x8 /home/pepsiman/n64/lib/gcc/mips64-elf/12.2.0/../../../../mips64-elf/lib/libc.a(lib_a-errno.o)
                0x000000008000ef90                __errno
 .text          0x000000008000ef98      0x1b8 /home/pepsiman/n64/lib/gcc/mips64-elf/12.2.0/../../../../mips64-elf/lib/libc.a(lib_a-fputwc.o)
                0x000000008000ef98                __fputwc
                0x000000008000f0b0                _fputwc_r
                0x000000008000f0d8                fputwc
 .text          0x000000008000f150      0x120 /home/pepsiman/n64/lib/gcc/mips64-elf/12.2.0/../../../../mips64-elf/lib/libc.a(lib_a-locale.o)
                0x000000008000f150                _setlocale_r
                0x000000008000f1d8                __locale_mb_cur_max
                0x000000008000f1e8                setlocale
 .text          0x000000008000f270       0x70 /home/pepsiman/n64/lib/gcc/mips64-elf/12.2.0/../../../../mips64-elf/lib/libc.a(lib_a-mbtowc_r.o)
                0x000000008000f270                _mbtowc_r
                0x000000008000f280                __ascii_mbtowc
 .text          0x000000008000f2e0      0x118 /home/pepsiman/n64/lib/gcc/mips64-elf/12.2.0/../../../../mips64-elf/lib/libc.a(lib_a-wcrtomb.o)
                0x000000008000f2e0                _wcrtomb_r
                0x000000008000f360                wcrtomb
 .text          0x000000008000f3f8       0x48 /home/pepsiman/n64/lib/gcc/mips64-elf/12.2.0/../../../../mips64-elf/lib/libc.a(lib_a-wctomb_r.o)
                0x000000008000f3f8                _wctomb_r
                0x000000008000f408                __ascii_wctomb
 *(.text.*)
 .text.debug_assert_func_f
                0x000000008000f440      0x180 /home/pepsiman/n64//mips64-elf/lib/libdragon.a(debug.o)
                0x000000008000f440                debug_assert_func_f
 .text.debug_assert_func
                0x000000008000f5c0       0x20 /home/pepsiman/n64//mips64-elf/lib/libdragon.a(debug.o)
                0x000000008000f5c0                debug_assert_func
 .text.debug_hexdump
                0x000000008000f5e0      0x280 /home/pepsiman/n64//mips64-elf/lib/libdragon.a(debug.o)
                0x000000008000f5e0                debug_hexdump
 .text.__console_render.part.0
                0x000000008000f860      0x100 /home/pepsiman/n64//mips64-elf/lib/libdragon.a(console.o)
 .text.__console_write
                0x000000008000f960      0x300 /home/pepsiman/n64//mips64-elf/lib/libdragon.a(console.o)
 .text.console_set_render_mode
                0x000000008000fc60       0x20 /home/pepsiman/n64//mips64-elf/lib/libdragon.a(console.o)
                0x000000008000fc60                console_set_render_mode
 .text.console_init
                0x000000008000fc80       0xc0 /home/pepsiman/n64//mips64-elf/lib/libdragon.a(console.o)
                0x000000008000fc80                console_init
 .text.console_close
                0x000000008000fd40       0x60 /home/pepsiman/n64//mips64-elf/lib/libdragon.a(console.o)
                0x000000008000fd40                console_close
 .text.console_render
                0x000000008000fda0       0x40 /home/pepsiman/n64//mips64-elf/lib/libdragon.a(console.o)
                0x000000008000fda0                console_render
 .text.console_set_debug
                0x000000008000fde0       0x20 /home/pepsiman/n64//mips64-elf/lib/libdragon.a(console.o)
                0x000000008000fde0                console_set_debug
 .text.graphics_draw_character.part.0
                0x000000008000fe00      0x2c0 /home/pepsiman/n64//mips64-elf/lib/libdragon.a(graphics.o)
 .text.graphics_set_color
                0x00000000800100c0       0x20 /home/pepsiman/n64//mips64-elf/lib/libdragon.a(graphics.o)
                0x00000000800100c0                graphics_set_color
 .text.graphics_fill_screen
                0x00000000800100e0       0x80 /home/pepsiman/n64//mips64-elf/lib/libdragon.a(graphics.o)
                0x00000000800100e0                graphics_fill_screen
 .text.graphics_set_default_font
                0x0000000080010160       0x80 /home/pepsiman/n64//mips64-elf/lib/libdragon.a(graphics.o)
                0x0000000080010160                graphics_set_default_font
 .text.graphics_draw_character
                0x00000000800101e0       0x20 /home/pepsiman/n64//mips64-elf/lib/libdragon.a(graphics.o)
                0x00000000800101e0                graphics_draw_character
 .text.sprite_load
                0x0000000080010200      0x120 /home/pepsiman/n64//mips64-elf/lib/libdragon.a(sprite.o)
                0x0000000080010200                sprite_load
 .text.sprite_free
                0x0000000080010320       0x40 /home/pepsiman/n64//mips64-elf/lib/libdragon.a(sprite.o)
                0x0000000080010320                sprite_free
 .text.sprite_get_pixels
                0x0000000080010360       0x40 /home/pepsiman/n64//mips64-elf/lib/libdragon.a(sprite.o)
                0x0000000080010360                sprite_get_pixels
 .text.dma_read_raw_async
                0x00000000800103a0       0xa0 /home/pepsiman/n64//mips64-elf/lib/libdragon.a(dma.o)
                0x00000000800103a0                dma_read_raw_async
 .text.dma_read_async
                0x0000000080010440      0x3a0 /home/pepsiman/n64//mips64-elf/lib/libdragon.a(dma.o)
                0x0000000080010440                dma_read_async
 .text.dma_read
                0x00000000800107e0       0x40 /home/pepsiman/n64//mips64-elf/lib/libdragon.a(dma.o)
                0x00000000800107e0                dma_read
 .text.io_read  0x0000000080010820       0x60 /home/pepsiman/n64//mips64-elf/lib/libdragon.a(dma.o)
                0x0000000080010820                io_read
 .text.__wrap___do_global_ctors
                0x0000000080010880       0xc0 /home/pepsiman/n64//mips64-elf/lib/libdragon.a(do_ctors.o)
                0x0000000080010880                __wrap___do_global_ctors
 .text.surface_alloc
                0x0000000080010940       0xa0 /home/pepsiman/n64//mips64-elf/lib/libdragon.a(surface.o)
                0x0000000080010940                surface_alloc
 .text.sys_bbplayer
                0x00000000800109e0       0x20 /home/pepsiman/n64//mips64-elf/lib/libdragon.a(n64sys.o)
                0x00000000800109e0                sys_bbplayer
 .text.data_cache_hit_writeback
                0x0000000080010a00       0x60 /home/pepsiman/n64//mips64-elf/lib/libdragon.a(n64sys.o)
                0x0000000080010a00                data_cache_hit_writeback
 .text.__data_cache_hit_invalidate
                0x0000000080010a60       0x60 /home/pepsiman/n64//mips64-elf/lib/libdragon.a(n64sys.o)
                0x0000000080010a60                __data_cache_hit_invalidate
 .text.data_cache_hit_writeback_invalidate
                0x0000000080010ac0       0x60 /home/pepsiman/n64//mips64-elf/lib/libdragon.a(n64sys.o)
                0x0000000080010ac0                data_cache_hit_writeback_invalidate
 .text.malloc_uncached_aligned
                0x0000000080010b20       0xc0 /home/pepsiman/n64//mips64-elf/lib/libdragon.a(n64sys.o)
                0x0000000080010b20                malloc_uncached_aligned
 .text.malloc_uncached
                0x0000000080010be0       0x20 /home/pepsiman/n64//mips64-elf/lib/libdragon.a(n64sys.o)
                0x0000000080010be0                malloc_uncached
 .text.free_uncached
                0x0000000080010c00       0x20 /home/pepsiman/n64//mips64-elf/lib/libdragon.a(n64sys.o)
                0x0000000080010c00                free_uncached
 .text.get_memory_size
                0x0000000080010c20       0x60 /home/pepsiman/n64//mips64-elf/lib/libdragon.a(n64sys.o)
                0x0000000080010c20                get_memory_size
 .text.get_tv_type
                0x0000000080010c80       0x20 /home/pepsiman/n64//mips64-elf/lib/libdragon.a(n64sys.o)
                0x0000000080010c80                get_tv_type
 .text.startup.__init_cop1
                0x0000000080010ca0       0x40 /home/pepsiman/n64//mips64-elf/lib/libdragon.a(n64sys.o)
                0x0000000080010ca0                __init_cop1
 .text.__MI_handler
                0x0000000080010ce0      0x220 /home/pepsiman/n64//mips64-elf/lib/libdragon.a(interrupt.o)
                0x0000000080010ce0                __MI_handler
 .text.__TI_handler
                0x0000000080010f00       0x60 /home/pepsiman/n64//mips64-elf/lib/libdragon.a(interrupt.o)
                0x0000000080010f00                __TI_handler
 .text.__CART_handler
                0x0000000080010f60       0xa0 /home/pepsiman/n64//mips64-elf/lib/libdragon.a(interrupt.o)
                0x0000000080010f60                __CART_handler
 .text.register_AI_handler
                0x0000000080011000       0x60 /home/pepsiman/n64//mips64-elf/lib/libdragon.a(interrupt.o)
                0x0000000080011000                register_AI_handler
 .text.register_VI_handler
                0x0000000080011060       0x60 /home/pepsiman/n64//mips64-elf/lib/libdragon.a(interrupt.o)
                0x0000000080011060                register_VI_handler
 .text.unregister_VI_handler
                0x00000000800110c0       0x60 /home/pepsiman/n64//mips64-elf/lib/libdragon.a(interrupt.o)
                0x00000000800110c0                unregister_VI_handler
 .text.register_DP_handler
                0x0000000080011120       0x60 /home/pepsiman/n64//mips64-elf/lib/libdragon.a(interrupt.o)
                0x0000000080011120                register_DP_handler
 .text.register_SI_handler
                0x0000000080011180       0x60 /home/pepsiman/n64//mips64-elf/lib/libdragon.a(interrupt.o)
                0x0000000080011180                register_SI_handler
 .text.register_SP_handler
                0x00000000800111e0       0x60 /home/pepsiman/n64//mips64-elf/lib/libdragon.a(interrupt.o)
                0x00000000800111e0                register_SP_handler
 .text.set_AI_interrupt
                0x0000000080011240       0x40 /home/pepsiman/n64//mips64-elf/lib/libdragon.a(interrupt.o)
                0x0000000080011240                set_AI_interrupt
 .text.set_VI_interrupt
                0x0000000080011280       0x40 /home/pepsiman/n64//mips64-elf/lib/libdragon.a(interrupt.o)
                0x0000000080011280                set_VI_interrupt
 .text.set_DP_interrupt
                0x00000000800112c0       0x40 /home/pepsiman/n64//mips64-elf/lib/libdragon.a(interrupt.o)
                0x00000000800112c0                set_DP_interrupt
 .text.set_SI_interrupt
                0x0000000080011300       0x40 /home/pepsiman/n64//mips64-elf/lib/libdragon.a(interrupt.o)
                0x0000000080011300                set_SI_interrupt
 .text.set_SP_interrupt
                0x0000000080011340       0x40 /home/pepsiman/n64//mips64-elf/lib/libdragon.a(interrupt.o)
                0x0000000080011340                set_SP_interrupt
 .text.startup.__init_interrupts
                0x0000000080011380       0x40 /home/pepsiman/n64//mips64-elf/lib/libdragon.a(interrupt.o)
                0x0000000080011380                __init_interrupts
 .text.disable_interrupts
                0x00000000800113c0       0x60 /home/pepsiman/n64//mips64-elf/lib/libdragon.a(interrupt.o)
                0x00000000800113c0                disable_interrupts
 .text.enable_interrupts
                0x0000000080011420       0x80 /home/pepsiman/n64//mips64-elf/lib/libdragon.a(interrupt.o)
                0x0000000080011420                enable_interrupts
 .text.get_interrupts_state
                0x00000000800114a0       0x20 /home/pepsiman/n64//mips64-elf/lib/libdragon.a(interrupt.o)
                0x00000000800114a0                get_interrupts_state
 .text.__display_callback
                0x00000000800114c0       0xc0 /home/pepsiman/n64//mips64-elf/lib/libdragon.a(display.o)
 .text.display_show.part.0
                0x0000000080011580      0x140 /home/pepsiman/n64//mips64-elf/lib/libdragon.a(display.o)
 .text.display_init
                0x00000000800116c0      0x580 /home/pepsiman/n64//mips64-elf/lib/libdragon.a(display.o)
                0x00000000800116c0                display_init
 .text.display_close
                0x0000000080011c40       0xc0 /home/pepsiman/n64//mips64-elf/lib/libdragon.a(display.o)
                0x0000000080011c40                display_close
 .text.display_lock
                0x0000000080011d00       0xe0 /home/pepsiman/n64//mips64-elf/lib/libdragon.a(display.o)
                0x0000000080011d00                display_lock
 .text.display_show
                0x0000000080011de0       0x20 /home/pepsiman/n64//mips64-elf/lib/libdragon.a(display.o)
                0x0000000080011de0                display_show
 .text.display_show_force
                0x0000000080011e00       0x40 /home/pepsiman/n64//mips64-elf/lib/libdragon.a(display.o)
                0x0000000080011e00                display_show_force
 .text.display_get_bitdepth
                0x0000000080011e40       0x20 /home/pepsiman/n64//mips64-elf/lib/libdragon.a(display.o)
                0x0000000080011e40                display_get_bitdepth
 .text.exception_default_handler
                0x0000000080011e60      0x820 /home/pepsiman/n64//mips64-elf/lib/libdragon.a(exception.o)
                0x0000000080011e60                exception_default_handler
 .text.__onCriticalException
                0x0000000080012680       0x60 /home/pepsiman/n64//mips64-elf/lib/libdragon.a(exception.o)
                0x0000000080012680                __onCriticalException
 .text.exception_reset_time
                0x00000000800126e0       0x20 /home/pepsiman/n64//mips64-elf/lib/libdragon.a(exception.o)
                0x00000000800126e0                exception_reset_time
 .text.__onResetException
                0x0000000080012700       0x60 /home/pepsiman/n64//mips64-elf/lib/libdragon.a(exception.o)
                0x0000000080012700                __onResetException
 .text.__get_fs_link_by_name
                0x0000000080012760      0x120 /home/pepsiman/n64//mips64-elf/lib/libdragonsys.a(system.o)
 .text.attach_filesystem
                0x0000000080012880      0x200 /home/pepsiman/n64//mips64-elf/lib/libdragonsys.a(system.o)
                0x0000000080012880                attach_filesystem
 .text.close    0x0000000080012a80      0x120 /home/pepsiman/n64//mips64-elf/lib/libdragonsys.a(system.o)
                0x0000000080012a80                close
 .text._exit    0x0000000080012ba0       0x20 /home/pepsiman/n64//mips64-elf/lib/libdragonsys.a(system.o)
                0x0000000080012ba0                _exit
 .text.fstat    0x0000000080012bc0      0x100 /home/pepsiman/n64//mips64-elf/lib/libdragonsys.a(system.o)
                0x0000000080012bc0                fstat
 .text.getpid   0x0000000080012cc0       0x20 /home/pepsiman/n64//mips64-elf/lib/libdragonsys.a(system.o)
                0x0000000080012cc0                getpid
 .text.isatty   0x0000000080012ce0       0x40 /home/pepsiman/n64//mips64-elf/lib/libdragonsys.a(system.o)
                0x0000000080012ce0                isatty
 .text.kill     0x0000000080012d20       0x20 /home/pepsiman/n64//mips64-elf/lib/libdragonsys.a(system.o)
                0x0000000080012d20                kill
 .text.lseek    0x0000000080012d40      0x100 /home/pepsiman/n64//mips64-elf/lib/libdragonsys.a(system.o)
                0x0000000080012d40                lseek
 .text.open     0x0000000080012e40      0x160 /home/pepsiman/n64//mips64-elf/lib/libdragonsys.a(system.o)
                0x0000000080012e40                open
 .text.read     0x0000000080012fa0      0x140 /home/pepsiman/n64//mips64-elf/lib/libdragonsys.a(system.o)
                0x0000000080012fa0                read
 .text.sbrk     0x00000000800130e0       0xc0 /home/pepsiman/n64//mips64-elf/lib/libdragonsys.a(system.o)
                0x00000000800130e0                sbrk
 .text.write    0x00000000800131a0      0x140 /home/pepsiman/n64//mips64-elf/lib/libdragonsys.a(system.o)
                0x00000000800131a0                write
 .text.hook_stdio_calls
                0x00000000800132e0       0x60 /home/pepsiman/n64//mips64-elf/lib/libdragonsys.a(system.o)
                0x00000000800132e0                hook_stdio_calls
 .text.unhook_stdio_calls
                0x0000000080013340       0x80 /home/pepsiman/n64//mips64-elf/lib/libdragonsys.a(system.o)
                0x0000000080013340                unhook_stdio_calls
 .text.__assert_func
                0x00000000800133c0       0x20 /home/pepsiman/n64//mips64-elf/lib/libdragonsys.a(system.o)
                0x00000000800133c0                __assert_func
 .text.startup.main
                0x00000000800133e0      0x200 build/source/main.o
                0x00000000800133e0                main
 .text.get_next_token
                0x00000000800135e0       0xa0 /home/pepsiman/n64/lib/gcc/mips64-elf/12.2.0/../../../../mips64-elf/lib/libdragon.a(dragonfs.o)
 .text.recurse_path
                0x0000000080013680      0x3c0 /home/pepsiman/n64/lib/gcc/mips64-elf/12.2.0/../../../../mips64-elf/lib/libdragon.a(dragonfs.o)
 .text.__close  0x0000000080013a40       0x80 /home/pepsiman/n64/lib/gcc/mips64-elf/12.2.0/../../../../mips64-elf/lib/libdragon.a(dragonfs.o)
 .text.__fstat  0x0000000080013ac0       0xa0 /home/pepsiman/n64/lib/gcc/mips64-elf/12.2.0/../../../../mips64-elf/lib/libdragon.a(dragonfs.o)
 .text.dfs_dir_findfirst
                0x0000000080013b60       0xc0 /home/pepsiman/n64/lib/gcc/mips64-elf/12.2.0/../../../../mips64-elf/lib/libdragon.a(dragonfs.o)
                0x0000000080013b60                dfs_dir_findfirst
 .text.__findfirst
                0x0000000080013c20       0x80 /home/pepsiman/n64/lib/gcc/mips64-elf/12.2.0/../../../../mips64-elf/lib/libdragon.a(dragonfs.o)
 .text.dfs_dir_findnext
                0x0000000080013ca0       0xc0 /home/pepsiman/n64/lib/gcc/mips64-elf/12.2.0/../../../../mips64-elf/lib/libdragon.a(dragonfs.o)
                0x0000000080013ca0                dfs_dir_findnext
 .text.__findnext
                0x0000000080013d60       0x60 /home/pepsiman/n64/lib/gcc/mips64-elf/12.2.0/../../../../mips64-elf/lib/libdragon.a(dragonfs.o)
 .text.dfs_open
                0x0000000080013dc0      0x120 /home/pepsiman/n64/lib/gcc/mips64-elf/12.2.0/../../../../mips64-elf/lib/libdragon.a(dragonfs.o)
                0x0000000080013dc0                dfs_open
 .text.__open   0x0000000080013ee0       0x60 /home/pepsiman/n64/lib/gcc/mips64-elf/12.2.0/../../../../mips64-elf/lib/libdragon.a(dragonfs.o)
 .text.dfs_seek
                0x0000000080013f40      0x100 /home/pepsiman/n64/lib/gcc/mips64-elf/12.2.0/../../../../mips64-elf/lib/libdragon.a(dragonfs.o)
                0x0000000080013f40                dfs_seek
 .text.__lseek  0x0000000080014040       0x80 /home/pepsiman/n64/lib/gcc/mips64-elf/12.2.0/../../../../mips64-elf/lib/libdragon.a(dragonfs.o)
 .text.dfs_read
                0x00000000800140c0      0x280 /home/pepsiman/n64/lib/gcc/mips64-elf/12.2.0/../../../../mips64-elf/lib/libdragon.a(dragonfs.o)
                0x00000000800140c0                dfs_read
 .text.__read   0x0000000080014340       0x20 /home/pepsiman/n64/lib/gcc/mips64-elf/12.2.0/../../../../mips64-elf/lib/libdragon.a(dragonfs.o)
 .text.dfs_init
                0x0000000080014360      0x1a0 /home/pepsiman/n64/lib/gcc/mips64-elf/12.2.0/../../../../mips64-elf/lib/libdragon.a(dragonfs.o)
                0x0000000080014360                dfs_init
 .text.audio_callback.part.0
                0x0000000080014500      0x1e0 /home/pepsiman/n64/lib/gcc/mips64-elf/12.2.0/../../../../mips64-elf/lib/libdragon.a(audio.o)
 .text.audio_callback
                0x00000000800146e0       0x60 /home/pepsiman/n64/lib/gcc/mips64-elf/12.2.0/../../../../mips64-elf/lib/libdragon.a(audio.o)
 .text.audio_init
                0x0000000080014740      0x200 /home/pepsiman/n64/lib/gcc/mips64-elf/12.2.0/../../../../mips64-elf/lib/libdragon.a(audio.o)
                0x0000000080014740                audio_init
 .text.controller_interrupt_update
                0x0000000080014940       0x80 /home/pepsiman/n64/lib/gcc/mips64-elf/12.2.0/../../../../mips64-elf/lib/libdragon.a(controller.o)
 .text.controller_interrupt
                0x00000000800149c0       0x40 /home/pepsiman/n64/lib/gcc/mips64-elf/12.2.0/../../../../mips64-elf/lib/libdragon.a(controller.o)
 .text.controller_init
                0x0000000080014a00       0xa0 /home/pepsiman/n64/lib/gcc/mips64-elf/12.2.0/../../../../mips64-elf/lib/libdragon.a(controller.o)
                0x0000000080014a00                controller_init
 .text.controller_scan
                0x0000000080014aa0      0x100 /home/pepsiman/n64/lib/gcc/mips64-elf/12.2.0/../../../../mips64-elf/lib/libdragon.a(controller.o)
                0x0000000080014aa0                controller_scan
 .text.get_keys_down
                0x0000000080014ba0       0xa0 /home/pepsiman/n64/lib/gcc/mips64-elf/12.2.0/../../../../mips64-elf/lib/libdragon.a(controller.o)
                0x0000000080014ba0                get_keys_down
 .text.rdp_init
                0x0000000080014c40       0x20 /home/pepsiman/n64/lib/gcc/mips64-elf/12.2.0/../../../../mips64-elf/lib/libdragon.a(rdp.o)
                0x0000000080014c40                rdp_init
 .text.rspq_sp_interrupt
                0x0000000080014c60       0xa0 /home/pepsiman/n64/lib/gcc/mips64-elf/12.2.0/../../../../mips64-elf/lib/libdragon.a(rspq.o)
 .text.rspq_switch_context
                0x0000000080014d00       0x60 /home/pepsiman/n64/lib/gcc/mips64-elf/12.2.0/../../../../mips64-elf/lib/libdragon.a(rspq.o)
 .text.rspq_flush_internal
                0x0000000080014d60       0x40 /home/pepsiman/n64/lib/gcc/mips64-elf/12.2.0/../../../../mips64-elf/lib/libdragon.a(rspq.o)
 .text.rspq_init_context
                0x0000000080014da0       0xa0 /home/pepsiman/n64/lib/gcc/mips64-elf/12.2.0/../../../../mips64-elf/lib/libdragon.a(rspq.o)
 .text.rspq_switch_buffer.part.0
                0x0000000080014e40       0x40 /home/pepsiman/n64/lib/gcc/mips64-elf/12.2.0/../../../../mips64-elf/lib/libdragon.a(rspq.o)
 .text.rspq_crash_handler
                0x0000000080014e80      0x360 /home/pepsiman/n64/lib/gcc/mips64-elf/12.2.0/../../../../mips64-elf/lib/libdragon.a(rspq.o)
 .text.rspq_assert_handler
                0x00000000800151e0      0x100 /home/pepsiman/n64/lib/gcc/mips64-elf/12.2.0/../../../../mips64-elf/lib/libdragon.a(rspq.o)
 .text.rspq_init
                0x00000000800152e0      0x300 /home/pepsiman/n64/lib/gcc/mips64-elf/12.2.0/../../../../mips64-elf/lib/libdragon.a(rspq.o)
                0x00000000800152e0                rspq_init
 .text.rspq_next_buffer
                0x00000000800155e0      0x2e0 /home/pepsiman/n64/lib/gcc/mips64-elf/12.2.0/../../../../mips64-elf/lib/libdragon.a(rspq.o)
                0x00000000800155e0                rspq_next_buffer
 .text.rspq_highpri_begin
                0x00000000800158c0       0xe0 /home/pepsiman/n64/lib/gcc/mips64-elf/12.2.0/../../../../mips64-elf/lib/libdragon.a(rspq.o)
                0x00000000800158c0                rspq_highpri_begin
 .text.rspq_highpri_end
                0x00000000800159a0       0xa0 /home/pepsiman/n64/lib/gcc/mips64-elf/12.2.0/../../../../mips64-elf/lib/libdragon.a(rspq.o)
                0x00000000800159a0                rspq_highpri_end
 .text.rspq_syncpoint_new
                0x0000000080015a40       0xe0 /home/pepsiman/n64/lib/gcc/mips64-elf/12.2.0/../../../../mips64-elf/lib/libdragon.a(rspq.o)
                0x0000000080015a40                rspq_syncpoint_new
 .text.rspq_syncpoint_wait
                0x0000000080015b20      0x160 /home/pepsiman/n64/lib/gcc/mips64-elf/12.2.0/../../../../mips64-elf/lib/libdragon.a(rspq.o)
                0x0000000080015b20                rspq_syncpoint_wait
 .text.rspq_overlay_get_state
                0x0000000080015c80      0x180 /home/pepsiman/n64/lib/gcc/mips64-elf/12.2.0/../../../../mips64-elf/lib/libdragon.a(rspq.o)
                0x0000000080015c80                rspq_overlay_get_state
 .text.rspq_overlay_register_internal
                0x0000000080015e00      0x580 /home/pepsiman/n64/lib/gcc/mips64-elf/12.2.0/../../../../mips64-elf/lib/libdragon.a(rspq.o)
 .text.rspq_overlay_register_static
                0x0000000080016380       0x60 /home/pepsiman/n64/lib/gcc/mips64-elf/12.2.0/../../../../mips64-elf/lib/libdragon.a(rspq.o)
                0x0000000080016380                rspq_overlay_register_static
 .text.__rdpq_interrupt
                0x00000000800163e0       0xa0 /home/pepsiman/n64/lib/gcc/mips64-elf/12.2.0/../../../../mips64-elf/lib/libdragon.a(rdpq.o)
 .text.rdpq_assert_handler
                0x0000000080016480       0x60 /home/pepsiman/n64/lib/gcc/mips64-elf/12.2.0/../../../../mips64-elf/lib/libdragon.a(rdpq.o)
 .text.rdpq_init
                0x00000000800164e0       0xe0 /home/pepsiman/n64/lib/gcc/mips64-elf/12.2.0/../../../../mips64-elf/lib/libdragon.a(rdpq.o)
                0x00000000800164e0                rdpq_init
 .text.__rdpq_block_next_buffer
                0x00000000800165c0      0x180 /home/pepsiman/n64/lib/gcc/mips64-elf/12.2.0/../../../../mips64-elf/lib/libdragon.a(rdpq.o)
                0x00000000800165c0                __rdpq_block_next_buffer
 .text.rdpq_fence
                0x0000000080016740      0x120 /home/pepsiman/n64/lib/gcc/mips64-elf/12.2.0/../../../../mips64-elf/lib/libdragon.a(rdpq.o)
                0x0000000080016740                rdpq_fence
 .text.__rdpq_trace
                0x0000000080016860       0x20 /home/pepsiman/n64/lib/gcc/mips64-elf/12.2.0/../../../../mips64-elf/lib/libdragon.a(rdpq_debug.o)
                0x0000000080016860                __rdpq_trace
 .text.decode_som
                0x0000000080016880      0x2a0 /home/pepsiman/n64/lib/gcc/mips64-elf/12.2.0/../../../../mips64-elf/lib/libdragon.a(rdpq_debug.o)
 .text.mark_busy_tmem
                0x0000000080016b20      0x160 /home/pepsiman/n64/lib/gcc/mips64-elf/12.2.0/../../../../mips64-elf/lib/libdragon.a(rdpq_debug.o)
 .text.__rdpq_debug_disasm
                0x0000000080016c80     0x2320 /home/pepsiman/n64/lib/gcc/mips64-elf/12.2.0/../../../../mips64-elf/lib/libdragon.a(rdpq_debug.o)
 .text.validate_emit_error
                0x0000000080018fa0      0x360 /home/pepsiman/n64/lib/gcc/mips64-elf/12.2.0/../../../../mips64-elf/lib/libdragon.a(rdpq_debug.o)
 .text.validate_draw_cmd
                0x0000000080019300      0x300 /home/pepsiman/n64/lib/gcc/mips64-elf/12.2.0/../../../../mips64-elf/lib/libdragon.a(rdpq_debug.o)
 .text.lazy_validate_rendermode.part.0
                0x0000000080019600      0x540 /home/pepsiman/n64/lib/gcc/mips64-elf/12.2.0/../../../../mips64-elf/lib/libdragon.a(rdpq_debug.o)
 .text.use_tile.constprop.0
                0x0000000080019b40      0x560 /home/pepsiman/n64/lib/gcc/mips64-elf/12.2.0/../../../../mips64-elf/lib/libdragon.a(rdpq_debug.o)
 .text.log_coalesce_tris
                0x000000008001a0a0      0x120 /home/pepsiman/n64/lib/gcc/mips64-elf/12.2.0/../../../../mips64-elf/lib/libdragon.a(rdpq_debug.o)
                0x000000008001a0a0                log_coalesce_tris
 .text.rdpq_debug_start
                0x000000008001a1c0       0xa0 /home/pepsiman/n64/lib/gcc/mips64-elf/12.2.0/../../../../mips64-elf/lib/libdragon.a(rdpq_debug.o)
                0x000000008001a1c0                rdpq_debug_start
 .text.rdpq_validate
                0x000000008001a260      0xca0 /home/pepsiman/n64/lib/gcc/mips64-elf/12.2.0/../../../../mips64-elf/lib/libdragon.a(rdpq_debug.o)
                0x000000008001a260                rdpq_validate
 .text.__rdpq_trace_flush
                0x000000008001af00      0x2e0 /home/pepsiman/n64/lib/gcc/mips64-elf/12.2.0/../../../../mips64-elf/lib/libdragon.a(rdpq_debug.o)
                0x000000008001af00                __rdpq_trace_flush
 .text.__rdpq_trace_fetch
                0x000000008001b1e0      0x200 /home/pepsiman/n64/lib/gcc/mips64-elf/12.2.0/../../../../mips64-elf/lib/libdragon.a(rdpq_debug.o)
                0x000000008001b1e0                __rdpq_trace_fetch
 .text.joybus_msg_send
                0x000000008001b3e0       0x80 /home/pepsiman/n64/lib/gcc/mips64-elf/12.2.0/../../../../mips64-elf/lib/libdragon.a(joybus.o)
 .text.si_interrupt
                0x000000008001b460      0x1a0 /home/pepsiman/n64/lib/gcc/mips64-elf/12.2.0/../../../../mips64-elf/lib/libdragon.a(joybus.o)
 .text.startup.__joybus_init
                0x000000008001b600       0x60 /home/pepsiman/n64/lib/gcc/mips64-elf/12.2.0/../../../../mips64-elf/lib/libdragon.a(joybus.o)
                0x000000008001b600                __joybus_init
 .text.joybus_exec_async
                0x000000008001b660      0x1a0 /home/pepsiman/n64/lib/gcc/mips64-elf/12.2.0/../../../../mips64-elf/lib/libdragon.a(joybus.o)
                0x000000008001b660                joybus_exec_async
 .text.rsp_load_code
                0x000000008001b800      0x100 /home/pepsiman/n64/lib/gcc/mips64-elf/12.2.0/../../../../mips64-elf/lib/libdragon.a(rsp.o)
                0x000000008001b800                rsp_load_code
 .text.rsp_load_data
                0x000000008001b900       0xe0 /home/pepsiman/n64/lib/gcc/mips64-elf/12.2.0/../../../../mips64-elf/lib/libdragon.a(rsp.o)
                0x000000008001b900                rsp_load_data
 .text.rsp_load
                0x000000008001b9e0       0x60 /home/pepsiman/n64/lib/gcc/mips64-elf/12.2.0/../../../../mips64-elf/lib/libdragon.a(rsp.o)
                0x000000008001b9e0                rsp_load
 .text.rsp_read_code
                0x000000008001ba40       0xe0 /home/pepsiman/n64/lib/gcc/mips64-elf/12.2.0/../../../../mips64-elf/lib/libdragon.a(rsp.o)
                0x000000008001ba40                rsp_read_code
 .text.rsp_read_data
                0x000000008001bb20       0xe0 /home/pepsiman/n64/lib/gcc/mips64-elf/12.2.0/../../../../mips64-elf/lib/libdragon.a(rsp.o)
                0x000000008001bb20                rsp_read_data
 .text.__rsp_run_async
                0x000000008001bc00       0x40 /home/pepsiman/n64/lib/gcc/mips64-elf/12.2.0/../../../../mips64-elf/lib/libdragon.a(rsp.o)
                0x000000008001bc00                __rsp_run_async
 .text.__rsp_crash
                0x000000008001bc40      0xae0 /home/pepsiman/n64/lib/gcc/mips64-elf/12.2.0/../../../../mips64-elf/lib/libdragon.a(rsp.o)
                0x000000008001bc40                __rsp_crash
 .text.__rsp_check_assert
                0x000000008001c720       0x80 /home/pepsiman/n64/lib/gcc/mips64-elf/12.2.0/../../../../mips64-elf/lib/libdragon.a(rsp.o)
                0x000000008001c720                __rsp_check_assert
 .text.rsp_wait
                0x000000008001c7a0      0x100 /home/pepsiman/n64/lib/gcc/mips64-elf/12.2.0/../../../../mips64-elf/lib/libdragon.a(rsp.o)
                0x000000008001c7a0                rsp_wait
 .text.rsp_run  0x000000008001c8a0       0x40 /home/pepsiman/n64/lib/gcc/mips64-elf/12.2.0/../../../../mips64-elf/lib/libdragon.a(rsp.o)
                0x000000008001c8a0                rsp_run
 *(.init)
 .init          0x000000008001c8e0        0x8 /home/pepsiman/n64/lib/gcc/mips64-elf/12.2.0/crti.o
                0x000000008001c8e0                _init
 *(.fini)
 .fini          0x000000008001c8e8        0x8 /home/pepsiman/n64/lib/gcc/mips64-elf/12.2.0/crti.o
                0x000000008001c8e8                _fini
 *(.gnu.linkonce.t.*)
                0x000000008001c8f0                . = ALIGN (0x10)
                0x000000008001c8f0                __text_end = .

.eh_frame_hdr
 *(.eh_frame_hdr)

.eh_frame       0x000000008001c8f0        0x4
 *(.eh_frame)
 .eh_frame      0x000000008001c8f0        0x0 /home/pepsiman/n64/lib/gcc/mips64-elf/12.2.0/crtbegin.o
 .eh_frame      0x000000008001c8f0        0x4 /home/pepsiman/n64/lib/gcc/mips64-elf/12.2.0/crtend.o

.gcc_except_table
 *(.gcc_except_table*)

.jcr
 *(.jcr)

.rodata         0x000000008001c8f8    0x11810
 *(.rdata)
 *(.rodata)
 .rodata        0x000000008001c8f8      0x188 /home/pepsiman/n64/lib/gcc/mips64-elf/12.2.0/../../../../mips64-elf/lib/libc.a(lib_a-svfprintf.o)
 .rodata        0x000000008001ca80      0x188 /home/pepsiman/n64/lib/gcc/mips64-elf/12.2.0/../../../../mips64-elf/lib/libc.a(lib_a-vfprintf.o)
 .rodata        0x000000008001cc08      0x128 /home/pepsiman/n64/lib/gcc/mips64-elf/12.2.0/../../../../mips64-elf/lib/libc.a(lib_a-mprec.o)
                0x000000008001cc18                __mprec_tinytens
                0x000000008001cc40                __mprec_bigtens
                0x000000008001cc68                __mprec_tens
 .rodata        0x000000008001cd30      0x188 /home/pepsiman/n64/lib/gcc/mips64-elf/12.2.0/../../../../mips64-elf/lib/libc.a(lib_a-svfiprintf.o)
 .rodata        0x000000008001ceb8      0x188 /home/pepsiman/n64/lib/gcc/mips64-elf/12.2.0/../../../../mips64-elf/lib/libc.a(lib_a-vfiprintf.o)
 .rodata        0x000000008001d040      0x288 /home/pepsiman/n64/lib/gcc/mips64-elf/12.2.0/../../../../mips64-elf/lib/libc.a(lib_a-ctype_.o)
                0x000000008001d040                _ctype_
                0x000000008001d148                _ctype_b
 *(.rodata.*)
 .rodata.debug_assert_func_f.str1.8
                0x000000008001d2c8       0x3d /home/pepsiman/n64//mips64-elf/lib/libdragon.a(debug.o)
                                         0x45 (size before relaxing)
 *fill*         0x000000008001d305        0x3 
 .rodata.debug_hexdump.str1.8
                0x000000008001d308       0x2b /home/pepsiman/n64//mips64-elf/lib/libdragon.a(debug.o)
 *fill*         0x000000008001d333        0x5 
 .rodata.__font_data_32
                0x000000008001d338     0x8008 /home/pepsiman/n64//mips64-elf/lib/libdragon.a(graphics.o)
 .rodata.__font_data_16
                0x0000000080025340     0x4008 /home/pepsiman/n64//mips64-elf/lib/libdragon.a(graphics.o)
 .rodata.__sprite_ext.str1.8
                0x0000000080029348       0x25 /home/pepsiman/n64//mips64-elf/lib/libdragon.a(sprite.o)
 *fill*         0x000000008002936d        0x3 
 .rodata.sprite_load.str1.8
                0x0000000080029370       0x1c /home/pepsiman/n64//mips64-elf/lib/libdragon.a(sprite.o)
                                         0x24 (size before relaxing)
 *fill*         0x000000008002938c        0x4 
 .rodata.__func__.3
                0x0000000080029390        0xc /home/pepsiman/n64//mips64-elf/lib/libdragon.a(sprite.o)
 *fill*         0x000000008002939c        0x4 
 .rodata.dma_write_raw_async.part.0.str1.8
                0x00000000800293a0       0x12 /home/pepsiman/n64//mips64-elf/lib/libdragon.a(dma.o)
 *fill*         0x00000000800293b2        0x6 
 .rodata.dma_read_async.str1.8
                0x00000000800293b8       0x8d /home/pepsiman/n64//mips64-elf/lib/libdragon.a(dma.o)
 *fill*         0x0000000080029445        0x3 
 .rodata.__func__.0
                0x0000000080029448        0xf /home/pepsiman/n64//mips64-elf/lib/libdragon.a(dma.o)
 *fill*         0x0000000080029457        0x1 
 .rodata.__func__.2
                0x0000000080029458       0x13 /home/pepsiman/n64//mips64-elf/lib/libdragon.a(dma.o)
 *fill*         0x000000008002946b        0x5 
 .rodata.__do_global_ctors.str1.8
                0x0000000080029470       0xa1 /home/pepsiman/n64//mips64-elf/lib/libdragon.a(do_ctors.o)
 *fill*         0x0000000080029511        0x7 
 .rodata.__wrap___do_global_ctors.str1.8
                0x0000000080029518       0xbb /home/pepsiman/n64//mips64-elf/lib/libdragon.a(do_ctors.o)
 *fill*         0x00000000800295d3        0x5 
 .rodata.__func__.0
                0x00000000800295d8       0x19 /home/pepsiman/n64//mips64-elf/lib/libdragon.a(do_ctors.o)
 *fill*         0x00000000800295f1        0x7 
 .rodata.malloc_uncached_aligned.str1.8
                0x00000000800295f8       0x3d /home/pepsiman/n64//mips64-elf/lib/libdragon.a(n64sys.o)
 *fill*         0x0000000080029635        0x3 
 .rodata.__func__.0
                0x0000000080029638       0x18 /home/pepsiman/n64//mips64-elf/lib/libdragon.a(n64sys.o)
 .rodata.__CART_handler.str1.8
                0x0000000080029650       0x8a /home/pepsiman/n64//mips64-elf/lib/libdragon.a(interrupt.o)
 *fill*         0x00000000800296da        0x6 
 .rodata.enable_interrupts.str1.8
                0x00000000800296e0       0x3c /home/pepsiman/n64//mips64-elf/lib/libdragon.a(interrupt.o)
 *fill*         0x000000008002971c        0x4 
 .rodata.__func__.0
                0x0000000080029720       0x12 /home/pepsiman/n64//mips64-elf/lib/libdragon.a(interrupt.o)
 *fill*         0x0000000080029732        0x6 
 .rodata.__func__.1
                0x0000000080029738        0xf /home/pepsiman/n64//mips64-elf/lib/libdragon.a(interrupt.o)
 *fill*         0x0000000080029747        0x1 
 .rodata.display_show.part.0.str1.8
                0x0000000080029748       0xf9 /home/pepsiman/n64//mips64-elf/lib/libdragon.a(display.o)
 *fill*         0x0000000080029841        0x7 
 .rodata.display_init.str1.8
                0x0000000080029848       0xc9 /home/pepsiman/n64//mips64-elf/lib/libdragon.a(display.o)
 *fill*         0x0000000080029911        0x3 
 .rodata.display_init
                0x0000000080029914       0x30 /home/pepsiman/n64//mips64-elf/lib/libdragon.a(display.o)
 *fill*         0x0000000080029944        0x4 
 .rodata.__func__.0
                0x0000000080029948        0xd /home/pepsiman/n64//mips64-elf/lib/libdragon.a(display.o)
 *fill*         0x0000000080029955        0x3 
 .rodata.__func__.1
                0x0000000080029958        0xd /home/pepsiman/n64//mips64-elf/lib/libdragon.a(display.o)
 *fill*         0x0000000080029965        0x3 
 .rodata.reg_values
                0x0000000080029968       0x48 /home/pepsiman/n64//mips64-elf/lib/libdragon.a(display.o)
 .rodata.mpal_640p
                0x00000000800299b0       0x38 /home/pepsiman/n64//mips64-elf/lib/libdragon.a(display.o)
 .rodata.pal_640p
                0x00000000800299e8       0x38 /home/pepsiman/n64//mips64-elf/lib/libdragon.a(display.o)
 .rodata.ntsc_640p
                0x0000000080029a20       0x38 /home/pepsiman/n64//mips64-elf/lib/libdragon.a(display.o)
 .rodata.mpal_512p
                0x0000000080029a58       0x38 /home/pepsiman/n64//mips64-elf/lib/libdragon.a(display.o)
 .rodata.pal_512p
                0x0000000080029a90       0x38 /home/pepsiman/n64//mips64-elf/lib/libdragon.a(display.o)
 .rodata.ntsc_512p
                0x0000000080029ac8       0x38 /home/pepsiman/n64//mips64-elf/lib/libdragon.a(display.o)
 .rodata.mpal_512
                0x0000000080029b00       0x38 /home/pepsiman/n64//mips64-elf/lib/libdragon.a(display.o)
 .rodata.pal_512
                0x0000000080029b38       0x38 /home/pepsiman/n64//mips64-elf/lib/libdragon.a(display.o)
 .rodata.ntsc_512
                0x0000000080029b70       0x38 /home/pepsiman/n64//mips64-elf/lib/libdragon.a(display.o)
 .rodata.mpal_256
                0x0000000080029ba8       0x38 /home/pepsiman/n64//mips64-elf/lib/libdragon.a(display.o)
 .rodata.pal_256
                0x0000000080029be0       0x38 /home/pepsiman/n64//mips64-elf/lib/libdragon.a(display.o)
 .rodata.ntsc_256
                0x0000000080029c18       0x38 /home/pepsiman/n64//mips64-elf/lib/libdragon.a(display.o)
 .rodata.mpal_640
                0x0000000080029c50       0x38 /home/pepsiman/n64//mips64-elf/lib/libdragon.a(display.o)
 .rodata.pal_640
                0x0000000080029c88       0x38 /home/pepsiman/n64//mips64-elf/lib/libdragon.a(display.o)
 .rodata.ntsc_640
                0x0000000080029cc0       0x38 /home/pepsiman/n64//mips64-elf/lib/libdragon.a(display.o)
 .rodata.mpal_320
                0x0000000080029cf8       0x38 /home/pepsiman/n64//mips64-elf/lib/libdragon.a(display.o)
 .rodata.pal_320
                0x0000000080029d30       0x38 /home/pepsiman/n64//mips64-elf/lib/libdragon.a(display.o)
 .rodata.ntsc_320
                0x0000000080029d68       0x38 /home/pepsiman/n64//mips64-elf/lib/libdragon.a(display.o)
 .rodata.exception_default_handler.str1.8
                0x0000000080029da0      0x447 /home/pepsiman/n64//mips64-elf/lib/libdragon.a(exception.o)
 *fill*         0x000000008002a1e7        0x1 
 .rodata.str1.8
                0x000000008002a1e8      0x17e /home/pepsiman/n64//mips64-elf/lib/libdragon.a(exception.o)
 *fill*         0x000000008002a366        0x2 
 .rodata.exceptionMap.1
                0x000000008002a368       0x80 /home/pepsiman/n64//mips64-elf/lib/libdragon.a(exception.o)
 .rodata.main.str1.8
                0x000000008002a3e8       0x72 build/source/main.o
 *fill*         0x000000008002a45a        0x6 
 .rodata.__open.str1.8
                0x000000008002a460        0x2 /home/pepsiman/n64/lib/gcc/mips64-elf/12.2.0/../../../../mips64-elf/lib/libdragon.a(dragonfs.o)
 *fill*         0x000000008002a462        0x6 
 .rodata.dfs_read.str1.8
                0x000000008002a468        0xf /home/pepsiman/n64/lib/gcc/mips64-elf/12.2.0/../../../../mips64-elf/lib/libdragon.a(dragonfs.o)
                                         0x3f (size before relaxing)
 *fill*         0x000000008002a477        0x1 
 .rodata.dfs_init.str1.8
                0x000000008002a478       0x7e /home/pepsiman/n64/lib/gcc/mips64-elf/12.2.0/../../../../mips64-elf/lib/libdragon.a(dragonfs.o)
                                         0x86 (size before relaxing)
 *fill*         0x000000008002a4f6        0x2 
 .rodata.__func__.0
                0x000000008002a4f8       0x16 /home/pepsiman/n64/lib/gcc/mips64-elf/12.2.0/../../../../mips64-elf/lib/libdragon.a(dragonfs.o)
 *fill*         0x000000008002a50e        0x2 
 .rodata.__func__.1
                0x000000008002a510        0x9 /home/pepsiman/n64/lib/gcc/mips64-elf/12.2.0/../../../../mips64-elf/lib/libdragon.a(dragonfs.o)
 *fill*         0x000000008002a519        0x7 
 .rodata.controller_scan.str1.8
                0x000000008002a520       0x51 /home/pepsiman/n64/lib/gcc/mips64-elf/12.2.0/../../../../mips64-elf/lib/libdragon.a(controller.o)
 *fill*         0x000000008002a571        0x7 
 .rodata.__func__.2
                0x000000008002a578       0x10 /home/pepsiman/n64/lib/gcc/mips64-elf/12.2.0/../../../../mips64-elf/lib/libdragon.a(controller.o)
 .rodata.SI_read_con_block.9
                0x000000008002a588       0x40 /home/pepsiman/n64/lib/gcc/mips64-elf/12.2.0/../../../../mips64-elf/lib/libdragon.a(controller.o)
 .rodata.rspq_switch_buffer.part.0.str1.8
                0x000000008002a5c8       0x30 /home/pepsiman/n64/lib/gcc/mips64-elf/12.2.0/../../../../mips64-elf/lib/libdragon.a(rspq.o)
 .rodata.rspq_crash_handler.str1.8
                0x000000008002a5f8      0x1de /home/pepsiman/n64/lib/gcc/mips64-elf/12.2.0/../../../../mips64-elf/lib/libdragon.a(rspq.o)
                                        0x1e6 (size before relaxing)
 *fill*         0x000000008002a7d6        0x2 
 .rodata.rspq_assert_handler.str1.8
                0x000000008002a7d8       0x6f /home/pepsiman/n64/lib/gcc/mips64-elf/12.2.0/../../../../mips64-elf/lib/libdragon.a(rspq.o)
 *fill*         0x000000008002a847        0x1 
 .rodata.rspq_init.str1.8
                0x000000008002a848       0x1c /home/pepsiman/n64/lib/gcc/mips64-elf/12.2.0/../../../../mips64-elf/lib/libdragon.a(rspq.o)
 *fill*         0x000000008002a864        0x4 
 .rodata.rspq_next_buffer.str1.8
                0x000000008002a868       0x52 /home/pepsiman/n64/lib/gcc/mips64-elf/12.2.0/../../../../mips64-elf/lib/libdragon.a(rspq.o)
 *fill*         0x000000008002a8ba        0x6 
 .rodata.rspq_overlay_unregister.str1.8
                0x000000008002a8c0       0xbc /home/pepsiman/n64/lib/gcc/mips64-elf/12.2.0/../../../../mips64-elf/lib/libdragon.a(rspq.o)
                                         0xc4 (size before relaxing)
 *fill*         0x000000008002a97c        0x4 
 .rodata.rspq_highpri_begin.str1.8
                0x000000008002a980       0x75 /home/pepsiman/n64/lib/gcc/mips64-elf/12.2.0/../../../../mips64-elf/lib/libdragon.a(rspq.o)
 *fill*         0x000000008002a9f5        0x3 
 .rodata.rspq_highpri_end.str1.8
                0x000000008002a9f8       0x2c /home/pepsiman/n64/lib/gcc/mips64-elf/12.2.0/../../../../mips64-elf/lib/libdragon.a(rspq.o)
 *fill*         0x000000008002aa24        0x4 
 .rodata.rspq_syncpoint_new.str1.8
                0x000000008002aa28       0x4b /home/pepsiman/n64/lib/gcc/mips64-elf/12.2.0/../../../../mips64-elf/lib/libdragon.a(rspq.o)
 *fill*         0x000000008002aa73        0x5 
 .rodata.rspq_syncpoint_wait.str1.8
                0x000000008002aa78       0x52 /home/pepsiman/n64/lib/gcc/mips64-elf/12.2.0/../../../../mips64-elf/lib/libdragon.a(rspq.o)
 *fill*         0x000000008002aaca        0x6 
 .rodata.rspq_overlay_get_state.str1.8
                0x000000008002aad0      0x11d /home/pepsiman/n64/lib/gcc/mips64-elf/12.2.0/../../../../mips64-elf/lib/libdragon.a(rspq.o)
 *fill*         0x000000008002abed        0x3 
 .rodata.rspq_overlay_register_internal.str1.8
                0x000000008002abf0      0x365 /home/pepsiman/n64/lib/gcc/mips64-elf/12.2.0/../../../../mips64-elf/lib/libdragon.a(rspq.o)
                                        0x36d (size before relaxing)
 *fill*         0x000000008002af55        0x3 
 .rodata.rspq_overlay_register_static.str1.8
                0x000000008002af58       0x81 /home/pepsiman/n64/lib/gcc/mips64-elf/12.2.0/../../../../mips64-elf/lib/libdragon.a(rspq.o)
 *fill*         0x000000008002afd9        0x7 
 .rodata.__func__.1
                0x000000008002afe0       0x14 /home/pepsiman/n64/lib/gcc/mips64-elf/12.2.0/../../../../mips64-elf/lib/libdragon.a(rspq.o)
 *fill*         0x000000008002aff4        0x4 
 .rodata.__func__.2
                0x000000008002aff8       0x13 /home/pepsiman/n64/lib/gcc/mips64-elf/12.2.0/../../../../mips64-elf/lib/libdragon.a(rspq.o)
 *fill*         0x000000008002b00b        0x5 
 .rodata.__func__.8
                0x000000008002b010       0x11 /home/pepsiman/n64/lib/gcc/mips64-elf/12.2.0/../../../../mips64-elf/lib/libdragon.a(rspq.o)
 *fill*         0x000000008002b021        0x7 
 .rodata.__func__.9
                0x000000008002b028       0x13 /home/pepsiman/n64/lib/gcc/mips64-elf/12.2.0/../../../../mips64-elf/lib/libdragon.a(rspq.o)
 *fill*         0x000000008002b03b        0x5 
 .rodata.__func__.10
                0x000000008002b040       0x13 /home/pepsiman/n64/lib/gcc/mips64-elf/12.2.0/../../../../mips64-elf/lib/libdragon.a(rspq.o)
 *fill*         0x000000008002b053        0x5 
 .rodata.__func__.11
                0x000000008002b058       0x11 /home/pepsiman/n64/lib/gcc/mips64-elf/12.2.0/../../../../mips64-elf/lib/libdragon.a(rspq.o)
 *fill*         0x000000008002b069        0x7 
 .rodata.__func__.13
                0x000000008002b070       0x1d /home/pepsiman/n64/lib/gcc/mips64-elf/12.2.0/../../../../mips64-elf/lib/libdragon.a(rspq.o)
 *fill*         0x000000008002b08d        0x3 
 .rodata.__func__.14
                0x000000008002b090       0x1f /home/pepsiman/n64/lib/gcc/mips64-elf/12.2.0/../../../../mips64-elf/lib/libdragon.a(rspq.o)
 *fill*         0x000000008002b0af        0x1 
 .rodata.__func__.15
                0x000000008002b0b0       0x1f /home/pepsiman/n64/lib/gcc/mips64-elf/12.2.0/../../../../mips64-elf/lib/libdragon.a(rspq.o)
 *fill*         0x000000008002b0cf        0x1 
 .rodata.__func__.16
                0x000000008002b0d0       0x12 /home/pepsiman/n64/lib/gcc/mips64-elf/12.2.0/../../../../mips64-elf/lib/libdragon.a(rspq.o)
 *fill*         0x000000008002b0e2        0x6 
 .rodata.__func__.18
                0x000000008002b0e8        0xa /home/pepsiman/n64/lib/gcc/mips64-elf/12.2.0/../../../../mips64-elf/lib/libdragon.a(rspq.o)
 *fill*         0x000000008002b0f2        0x6 
 .rodata.__func__.19
                0x000000008002b0f8       0x13 /home/pepsiman/n64/lib/gcc/mips64-elf/12.2.0/../../../../mips64-elf/lib/libdragon.a(rspq.o)
 *fill*         0x000000008002b10b        0x5 
 .rodata.str1.8
                0x000000008002b110        0xa /home/pepsiman/n64/lib/gcc/mips64-elf/12.2.0/../../../../mips64-elf/lib/libdragon.a(rspq.o)
 *fill*         0x000000008002b11a        0x6 
 .rodata.__rdpq_interrupt.str1.8
                0x000000008002b120       0x38 /home/pepsiman/n64/lib/gcc/mips64-elf/12.2.0/../../../../mips64-elf/lib/libdragon.a(rdpq.o)
 .rodata.rdpq_assert_handler.str1.8
                0x000000008002b158       0xa7 /home/pepsiman/n64/lib/gcc/mips64-elf/12.2.0/../../../../mips64-elf/lib/libdragon.a(rdpq.o)
 *fill*         0x000000008002b1ff        0x1 
 .rodata.__rdpq_block_next_buffer.str1.8
                0x000000008002b200       0x98 /home/pepsiman/n64/lib/gcc/mips64-elf/12.2.0/../../../../mips64-elf/lib/libdragon.a(rdpq.o)
 .rodata.__func__.4
                0x000000008002b298       0x19 /home/pepsiman/n64/lib/gcc/mips64-elf/12.2.0/../../../../mips64-elf/lib/libdragon.a(rdpq.o)
 *fill*         0x000000008002b2b1        0x7 
 .rodata.__func__.5
                0x000000008002b2b8       0x11 /home/pepsiman/n64/lib/gcc/mips64-elf/12.2.0/../../../../mips64-elf/lib/libdragon.a(rdpq.o)
 *fill*         0x000000008002b2c9        0x7 
 .rodata.str1.8
                0x000000008002b2d0        0x9 /home/pepsiman/n64/lib/gcc/mips64-elf/12.2.0/../../../../mips64-elf/lib/libdragon.a(rdpq.o)
 *fill*         0x000000008002b2d9        0x7 
 .rodata.__rdpq_debug_disasm.str1.8
                0x000000008002b2e0      0xb14 /home/pepsiman/n64/lib/gcc/mips64-elf/12.2.0/../../../../mips64-elf/lib/libdragon.a(rdpq_debug.o)
                                        0xb34 (size before relaxing)
 .rodata.__rdpq_debug_disasm
                0x000000008002bdf4      0x100 /home/pepsiman/n64/lib/gcc/mips64-elf/12.2.0/../../../../mips64-elf/lib/libdragon.a(rdpq_debug.o)
 *fill*         0x000000008002bef4        0x4 
 .rodata.validate_emit_error.str1.8
                0x000000008002bef8      0x1cf /home/pepsiman/n64/lib/gcc/mips64-elf/12.2.0/../../../../mips64-elf/lib/libdragon.a(rdpq_debug.o)
                                        0x1d7 (size before relaxing)
 *fill*         0x000000008002c0c7        0x1 
 .rodata.validate_draw_cmd.str1.8
                0x000000008002c0c8      0x336 /home/pepsiman/n64/lib/gcc/mips64-elf/12.2.0/../../../../mips64-elf/lib/libdragon.a(rdpq_debug.o)
 *fill*         0x000000008002c3fe        0x2 
 .rodata.lazy_validate_rendermode.part.0.str1.8
                0x000000008002c400      0x62d /home/pepsiman/n64/lib/gcc/mips64-elf/12.2.0/../../../../mips64-elf/lib/libdragon.a(rdpq_debug.o)
 *fill*         0x000000008002ca2d        0x3 
 .rodata.use_tile.constprop.0.str1.8
                0x000000008002ca30      0x222 /home/pepsiman/n64/lib/gcc/mips64-elf/12.2.0/../../../../mips64-elf/lib/libdragon.a(rdpq_debug.o)
 *fill*         0x000000008002cc52        0x6 
 .rodata.log_coalesce_tris.str1.8
                0x000000008002cc58       0x34 /home/pepsiman/n64/lib/gcc/mips64-elf/12.2.0/../../../../mips64-elf/lib/libdragon.a(rdpq_debug.o)
 *fill*         0x000000008002cc8c        0x4 
 .rodata.rdpq_validate.str1.8
                0x000000008002cc90      0x438 /home/pepsiman/n64/lib/gcc/mips64-elf/12.2.0/../../../../mips64-elf/lib/libdragon.a(rdpq_debug.o)
                                        0x440 (size before relaxing)
 .rodata.rdpq_validate
                0x000000008002d0c8       0xe0 /home/pepsiman/n64/lib/gcc/mips64-elf/12.2.0/../../../../mips64-elf/lib/libdragon.a(rdpq_debug.o)
 .rodata.__rdpq_trace_fetch.str1.8
                0x000000008002d1a8       0xd7 /home/pepsiman/n64/lib/gcc/mips64-elf/12.2.0/../../../../mips64-elf/lib/libdragon.a(rdpq_debug.o)
 *fill*         0x000000008002d27f        0x1 
 .rodata.CSWTCH.223
                0x000000008002d280       0x78 /home/pepsiman/n64/lib/gcc/mips64-elf/12.2.0/../../../../mips64-elf/lib/libdragon.a(rdpq_debug.o)
 .rodata.__func__.1
                0x000000008002d2f8       0x14 /home/pepsiman/n64/lib/gcc/mips64-elf/12.2.0/../../../../mips64-elf/lib/libdragon.a(rdpq_debug.o)
 *fill*         0x000000008002d30c        0x4 
 .rodata.str1.8
                0x000000008002d310      0x288 /home/pepsiman/n64/lib/gcc/mips64-elf/12.2.0/../../../../mips64-elf/lib/libdragon.a(rdpq_debug.o)
                                        0x290 (size before relaxing)
 .rodata.size.3
                0x000000008002d598       0x10 /home/pepsiman/n64/lib/gcc/mips64-elf/12.2.0/../../../../mips64-elf/lib/libdragon.a(rdpq_debug.o)
 .rodata.fmt.4  0x000000008002d5a8       0x20 /home/pepsiman/n64/lib/gcc/mips64-elf/12.2.0/../../../../mips64-elf/lib/libdragon.a(rdpq_debug.o)
 .rodata.alpha_mul.5
                0x000000008002d5c8       0x20 /home/pepsiman/n64/lib/gcc/mips64-elf/12.2.0/../../../../mips64-elf/lib/libdragon.a(rdpq_debug.o)
 .rodata.rgb_add.7
                0x000000008002d5e8       0x20 /home/pepsiman/n64/lib/gcc/mips64-elf/12.2.0/../../../../mips64-elf/lib/libdragon.a(rdpq_debug.o)
 .rodata.rgb_mul.8
                0x000000008002d608       0x80 /home/pepsiman/n64/lib/gcc/mips64-elf/12.2.0/../../../../mips64-elf/lib/libdragon.a(rdpq_debug.o)
 .rodata.rgb_subb.9
                0x000000008002d688       0x40 /home/pepsiman/n64/lib/gcc/mips64-elf/12.2.0/../../../../mips64-elf/lib/libdragon.a(rdpq_debug.o)
 .rodata.rgb_suba.10
                0x000000008002d6c8       0x40 /home/pepsiman/n64/lib/gcc/mips64-elf/12.2.0/../../../../mips64-elf/lib/libdragon.a(rdpq_debug.o)
 .rodata.cvgmode.11
                0x000000008002d708       0x10 /home/pepsiman/n64/lib/gcc/mips64-elf/12.2.0/../../../../mips64-elf/lib/libdragon.a(rdpq_debug.o)
 .rodata.alphadither.12
                0x000000008002d718       0x10 /home/pepsiman/n64/lib/gcc/mips64-elf/12.2.0/../../../../mips64-elf/lib/libdragon.a(rdpq_debug.o)
 .rodata.rgbdither.13
                0x000000008002d728       0x10 /home/pepsiman/n64/lib/gcc/mips64-elf/12.2.0/../../../../mips64-elf/lib/libdragon.a(rdpq_debug.o)
 .rodata.zmode.14
                0x000000008002d738       0x10 /home/pepsiman/n64/lib/gcc/mips64-elf/12.2.0/../../../../mips64-elf/lib/libdragon.a(rdpq_debug.o)
 .rodata.blend2_a.18
                0x000000008002d748       0x10 /home/pepsiman/n64/lib/gcc/mips64-elf/12.2.0/../../../../mips64-elf/lib/libdragon.a(rdpq_debug.o)
 .rodata.blend1_b1inv.19
                0x000000008002d758       0x10 /home/pepsiman/n64/lib/gcc/mips64-elf/12.2.0/../../../../mips64-elf/lib/libdragon.a(rdpq_debug.o)
 .rodata.blend1_b2.20
                0x000000008002d768       0x10 /home/pepsiman/n64/lib/gcc/mips64-elf/12.2.0/../../../../mips64-elf/lib/libdragon.a(rdpq_debug.o)
 .rodata.blend1_b1.21
                0x000000008002d778       0x10 /home/pepsiman/n64/lib/gcc/mips64-elf/12.2.0/../../../../mips64-elf/lib/libdragon.a(rdpq_debug.o)
 .rodata.blend1_a.22
                0x000000008002d788       0x10 /home/pepsiman/n64/lib/gcc/mips64-elf/12.2.0/../../../../mips64-elf/lib/libdragon.a(rdpq_debug.o)
 .rodata.texinterp.23
                0x000000008002d798       0x10 /home/pepsiman/n64/lib/gcc/mips64-elf/12.2.0/../../../../mips64-elf/lib/libdragon.a(rdpq_debug.o)
 .rodata.cyc.25
                0x000000008002d7a8       0x10 /home/pepsiman/n64/lib/gcc/mips64-elf/12.2.0/../../../../mips64-elf/lib/libdragon.a(rdpq_debug.o)
 .rodata.__func__.29
                0x000000008002d7b8       0x13 /home/pepsiman/n64/lib/gcc/mips64-elf/12.2.0/../../../../mips64-elf/lib/libdragon.a(rdpq_debug.o)
 *fill*         0x000000008002d7cb        0x5 
 .rodata.tri_name
                0x000000008002d7d0       0x20 /home/pepsiman/n64/lib/gcc/mips64-elf/12.2.0/../../../../mips64-elf/lib/libdragon.a(rdpq_debug.o)
 .rodata.joybus_msg_send.str1.8
                0x000000008002d7f0       0x55 /home/pepsiman/n64/lib/gcc/mips64-elf/12.2.0/../../../../mips64-elf/lib/libdragon.a(joybus.o)
 *fill*         0x000000008002d845        0x3 
 .rodata.si_interrupt.str1.8
                0x000000008002d848       0x40 /home/pepsiman/n64/lib/gcc/mips64-elf/12.2.0/../../../../mips64-elf/lib/libdragon.a(joybus.o)
 .rodata.joybus_exec_async.str1.8
                0x000000008002d888       0x4a /home/pepsiman/n64/lib/gcc/mips64-elf/12.2.0/../../../../mips64-elf/lib/libdragon.a(joybus.o)
 *fill*         0x000000008002d8d2        0x6 
 .rodata.__func__.1
                0x000000008002d8d8       0x12 /home/pepsiman/n64/lib/gcc/mips64-elf/12.2.0/../../../../mips64-elf/lib/libdragon.a(joybus.o)
 *fill*         0x000000008002d8ea        0x6 
 .rodata.__func__.2
                0x000000008002d8f0       0x10 /home/pepsiman/n64/lib/gcc/mips64-elf/12.2.0/../../../../mips64-elf/lib/libdragon.a(joybus.o)
 .rodata.__func__.3
                0x000000008002d900       0x10 /home/pepsiman/n64/lib/gcc/mips64-elf/12.2.0/../../../../mips64-elf/lib/libdragon.a(joybus.o)
 .rodata.__func__.4
                0x000000008002d910        0xd /home/pepsiman/n64/lib/gcc/mips64-elf/12.2.0/../../../../mips64-elf/lib/libdragon.a(joybus.o)
 *fill*         0x000000008002d91d        0x3 
 .rodata.rsp_load_code.str1.8
                0x000000008002d920       0x47 /home/pepsiman/n64/lib/gcc/mips64-elf/12.2.0/../../../../mips64-elf/lib/libdragon.a(rsp.o)
 *fill*         0x000000008002d967        0x1 
 .rodata.rsp_load_data.str1.8
                0x000000008002d968       0x17 /home/pepsiman/n64/lib/gcc/mips64-elf/12.2.0/../../../../mips64-elf/lib/libdragon.a(rsp.o)
 *fill*         0x000000008002d97f        0x1 
 .rodata.__rsp_crash.str1.8
                0x000000008002d980      0x62f /home/pepsiman/n64/lib/gcc/mips64-elf/12.2.0/../../../../mips64-elf/lib/libdragon.a(rsp.o)
                                        0x7ef (size before relaxing)
 .rodata.rsp_wait.str1.8
                0x000000008002dfaf       0x1c /home/pepsiman/n64/lib/gcc/mips64-elf/12.2.0/../../../../mips64-elf/lib/libdragon.a(rsp.o)
 *fill*         0x000000008002dfaf        0x1 
 .rodata.__func__.0
                0x000000008002dfb0        0x9 /home/pepsiman/n64/lib/gcc/mips64-elf/12.2.0/../../../../mips64-elf/lib/libdragon.a(rsp.o)
 *fill*         0x000000008002dfb9        0x7 
 .rodata.__func__.1
                0x000000008002dfc0        0xe /home/pepsiman/n64/lib/gcc/mips64-elf/12.2.0/../../../../mips64-elf/lib/libdragon.a(rsp.o)
 *fill*         0x000000008002dfce        0x2 
 .rodata.__func__.2
                0x000000008002dfd0        0xe /home/pepsiman/n64/lib/gcc/mips64-elf/12.2.0/../../../../mips64-elf/lib/libdragon.a(rsp.o)
 *fill*         0x000000008002dfde        0x2 
 .rodata.__func__.3
                0x000000008002dfe0        0xe /home/pepsiman/n64/lib/gcc/mips64-elf/12.2.0/../../../../mips64-elf/lib/libdragon.a(rsp.o)
 *fill*         0x000000008002dfee        0x2 
 .rodata.__func__.4
                0x000000008002dff0        0xe /home/pepsiman/n64/lib/gcc/mips64-elf/12.2.0/../../../../mips64-elf/lib/libdragon.a(rsp.o)
 *fill*         0x000000008002dffe        0x2 
 .rodata.str1.8
                0x000000008002e000        0xa /home/pepsiman/n64/lib/gcc/mips64-elf/12.2.0/../../../../mips64-elf/lib/libdragon.a(rsp.o)
 .rodata.str1.8
                0x000000008002e00a        0xa /home/pepsiman/n64/lib/gcc/mips64-elf/12.2.0/../../../../mips64-elf/lib/libc.a(lib_a-puts.o)
                                          0x2 (size before relaxing)
 *fill*         0x000000008002e00a        0x6 
 .rodata.str1.8
                0x000000008002e010       0x57 /home/pepsiman/n64/lib/gcc/mips64-elf/12.2.0/../../../../mips64-elf/lib/libc.a(lib_a-svfprintf.o)
                                         0x5a (size before relaxing)
 .rodata.str1.8
                0x000000008002e067       0x5a /home/pepsiman/n64/lib/gcc/mips64-elf/12.2.0/../../../../mips64-elf/lib/libc.a(lib_a-vfprintf.o)
 *fill*         0x000000008002e067        0x1 
 .rodata.str1.8
                0x000000008002e068       0x58 /home/pepsiman/n64/lib/gcc/mips64-elf/12.2.0/../../../../mips64-elf/lib/libc.a(lib_a-dtoa.o)
                                         0x60 (size before relaxing)
 .rodata.str1.8
                0x000000008002e0c0       0x29 /home/pepsiman/n64/lib/gcc/mips64-elf/12.2.0/../../../../mips64-elf/lib/libc.a(lib_a-mprec.o)
                                         0x41 (size before relaxing)
 .rodata.str1.8
                0x000000008002e0e9       0x37 /home/pepsiman/n64/lib/gcc/mips64-elf/12.2.0/../../../../mips64-elf/lib/libc.a(lib_a-svfiprintf.o)
 .rodata.str1.8
                0x000000008002e0e9       0x37 /home/pepsiman/n64/lib/gcc/mips64-elf/12.2.0/../../../../mips64-elf/lib/libc.a(lib_a-vfiprintf.o)
 *fill*         0x000000008002e0e9        0x7 
 .rodata.str1.8
                0x000000008002e0f0       0x12 /home/pepsiman/n64/lib/gcc/mips64-elf/12.2.0/../../../../mips64-elf/lib/libc.a(lib_a-locale.o)
                                         0x1a (size before relaxing)
 *(.gnu.linkonce.r.*)
                0x000000008002e108                . = ALIGN (0x8)
 *fill*         0x000000008002e102        0x6 

.MIPS.abiflags  0x000000008002e108       0x18
 .MIPS.abiflags
                0x000000008002e108       0x18 /home/pepsiman/n64/lib/gcc/mips64-elf/12.2.0/crti.o

.rel.dyn        0x000000008002e120        0x0
 .rel.dyn       0x000000008002e120        0x0 /home/pepsiman/n64//mips64-elf/lib/libdragon.a(n64sys.o)
                0x000000008002e120                . = ALIGN (0x4)

.ctors          0x000000008002e120       0x14
                0x000000008002e120                __CTOR_LIST__ = .
 *(.ctors)
 .ctors         0x000000008002e120        0x4 /home/pepsiman/n64/lib/gcc/mips64-elf/12.2.0/crtbegin.o
 .ctors         0x000000008002e124        0x4 /home/pepsiman/n64//mips64-elf/lib/libdragon.a(n64sys.o)
 .ctors         0x000000008002e128        0x4 /home/pepsiman/n64//mips64-elf/lib/libdragon.a(interrupt.o)
 .ctors         0x000000008002e12c        0x4 /home/pepsiman/n64/lib/gcc/mips64-elf/12.2.0/../../../../mips64-elf/lib/libdragon.a(joybus.o)
 .ctors         0x000000008002e130        0x4 /home/pepsiman/n64/lib/gcc/mips64-elf/12.2.0/crtend.o
                0x000000008002e134                __CTOR_END__ = .
                0x000000008002e138                . = ALIGN (0x8)

.data           0x000000008002e138     0x20f8
                0x000000008002e138                __data_start = .
 *(.data)
 .data          0x000000008002e138      0x4f0 /home/pepsiman/n64/lib/gcc/mips64-elf/12.2.0/../../../../mips64-elf/lib/libdragon.a(rsp_queue.o)
                0x000000008002e138                rsp_queue_text_start
                0x000000008002e388                rsp_queue_text_end
                0x000000008002e388                rsp_queue_data_start
                0x000000008002e628                rsp_queue_data_end
 .data          0x000000008002e628     0x1018 /home/pepsiman/n64/lib/gcc/mips64-elf/12.2.0/../../../../mips64-elf/lib/libdragon.a(rsp_rdpq.o)
                0x000000008002e628                rsp_rdpq_text_start
                0x000000008002f180                rsp_rdpq_text_end
                0x000000008002f180                rsp_rdpq_data_start
                0x000000008002f640                rsp_rdpq_data_end
 .data          0x000000008002f640      0x1c4 /home/pepsiman/n64/lib/gcc/mips64-elf/12.2.0/../../../../mips64-elf/lib/libdragon.a(rsp_crash.o)
                0x000000008002f640                rsp_crash_text_start
                0x000000008002f800                rsp_crash_data_start
                0x000000008002f800                rsp_crash_text_end
                0x000000008002f804                rsp_crash_data_end
 *fill*         0x000000008002f804        0x4 
 .data          0x000000008002f808      0x428 /home/pepsiman/n64/lib/gcc/mips64-elf/12.2.0/../../../../mips64-elf/lib/libc.a(lib_a-impure.o)
 .data          0x000000008002fc30      0x408 /home/pepsiman/n64/lib/gcc/mips64-elf/12.2.0/../../../../mips64-elf/lib/libc.a(lib_a-mallocr.o)
                0x000000008002fc30                __malloc_av_
 .data          0x0000000080030038      0x16c /home/pepsiman/n64/lib/gcc/mips64-elf/12.2.0/../../../../mips64-elf/lib/libc.a(lib_a-locale.o)
                0x0000000080030038                __global_locale
 *(.data.*)
 *fill*         0x00000000800301a4        0x4 
 .data.dragon_fs
                0x00000000800301a8       0x24 /home/pepsiman/n64/lib/gcc/mips64-elf/12.2.0/../../../../mips64-elf/lib/libdragon.a(dragonfs.o)
 *fill*         0x00000000800301cc        0x4 
 .data.rsp_queue
                0x00000000800301d0       0x20 /home/pepsiman/n64/lib/gcc/mips64-elf/12.2.0/../../../../mips64-elf/lib/libdragon.a(rspq.o)
                0x00000000800301d0                rsp_queue
 .data.rsp_rdpq
                0x00000000800301f0       0x20 /home/pepsiman/n64/lib/gcc/mips64-elf/12.2.0/../../../../mips64-elf/lib/libdragon.a(rdpq.o)
                0x00000000800301f0                rsp_rdpq
 .data.rsp_crash
                0x0000000080030210       0x20 /home/pepsiman/n64/lib/gcc/mips64-elf/12.2.0/../../../../mips64-elf/lib/libdragon.a(rsp.o)
                0x0000000080030210                rsp_crash
 *(.gnu.linkonce.d.*)
                0x0000000080030230                . = ALIGN (0x8)

.sdata          0x0000000080030230       0xd8
                0x0000000080038230                _gp = (. + 0x8000)
 *(.sdata)
 .sdata         0x0000000080030230       0x1c /home/pepsiman/n64/lib/gcc/mips64-elf/12.2.0/../../../../mips64-elf/lib/libdragon.a(rdpq_debug.o)
 .sdata         0x000000008003024c        0x8 /home/pepsiman/n64/lib/gcc/mips64-elf/12.2.0/../../../../mips64-elf/lib/libc.a(lib_a-impure.o)
                0x000000008003024c                _global_impure_ptr
                0x0000000080030250                _impure_ptr
 .sdata         0x0000000080030254        0x8 /home/pepsiman/n64/lib/gcc/mips64-elf/12.2.0/../../../../mips64-elf/lib/libc.a(lib_a-mallocr.o)
                0x0000000080030254                __malloc_sbrk_base
                0x0000000080030258                __malloc_trim_threshold
 *fill*         0x000000008003025c        0x4 
 .sdata         0x0000000080030260        0x8 /home/pepsiman/n64/lib/gcc/mips64-elf/12.2.0/../../../../mips64-elf/lib/libc.a(lib_a-svfprintf.o)
 .sdata         0x0000000080030268        0x8 /home/pepsiman/n64/lib/gcc/mips64-elf/12.2.0/../../../../mips64-elf/lib/libc.a(lib_a-vfprintf.o)
 .sdata         0x0000000080030270       0x48 /home/pepsiman/n64/lib/gcc/mips64-elf/12.2.0/../../../../mips64-elf/lib/libc.a(lib_a-dtoa.o)
 .sdata         0x00000000800302b8       0x10 /home/pepsiman/n64/lib/gcc/mips64-elf/12.2.0/../../../../mips64-elf/lib/libc.a(lib_a-mprec.o)
 *(.sdata.*)
 .sdata.console_redirect_debug
                0x00000000800302c8        0x1 /home/pepsiman/n64//mips64-elf/lib/libdragon.a(console.o)
 *fill*         0x00000000800302c9        0x3 
 .sdata.f_color
                0x00000000800302cc        0x4 /home/pepsiman/n64//mips64-elf/lib/libdragon.a(graphics.o)
 .sdata.__bootcic
                0x00000000800302d0        0x4 /home/pepsiman/n64//mips64-elf/lib/libdragon.a(n64sys.o)
                0x00000000800302d0                __bootcic
 .sdata.__interrupt_depth
                0x00000000800302d4        0x4 /home/pepsiman/n64//mips64-elf/lib/libdragon.a(interrupt.o)
 .sdata.now_showing
                0x00000000800302d8        0x4 /home/pepsiman/n64//mips64-elf/lib/libdragon.a(display.o)
 .sdata.__buffers
                0x00000000800302dc        0x4 /home/pepsiman/n64//mips64-elf/lib/libdragon.a(display.o)
 .sdata.__exception_handler
                0x00000000800302e0        0x4 /home/pepsiman/n64//mips64-elf/lib/libdragon.a(exception.o)
 .sdata.handle.2
                0x00000000800302e4        0x4 /home/pepsiman/n64//mips64-elf/lib/libdragonsys.a(system.o)
 .sdata.next_handle.2
                0x00000000800302e8        0x4 /home/pepsiman/n64/lib/gcc/mips64-elf/12.2.0/../../../../mips64-elf/lib/libdragon.a(dragonfs.o)
 .sdata._num_buf
                0x00000000800302ec        0x4 /home/pepsiman/n64/lib/gcc/mips64-elf/12.2.0/../../../../mips64-elf/lib/libdragon.a(audio.o)
 .sdata.flush_strategy
                0x00000000800302f0        0x4 /home/pepsiman/n64/lib/gcc/mips64-elf/12.2.0/../../../../mips64-elf/lib/libdragon.a(rdp.o)
 *fill*         0x00000000800302f4        0x4 
 .sdata.dummy_header.17
                0x00000000800302f8        0x8 /home/pepsiman/n64/lib/gcc/mips64-elf/12.2.0/../../../../mips64-elf/lib/libdragon.a(rspq.o)
 .sdata.yuv1.24
                0x0000000080030300        0x8 /home/pepsiman/n64/lib/gcc/mips64-elf/12.2.0/../../../../mips64-elf/lib/libdragon.a(rdpq_debug.o)
 *(.gnu.linkonce.s.*)
                0x0000000080030308                . = ALIGN (0x8)

.lit8           0x0000000080030308        0x0
 *(.lit8)
                0x0000000080030308                . = ALIGN (0x8)

.lit4           0x0000000080030308        0x0
 *(.lit4)
                0x0000000080030308                . = ALIGN (0x8)
                0x0000000080030308                __data_end = .

.sbss           0x0000000080030308      0x130
                0x0000000080030308                __bss_start = .
 *(.sbss)
 .sbss          0x0000000080030308        0x4 /home/pepsiman/n64//mips64-elf/lib/libdragon.a(inthandler.o)
 .sbss          0x000000008003030c        0xc /home/pepsiman/n64/lib/gcc/mips64-elf/12.2.0/../../../../mips64-elf/lib/libc.a(lib_a-mallocr.o)
                0x000000008003030c                __malloc_max_total_mem
                0x0000000080030310                __malloc_max_sbrked_mem
                0x0000000080030314                __malloc_top_pad
 *(.sbss.*)
 .sbss.dc.0     0x0000000080030318        0x4 /home/pepsiman/n64//mips64-elf/lib/libdragon.a(console.o)
 .sbss.render_now
                0x000000008003031c        0x4 /home/pepsiman/n64//mips64-elf/lib/libdragon.a(console.o)
 .sbss.render_buffer
                0x0000000080030320        0x4 /home/pepsiman/n64//mips64-elf/lib/libdragon.a(console.o)
 .sbss.b_color  0x0000000080030324        0x4 /home/pepsiman/n64//mips64-elf/lib/libdragon.a(graphics.o)
 .sbss.last_spritemap
                0x0000000080030328        0x4 /home/pepsiman/n64//mips64-elf/lib/libdragon.a(sprite.o)
 .sbss.__bbplayer
                0x000000008003032c        0x4 /home/pepsiman/n64//mips64-elf/lib/libdragon.a(n64sys.o)
                0x000000008003032c                __bbplayer
 .sbss.last_cart_interrupt_count
                0x0000000080030330        0x4 /home/pepsiman/n64//mips64-elf/lib/libdragon.a(interrupt.o)
 .sbss.CART_callback
                0x0000000080030334        0x4 /home/pepsiman/n64//mips64-elf/lib/libdragon.a(interrupt.o)
                0x0000000080030334                CART_callback
 .sbss.TI_callback
                0x0000000080030338        0x4 /home/pepsiman/n64//mips64-elf/lib/libdragon.a(interrupt.o)
                0x0000000080030338                TI_callback
 .sbss.SP_callback
                0x000000008003033c        0x4 /home/pepsiman/n64//mips64-elf/lib/libdragon.a(interrupt.o)
                0x000000008003033c                SP_callback
 .sbss.SI_callback
                0x0000000080030340        0x4 /home/pepsiman/n64//mips64-elf/lib/libdragon.a(interrupt.o)
                0x0000000080030340                SI_callback
 .sbss.DP_callback
                0x0000000080030344        0x4 /home/pepsiman/n64//mips64-elf/lib/libdragon.a(interrupt.o)
                0x0000000080030344                DP_callback
 .sbss.PI_callback
                0x0000000080030348        0x4 /home/pepsiman/n64//mips64-elf/lib/libdragon.a(interrupt.o)
                0x0000000080030348                PI_callback
 .sbss.VI_callback
                0x000000008003034c        0x4 /home/pepsiman/n64//mips64-elf/lib/libdragon.a(interrupt.o)
                0x000000008003034c                VI_callback
 .sbss.AI_callback
                0x0000000080030350        0x4 /home/pepsiman/n64//mips64-elf/lib/libdragon.a(interrupt.o)
                0x0000000080030350                AI_callback
 .sbss.interrupt_disabled_tick
                0x0000000080030354        0x4 /home/pepsiman/n64//mips64-elf/lib/libdragon.a(interrupt.o)
                0x0000000080030354                interrupt_disabled_tick
 .sbss.__interrupt_sr
                0x0000000080030358        0x4 /home/pepsiman/n64//mips64-elf/lib/libdragon.a(interrupt.o)
 .sbss.ready_mask
                0x000000008003035c        0x4 /home/pepsiman/n64//mips64-elf/lib/libdragon.a(display.o)
 .sbss.drawing_mask
                0x0000000080030360        0x4 /home/pepsiman/n64//mips64-elf/lib/libdragon.a(display.o)
 .sbss.__height
                0x0000000080030364        0x4 /home/pepsiman/n64//mips64-elf/lib/libdragon.a(display.o)
 .sbss.__width  0x0000000080030368        0x4 /home/pepsiman/n64//mips64-elf/lib/libdragon.a(display.o)
 .sbss.__bitdepth
                0x000000008003036c        0x4 /home/pepsiman/n64//mips64-elf/lib/libdragon.a(display.o)
 .sbss.surfaces
                0x0000000080030370        0x4 /home/pepsiman/n64//mips64-elf/lib/libdragon.a(display.o)
 .sbss.__prenmi_tick
                0x0000000080030374        0x4 /home/pepsiman/n64//mips64-elf/lib/libdragon.a(exception.o)
 .sbss.heap_top.0
                0x0000000080030378        0x4 /home/pepsiman/n64//mips64-elf/lib/libdragonsys.a(system.o)
 .sbss.heap_end.1
                0x000000008003037c        0x4 /home/pepsiman/n64//mips64-elf/lib/libdragonsys.a(system.o)
 .sbss.__assert_func_ptr
                0x0000000080030380        0x4 /home/pepsiman/n64//mips64-elf/lib/libdragonsys.a(system.o)
                0x0000000080030380                __assert_func_ptr
 .sbss.errno    0x0000000080030384        0x4 /home/pepsiman/n64//mips64-elf/lib/libdragonsys.a(system.o)
                0x0000000080030384                errno
 .sbss.state    0x0000000080030388        0x4 build/source/main.o
                0x0000000080030388                state
 .sbss.next_entry
                0x000000008003038c        0x4 /home/pepsiman/n64/lib/gcc/mips64-elf/12.2.0/../../../../mips64-elf/lib/libdragon.a(dragonfs.o)
 .sbss.directory_top
                0x0000000080030390        0x4 /home/pepsiman/n64/lib/gcc/mips64-elf/12.2.0/../../../../mips64-elf/lib/libdragon.a(dragonfs.o)
 .sbss.base_ptr
                0x0000000080030394        0x4 /home/pepsiman/n64/lib/gcc/mips64-elf/12.2.0/../../../../mips64-elf/lib/libdragon.a(dragonfs.o)
 .sbss.buf_full
                0x0000000080030398        0x4 /home/pepsiman/n64/lib/gcc/mips64-elf/12.2.0/../../../../mips64-elf/lib/libdragon.a(audio.o)
 .sbss.now_writing
                0x000000008003039c        0x4 /home/pepsiman/n64/lib/gcc/mips64-elf/12.2.0/../../../../mips64-elf/lib/libdragon.a(audio.o)
 .sbss.now_empty
                0x00000000800303a0        0x4 /home/pepsiman/n64/lib/gcc/mips64-elf/12.2.0/../../../../mips64-elf/lib/libdragon.a(audio.o)
 .sbss.playing_queue
                0x00000000800303a4        0x4 /home/pepsiman/n64/lib/gcc/mips64-elf/12.2.0/../../../../mips64-elf/lib/libdragon.a(audio.o)
 .sbss.now_playing
                0x00000000800303a8        0x4 /home/pepsiman/n64/lib/gcc/mips64-elf/12.2.0/../../../../mips64-elf/lib/libdragon.a(audio.o)
 .sbss._paused  0x00000000800303ac        0x1 /home/pepsiman/n64/lib/gcc/mips64-elf/12.2.0/../../../../mips64-elf/lib/libdragon.a(audio.o)
 *fill*         0x00000000800303ad        0x3 
 .sbss._fill_buffer_callback
                0x00000000800303b0        0x4 /home/pepsiman/n64/lib/gcc/mips64-elf/12.2.0/../../../../mips64-elf/lib/libdragon.a(audio.o)
 .sbss.buffers_orig
                0x00000000800303b4        0x4 /home/pepsiman/n64/lib/gcc/mips64-elf/12.2.0/../../../../mips64-elf/lib/libdragon.a(audio.o)
 .sbss.buffers  0x00000000800303b8        0x4 /home/pepsiman/n64/lib/gcc/mips64-elf/12.2.0/../../../../mips64-elf/lib/libdragon.a(audio.o)
 .sbss._buf_size
                0x00000000800303bc        0x4 /home/pepsiman/n64/lib/gcc/mips64-elf/12.2.0/../../../../mips64-elf/lib/libdragon.a(audio.o)
 .sbss._frequency
                0x00000000800303c0        0x4 /home/pepsiman/n64/lib/gcc/mips64-elf/12.2.0/../../../../mips64-elf/lib/libdragon.a(audio.o)
 .sbss.controller_inited
                0x00000000800303c4        0x1 /home/pepsiman/n64/lib/gcc/mips64-elf/12.2.0/../../../../mips64-elf/lib/libdragon.a(controller.o)
 .sbss.controller_autoscan_in_progress
                0x00000000800303c5        0x1 /home/pepsiman/n64/lib/gcc/mips64-elf/12.2.0/../../../../mips64-elf/lib/libdragon.a(controller.o)
 *fill*         0x00000000800303c6        0x2 
 .sbss.dummy_overlay_state
                0x00000000800303c8        0x8 /home/pepsiman/n64/lib/gcc/mips64-elf/12.2.0/../../../../mips64-elf/lib/libdragon.a(rspq.o)
 .sbss.rspq_is_running
                0x00000000800303d0        0x1 /home/pepsiman/n64/lib/gcc/mips64-elf/12.2.0/../../../../mips64-elf/lib/libdragon.a(rspq.o)
 *fill*         0x00000000800303d1        0x3 
 .sbss.rspq_syncpoints_done